Archive member included because of file (symbol)

BSP/\libhal_bsp.a(alt_load.o)
                              BSP//obj/HAL/src/crt0.o (alt_load)
BSP/\libhal_bsp.a(alt_main.o)
                              BSP//obj/HAL/src/crt0.o (alt_main)
BSP/\libhal_bsp.a(alt_printf.o)
                              obj/default//C/tse_tutorial/app_software/tse_tutorial.o (alt_printf)
BSP/\libhal_bsp.a(alt_putchar.o)
                              BSP/\libhal_bsp.a(alt_printf.o) (alt_putchar)
BSP/\libhal_bsp.a(alt_sys_init.o)
                              BSP/\libhal_bsp.a(alt_main.o) (alt_sys_init)
BSP/\libhal_bsp.a(altera_avalon_jtag_uart_fd.o)
                              BSP/\libhal_bsp.a(alt_sys_init.o) (altera_avalon_jtag_uart_ioctl_fd)
BSP/\libhal_bsp.a(altera_avalon_jtag_uart_init.o)
                              BSP/\libhal_bsp.a(altera_avalon_jtag_uart_fd.o) (altera_avalon_jtag_uart_close)
BSP/\libhal_bsp.a(altera_avalon_jtag_uart_ioctl.o)
                              BSP/\libhal_bsp.a(altera_avalon_jtag_uart_fd.o) (altera_avalon_jtag_uart_ioctl)
BSP/\libhal_bsp.a(altera_avalon_jtag_uart_read.o)
                              BSP/\libhal_bsp.a(altera_avalon_jtag_uart_fd.o) (altera_avalon_jtag_uart_read)
BSP/\libhal_bsp.a(altera_avalon_jtag_uart_write.o)
                              BSP/\libhal_bsp.a(altera_avalon_jtag_uart_fd.o) (altera_avalon_jtag_uart_write)
BSP/\libhal_bsp.a(altera_avalon_sgdma.o)
                              BSP/\libhal_bsp.a(alt_sys_init.o) (alt_avalon_sgdma_init)
BSP/\libhal_bsp.a(alt_alarm_start.o)
                              BSP/\libhal_bsp.a(altera_avalon_jtag_uart_init.o) (alt_alarm_start)
BSP/\libhal_bsp.a(alt_close.o)
                              BSP/\libhal_bsp.a(alt_main.o) (close)
BSP/\libhal_bsp.a(alt_dcache_flush_all.o)
                              BSP/\libhal_bsp.a(alt_load.o) (alt_dcache_flush_all)
BSP/\libhal_bsp.a(alt_dev.o)  BSP/\libhal_bsp.a(alt_sys_init.o) (alt_dev_list)
BSP/\libhal_bsp.a(alt_dev_llist_insert.o)
                              BSP/\libhal_bsp.a(alt_sys_init.o) (alt_dev_llist_insert)
BSP/\libhal_bsp.a(alt_errno.o)
                              BSP/\libhal_bsp.a(altera_avalon_sgdma.o) (alt_errno)
BSP/\libhal_bsp.a(alt_find_dev.o)
                              BSP/\libhal_bsp.a(altera_avalon_sgdma.o) (alt_find_dev)
BSP/\libhal_bsp.a(alt_icache_flush_all.o)
                              BSP/\libhal_bsp.a(alt_load.o) (alt_icache_flush_all)
BSP/\libhal_bsp.a(alt_iic.o)  BSP/\libhal_bsp.a(altera_avalon_jtag_uart_init.o) (alt_ic_isr_register)
BSP/\libhal_bsp.a(alt_iic_isr_register.o)
                              BSP/\libhal_bsp.a(alt_iic.o) (alt_iic_isr_register)
BSP/\libhal_bsp.a(alt_io_redirect.o)
                              BSP/\libhal_bsp.a(alt_main.o) (alt_io_redirect)
BSP/\libhal_bsp.a(alt_irq_entry.o)
                              BSP/\libhal_bsp.a(alt_iic_isr_register.o) (alt_irq_entry)
BSP/\libhal_bsp.a(alt_irq_handler.o)
                              BSP/\libhal_bsp.a(alt_iic_isr_register.o) (alt_irq_handler)
BSP/\libhal_bsp.a(alt_irq_vars.o)
                              BSP/\libhal_bsp.a(alt_iic.o) (alt_irq_active)
BSP/\libhal_bsp.a(alt_open.o)
                              BSP/\libhal_bsp.a(alt_io_redirect.o) (open)
BSP/\libhal_bsp.a(alt_release_fd.o)
                              BSP/\libhal_bsp.a(alt_close.o) (alt_release_fd)
BSP/\libhal_bsp.a(alt_remap_uncached.o)
                              BSP/\libhal_bsp.a(altera_avalon_sgdma.o) (alt_remap_uncached)
BSP/\libhal_bsp.a(alt_tick.o)
                              BSP/\libhal_bsp.a(alt_alarm_start.o) (alt_alarm_list)
BSP/\libhal_bsp.a(altera_nios2_qsys_irq.o)
                              BSP/\libhal_bsp.a(alt_sys_init.o) (altera_nios2_qsys_irq_init)
BSP/\libhal_bsp.a(alt_dcache_flush.o)
                              BSP/\libhal_bsp.a(alt_remap_uncached.o) (alt_dcache_flush)
BSP/\libhal_bsp.a(alt_exception_entry.o)
                              BSP/\libhal_bsp.a(alt_irq_entry.o) (alt_exception)
BSP/\libhal_bsp.a(alt_find_file.o)
                              BSP/\libhal_bsp.a(alt_open.o) (alt_find_file)
BSP/\libhal_bsp.a(alt_get_fd.o)
                              BSP/\libhal_bsp.a(alt_open.o) (alt_get_fd)
BSP/\libhal_bsp.a(alt_icache_flush.o)
                              BSP/\libhal_bsp.a(alt_icache_flush_all.o) (alt_icache_flush)
c:/altera/13.0/nios2eds/bin/gnu/h-i686-mingw32/bin/../lib/gcc/nios2-elf/4.1.2/../../../../nios2-elf/lib\libc.a(lib_a-exit.o)
                              BSP/\libhal_bsp.a(alt_main.o) (exit)
c:/altera/13.0/nios2eds/bin/gnu/h-i686-mingw32/bin/../lib/gcc/nios2-elf/4.1.2/../../../../nios2-elf/lib\libc.a(lib_a-impure.o)
                              BSP/\libhal_bsp.a(alt_putchar.o) (_impure_ptr)
c:/altera/13.0/nios2eds/bin/gnu/h-i686-mingw32/bin/../lib/gcc/nios2-elf/4.1.2/../../../../nios2-elf/lib\libc.a(lib_a-int_errno.o)
                              BSP/\libhal_bsp.a(altera_avalon_sgdma.o) (errno)
[...]
Memory Configuration

Name             Origin             Length             Attributes
reset            0x00080000         0x00000020
main_memory      0x00080020         0x000493c0
descriptor_memory 0x00100000         0x00001000
*default*        0x00000000         0xffffffff

Linker script and memory map

LOAD BSP//obj/HAL/src/crt0.o
LOAD obj/default//C/tse_tutorial/app_software/tse_tutorial.o
LOAD c:/altera/13.0/nios2eds/bin/gnu/h-i686-mingw32/bin/../lib/gcc/nios2-elf/4.1.2/../../../../nios2-elf/lib\libstdc++.a
LOAD c:/altera/13.0/nios2eds/bin/gnu/h-i686-mingw32/bin/../lib/gcc/nios2-elf/4.1.2/../../../../nios2-elf/lib\libm.a
LOAD c:/altera/13.0/nios2eds/bin/gnu/h-i686-mingw32/bin/../lib/gcc/nios2-elf/4.1.2\libgcc.a
START GROUP
LOAD c:/altera/13.0/nios2eds/bin/gnu/h-i686-mingw32/bin/../lib/gcc/nios2-elf/4.1.2/../../../../nios2-elf/lib\libc.a
LOAD c:/altera/13.0/nios2eds/bin/gnu/h-i686-mingw32/bin/../lib/gcc/nios2-elf/4.1.2\libgcc.a
LOAD BSP/\libhal_bsp.a
END GROUP
LOAD c:/altera/13.0/nios2eds/bin/gnu/h-i686-mingw32/bin/../lib/gcc/nios2-elf/4.1.2\libgcc.a
                0x00080000                __alt_mem_main_memory = 0x80000
                0x00100000                __alt_mem_descriptor_memory = 0x100000

.entry          0x00080000       0x20
 *(.entry)
 .entry         0x00080000       0x20 BSP//obj/HAL/src/crt0.o
                0x00080000                __reset

.exceptions     0x00080020      0x148
                0x00080020                PROVIDE (__ram_exceptions_start, ABSOLUTE (.))
                0x00080020                . = ALIGN (0x20)
 *(.irq)
 *(.exceptions.entry.label)
 .exceptions.entry.label
                0x00080020        0x0 BSP/\libhal_bsp.a(alt_irq_entry.o)
                0x00080020                alt_irq_entry
 .exceptions.entry.label
                0x00080020        0x0 BSP/\libhal_bsp.a(alt_exception_entry.o)
                0x00080020                alt_exception
 *(.exceptions.entry.user)
 *(.exceptions.entry)
 .exceptions.entry
                0x00080020       0x54 BSP/\libhal_bsp.a(alt_exception_entry.o)
 *(.exceptions.irqtest.user)
 *(.exceptions.irqtest)
 .exceptions.irqtest
                0x00080074       0x10 BSP/\libhal_bsp.a(alt_irq_entry.o)
 *(.exceptions.irqhandler.user)
 *(.exceptions.irqhandler)
 .exceptions.irqhandler
                0x00080084        0x4 BSP/\libhal_bsp.a(alt_irq_entry.o)
 *(.exceptions.irqreturn.user)
 *(.exceptions.irqreturn)
 .exceptions.irqreturn
                0x00080088        0x4 BSP/\libhal_bsp.a(alt_irq_entry.o)
 *(.exceptions.notirq.label)
 .exceptions.notirq.label
                0x0008008c        0x0 BSP/\libhal_bsp.a(alt_irq_entry.o)
 *(.exceptions.notirq.user)
 *(.exceptions.notirq)
 .exceptions.notirq
                0x0008008c        0x8 BSP/\libhal_bsp.a(alt_exception_entry.o)
 *(.exceptions.soft.user)
 *(.exceptions.soft)
 *(.exceptions.unknown.user)
 *(.exceptions.unknown)
 .exceptions.unknown
                0x00080094        0x4 BSP/\libhal_bsp.a(alt_exception_entry.o)
 *(.exceptions.exit.label)
 .exceptions.exit.label
                0x00080098        0x0 BSP/\libhal_bsp.a(alt_irq_entry.o)
 .exceptions.exit.label
                0x00080098        0x0 BSP/\libhal_bsp.a(alt_exception_entry.o)
 *(.exceptions.exit.user)
 *(.exceptions.exit)
 .exceptions.exit
                0x00080098       0x54 BSP/\libhal_bsp.a(alt_exception_entry.o)
 *(.exceptions)
 .exceptions    0x000800ec       0x7c BSP/\libhal_bsp.a(alt_irq_handler.o)
                0x000800ec                alt_irq_handler
                0x00080168                PROVIDE (__ram_exceptions_end, ABSOLUTE (.))
                0x00080020                PROVIDE (__flash_exceptions_start, LOADADDR (.exceptions))

.text           0x00080168     0x40f4
                0x00080168                PROVIDE (stext, ABSOLUTE (.))
 *(.interp)
 *(.hash)
 *(.dynsym)
 *(.dynstr)
 *(.gnu.version)
 *(.gnu.version_d)
 *(.gnu.version_r)
 *(.rel.init)
 *(.rela.init)
 *(.rel.text .rel.text.* .rel.gnu.linkonce.t.*)
 *(.rela.text .rela.text.* .rela.gnu.linkonce.t.*)
 *(.rel.fini)
 *(.rela.fini)
 *(.rel.rodata .rel.rodata.* .rel.gnu.linkonce.r.*)
 *(.rela.rodata .rela.rodata.* .rela.gnu.linkonce.r.*)
 *(.rel.data .rel.data.* .rel.gnu.linkonce.d.*)
 *(.rela.data .rela.data.* .rela.gnu.linkonce.d.*)
 *(.rel.tdata .rel.tdata.* .rel.gnu.linkonce.td.*)
 *(.rela.tdata .rela.tdata.* .rela.gnu.linkonce.td.*)
 *(.rel.tbss .rel.tbss.* .rel.gnu.linkonce.tb.*)
 *(.rela.tbss .rela.tbss.* .rela.gnu.linkonce.tb.*)
 *(.rel.ctors)
 *(.rela.ctors)
 *(.rel.dtors)
 *(.rela.dtors)
 *(.rel.got)
 *(.rela.got)
 *(.rel.sdata .rel.sdata.* .rel.gnu.linkonce.s.*)
 *(.rela.sdata .rela.sdata.* .rela.gnu.linkonce.s.*)
 *(.rel.sbss .rel.sbss.* .rel.gnu.linkonce.sb.*)
 *(.rela.sbss .rela.sbss.* .rela.gnu.linkonce.sb.*)
 *(.rel.sdata2 .rel.sdata2.* .rel.gnu.linkonce.s2.*)
 *(.rela.sdata2 .rela.sdata2.* .rela.gnu.linkonce.s2.*)
 *(.rel.sbss2 .rel.sbss2.* .rel.gnu.linkonce.sb2.*)
 *(.rela.sbss2 .rela.sbss2.* .rela.gnu.linkonce.sb2.*)
 *(.rel.bss .rel.bss.* .rel.gnu.linkonce.b.*)
 *(.rela.bss .rela.bss.* .rela.gnu.linkonce.b.*)
 *(.rel.plt)
 *(.rela.plt)
 *(.rel.dyn)
 *(.init)
 *(.plt)
 *(.text .stub .text.* .gnu.linkonce.t.*)
 .text          0x00080168       0x3c BSP//obj/HAL/src/crt0.o
                0x00080168                _start
 .text          0x000801a4      0x258 obj/default//C/tse_tutorial/app_software/tse_tutorial.o
                0x000801a4                rx_ethernet_isr
                0x00080200                main
 .text          0x000803fc       0xc4 BSP/\libhal_bsp.a(alt_load.o)
                0x000803fc                alt_load
 .text          0x000804c0       0x50 BSP/\libhal_bsp.a(alt_main.o)
                0x000804c0                alt_main
 .text          0x00080510      0x1dc BSP/\libhal_bsp.a(alt_printf.o)
                0x00080510                alt_printf
 .text          0x000806ec       0x28 BSP/\libhal_bsp.a(alt_putchar.o)
                0x000806ec                alt_putchar
 .text          0x00080714       0x8c BSP/\libhal_bsp.a(alt_sys_init.o)
                0x00080714                alt_sys_init
                0x00080780                alt_irq_init
 .text          0x000807a0       0x98 BSP/\libhal_bsp.a(altera_avalon_jtag_uart_fd.o)
                0x000807a0                altera_avalon_jtag_uart_ioctl_fd
                0x000807c0                altera_avalon_jtag_uart_close_fd
                0x000807e8                altera_avalon_jtag_uart_write_fd
                0x00080810                altera_avalon_jtag_uart_read_fd
 .text          0x00080838      0x240 BSP/\libhal_bsp.a(altera_avalon_jtag_uart_init.o)
                0x00080838                altera_avalon_jtag_uart_close
                0x000808c4                altera_avalon_jtag_uart_init
 .text          0x00080a78       0x74 BSP/\libhal_bsp.a(altera_avalon_jtag_uart_ioctl.o)
                0x00080a78                altera_avalon_jtag_uart_ioctl
 .text          0x00080aec      0x168 BSP/\libhal_bsp.a(altera_avalon_jtag_uart_read.o)
                0x00080aec                altera_avalon_jtag_uart_read
 .text          0x00080c54      0x17c BSP/\libhal_bsp.a(altera_avalon_jtag_uart_write.o)
                0x00080c54                altera_avalon_jtag_uart_write
 .text          0x00080dd0      0x644 BSP/\libhal_bsp.a(altera_avalon_sgdma.o)
                0x00080dd0                alt_avalon_sgdma_register_callback
                0x00080de0                alt_avalon_sgdma_init
                0x00080e74                alt_avalon_sgdma_disable_desc_poll
                0x00080e94                alt_avalon_sgdma_enable_desc_poll
                0x00080ec4                alt_avalon_sgdma_stop
                0x00080ee0                alt_avalon_sgdma_start
                0x00080ef8                alt_avalon_sgdma_do_sync_transfer
                0x00080f8c                alt_avalon_sgdma_do_async_transfer
                0x00081090                alt_avalon_sgdma_construct_descriptor_burst
                0x000811bc                alt_avalon_sgdma_construct_descriptor
                0x00081204                alt_avalon_sgdma_construct_mem_to_stream_desc_burst
                0x00081254                alt_avalon_sgdma_construct_mem_to_stream_desc
                0x00081294                alt_avalon_sgdma_construct_stream_to_mem_desc_burst
                0x000812e0                alt_avalon_sgdma_construct_stream_to_mem_desc
                0x00081308                alt_avalon_sgdma_construct_mem_to_mem_desc_burst
                0x00081350                alt_avalon_sgdma_construct_mem_to_mem_desc
                0x00081388                alt_avalon_sgdma_open
                0x000813e4                alt_avalon_sgdma_check_descriptor_status
 .text          0x00081414       0x94 BSP/\libhal_bsp.a(alt_alarm_start.o)
                0x00081414                alt_alarm_start
 .text          0x000814a8       0xdc BSP/\libhal_bsp.a(alt_close.o)
                0x000814a8                close
 .text          0x00081584        0x4 BSP/\libhal_bsp.a(alt_dcache_flush_all.o)
                0x00081584                alt_dcache_flush_all
 .text          0x00081588        0x8 BSP/\libhal_bsp.a(alt_dev.o)
 .text          0x00081590       0x70 BSP/\libhal_bsp.a(alt_dev_llist_insert.o)
                0x00081590                alt_dev_llist_insert
 .text          0x00081600        0x0 BSP/\libhal_bsp.a(alt_errno.o)
 .text          0x00081600       0x70 BSP/\libhal_bsp.a(alt_find_dev.o)
                0x00081600                alt_find_dev
 .text          0x00081670       0x20 BSP/\libhal_bsp.a(alt_icache_flush_all.o)
                0x00081670                alt_icache_flush_all
 .text          0x00081690       0xb8 BSP/\libhal_bsp.a(alt_iic.o)
                0x00081690                alt_ic_irq_enabled
                0x000816a8                alt_ic_irq_enable
                0x000816e8                alt_ic_irq_disable
                0x00081728                alt_ic_isr_register
 .text          0x00081748       0x68 BSP/\libhal_bsp.a(alt_iic_isr_register.o)
                0x00081748                alt_iic_isr_register
 .text          0x000817b0       0xfc BSP/\libhal_bsp.a(alt_io_redirect.o)
                0x00081814                alt_io_redirect
 .text          0x000818ac        0x0 BSP/\libhal_bsp.a(alt_irq_entry.o)
 .text          0x000818ac        0x0 BSP/\libhal_bsp.a(alt_irq_handler.o)
 .text          0x000818ac        0x0 BSP/\libhal_bsp.a(alt_irq_vars.o)
 .text          0x000818ac      0x17c BSP/\libhal_bsp.a(alt_open.o)
                0x000818ac                open
 .text          0x00081a28       0x24 BSP/\libhal_bsp.a(alt_release_fd.o)
                0x00081a28                alt_release_fd
 .text          0x00081a4c       0x28 BSP/\libhal_bsp.a(alt_remap_uncached.o)
                0x00081a4c                alt_remap_uncached
 .text          0x00081a74       0xe0 BSP/\libhal_bsp.a(alt_tick.o)
                0x00081a74                alt_alarm_stop
                0x00081aa8                alt_tick
 .text          0x00081b54        0x8 BSP/\libhal_bsp.a(altera_nios2_qsys_irq.o)
                0x00081b54                altera_nios2_qsys_irq_init
 .text          0x00081b5c        0x4 BSP/\libhal_bsp.a(alt_dcache_flush.o)
                0x00081b5c                alt_dcache_flush
 .text          0x00081b60        0x0 BSP/\libhal_bsp.a(alt_exception_entry.o)
 .text          0x00081b60       0xbc BSP/\libhal_bsp.a(alt_find_file.o)
                0x00081b60                alt_find_file
 .text          0x00081c1c       0x6c BSP/\libhal_bsp.a(alt_get_fd.o)
                0x00081c1c                alt_get_fd
 .text          0x00081c88       0x3c BSP/\libhal_bsp.a(alt_icache_flush.o)
                0x00081c88                alt_icache_flush
 .text          0x00081cc4       0x38 c:/altera/13.0/nios2eds/bin/gnu/h-i686-mingw32/bin/../lib/gcc/nios2-elf/4.1.2/../../../../nios2-elf/lib\libc.a(lib_a-exit.o)
                0x00081cc4                exit
 .text          0x00081cfc        0x0 c:/altera/13.0/nios2eds/bin/gnu/h-i686-mingw32/bin/../lib/gcc/nios2-elf/4.1.2/../../../../nios2-elf/lib\libc.a(lib_a-impure.o)
 .text          0x00081cfc        0x0 c:/altera/13.0/nios2eds/bin/gnu/h-i686-mingw32/bin/../lib/gcc/nios2-elf/4.1.2/../../../../nios2-elf/lib\libc.a(lib_a-int_errno.o)
 .text          0x00081cfc       0x74 c:/altera/13.0/nios2eds/bin/gnu/h-i686-mingw32/bin/../lib/gcc/nios2-elf/4.1.2/../../../../nios2-elf/lib\libc.a(lib_a-memcmp.o)
                0x00081cfc                memcmp
 .text          0x00081d70       0xa0 c:/altera/13.0/nios2eds/bin/gnu/h-i686-mingw32/bin/../lib/gcc/nios2-elf/4.1.2/../../../../nios2-elf/lib\libc.a(lib_a-memcpy.o)
                0x00081d70                memcpy
 .text          0x00081e10      0x1ec c:/altera/13.0/nios2eds/bin/gnu/h-i686-mingw32/bin/../lib/gcc/nios2-elf/4.1.2/../../../../nios2-elf/lib\libc.a(lib_a-putc.o)
                0x00081e10                putc
                0x00081f14                _putc_r
 .text          0x00081ffc       0x74 c:/altera/13.0/nios2eds/bin/gnu/h-i686-mingw32/bin/../lib/gcc/nios2-elf/4.1.2/../../../../nios2-elf/lib\libc.a(lib_a-strlen.o)
                0x00081ffc                strlen
 .text          0x00082070      0x14c c:/altera/13.0/nios2eds/bin/gnu/h-i686-mingw32/bin/../lib/gcc/nios2-elf/4.1.2/../../../../nios2-elf/lib\libc.a(lib_a-wbuf.o)
                0x00082070                __swbuf_r
                0x000821a0                __swbuf
 .text          0x000821bc      0x13c c:/altera/13.0/nios2eds/bin/gnu/h-i686-mingw32/bin/../lib/gcc/nios2-elf/4.1.2/../../../../nios2-elf/lib\libc.a(lib_a-wsetup.o)
                0x000821bc                __swsetup_r
 .text          0x000822f8      0x1b4 c:/altera/13.0/nios2eds/bin/gnu/h-i686-mingw32/bin/../lib/gcc/nios2-elf/4.1.2/../../../../nios2-elf/lib\libc.a(lib_a-__call_atexit.o)
                0x000822fc                __call_exitprocs
 .text          0x000824ac      0x230 c:/altera/13.0/nios2eds/bin/gnu/h-i686-mingw32/bin/../lib/gcc/nios2-elf/4.1.2/../../../../nios2-elf/lib\libc.a(lib_a-fflush.o)
                0x000824ac                _fflush_r
                0x000826a8                fflush
 .text          0x000826dc      0x2c0 c:/altera/13.0/nios2eds/bin/gnu/h-i686-mingw32/bin/../lib/gcc/nios2-elf/4.1.2/../../../../nios2-elf/lib\libc.a(lib_a-findfp.o)
                0x00082734                __sfp_lock_acquire
                0x00082738                __sfp_lock_release
                0x0008273c                __sinit_lock_acquire
                0x00082740                __sinit_lock_release
                0x00082744                __sinit
                0x000827f8                __fp_unlock_all
                0x00082810                __fp_lock_all
                0x00082828                _cleanup_r
                0x00082834                _cleanup
                0x00082844                __sfmoreglue
                0x000828ac                __sfp
 .text          0x0008299c      0x440 c:/altera/13.0/nios2eds/bin/gnu/h-i686-mingw32/bin/../lib/gcc/nios2-elf/4.1.2/../../../../nios2-elf/lib\libc.a(lib_a-freer.o)
                0x0008299c                _malloc_trim_r
                0x00082ac8                _free_r
 .text          0x00082ddc      0x180 c:/altera/13.0/nios2eds/bin/gnu/h-i686-mingw32/bin/../lib/gcc/nios2-elf/4.1.2/../../../../nios2-elf/lib\libc.a(lib_a-fwalk.o)
                0x00082ddc                _fwalk_reent
                0x00082ea4                _fwalk
 .text          0x00082f5c      0x194 c:/altera/13.0/nios2eds/bin/gnu/h-i686-mingw32/bin/../lib/gcc/nios2-elf/4.1.2/../../../../nios2-elf/lib\libc.a(lib_a-makebuf.o)
                0x00082f5c                __smakebuf_r
 .text          0x000830f0      0x740 c:/altera/13.0/nios2eds/bin/gnu/h-i686-mingw32/bin/../lib/gcc/nios2-elf/4.1.2/../../../../nios2-elf/lib\libc.a(lib_a-mallocr.o)
                0x000830f0                _malloc_r
 .text          0x00083830       0x98 c:/altera/13.0/nios2eds/bin/gnu/h-i686-mingw32/bin/../lib/gcc/nios2-elf/4.1.2/../../../../nios2-elf/lib\libc.a(lib_a-memset.o)
                0x00083830                memset
 .text          0x000838c8       0x70 c:/altera/13.0/nios2eds/bin/gnu/h-i686-mingw32/bin/../lib/gcc/nios2-elf/4.1.2/../../../../nios2-elf/lib\libc.a(lib_a-sbrkr.o)
                0x000838c8                _sbrk_r
 .text          0x00083938      0x14c c:/altera/13.0/nios2eds/bin/gnu/h-i686-mingw32/bin/../lib/gcc/nios2-elf/4.1.2/../../../../nios2-elf/lib\libc.a(lib_a-stdio.o)
                0x00083938                __sclose
                0x00083940                __sseek
                0x000839a8                __swrite
                0x00083a24                __sread
 .text          0x00083a84       0x78 c:/altera/13.0/nios2eds/bin/gnu/h-i686-mingw32/bin/../lib/gcc/nios2-elf/4.1.2/../../../../nios2-elf/lib\libc.a(lib_a-writer.o)
                0x00083a84                _write_r
 .text          0x00083afc       0x70 c:/altera/13.0/nios2eds/bin/gnu/h-i686-mingw32/bin/../lib/gcc/nios2-elf/4.1.2/../../../../nios2-elf/lib\libc.a(lib_a-closer.o)
                0x00083afc                _close_r
 .text          0x00083b6c      0x124 c:/altera/13.0/nios2eds/bin/gnu/h-i686-mingw32/bin/../lib/gcc/nios2-elf/4.1.2/../../../../nios2-elf/lib\libc.a(lib_a-fclose.o)
                0x00083b6c                _fclose_r
                0x00083c7c                fclose
 .text          0x00083c90       0x74 c:/altera/13.0/nios2eds/bin/gnu/h-i686-mingw32/bin/../lib/gcc/nios2-elf/4.1.2/../../../../nios2-elf/lib\libc.a(lib_a-fstatr.o)
                0x00083c90                _fstat_r
 .text          0x00083d04       0x70 c:/altera/13.0/nios2eds/bin/gnu/h-i686-mingw32/bin/../lib/gcc/nios2-elf/4.1.2/../../../../nios2-elf/lib\libc.a(lib_a-isattyr.o)
                0x00083d04                _isatty_r
 .text          0x00083d74       0x78 c:/altera/13.0/nios2eds/bin/gnu/h-i686-mingw32/bin/../lib/gcc/nios2-elf/4.1.2/../../../../nios2-elf/lib\libc.a(lib_a-lseekr.o)
                0x00083d74                _lseek_r
 .text          0x00083dec       0x78 c:/altera/13.0/nios2eds/bin/gnu/h-i686-mingw32/bin/../lib/gcc/nios2-elf/4.1.2/../../../../nios2-elf/lib\libc.a(lib_a-readr.o)
                0x00083dec                _read_r
 .text          0x00083e64       0x14 BSP/\libhal_bsp.a(alt_exit.o)
                0x00083e64                _exit
 .text          0x00083e78       0x80 BSP/\libhal_bsp.a(alt_fstat.o)
                0x00083e78                fstat
 .text          0x00083ef8       0x84 BSP/\libhal_bsp.a(alt_isatty.o)
                0x00083ef8                isatty
 .text          0x00083f7c       0x98 BSP/\libhal_bsp.a(alt_lseek.o)
                0x00083f7c                lseek
 .text          0x00084014        0x8 BSP/\libhal_bsp.a(alt_malloc_lock.o)
                0x00084014                __malloc_lock
                0x00084018                __malloc_unlock
 .text          0x0008401c       0xf8 BSP/\libhal_bsp.a(alt_read.o)
                0x0008401c                read
 .text          0x00084114       0x50 BSP/\libhal_bsp.a(alt_sbrk.o)
                0x00084114                sbrk
 .text          0x00084164       0xf4 BSP/\libhal_bsp.a(alt_write.o)
                0x00084164                write
 *(.gnu.warning.*)
 *(.fini)
                0x00084258                PROVIDE (__etext, ABSOLUTE (.))
                0x00084258                PROVIDE (_etext, ABSOLUTE (.))
                0x00084258                PROVIDE (etext, ABSOLUTE (.))
 *(.eh_frame_hdr)
                0x00084258                . = ALIGN (0x4)
                0x00084258                PROVIDE (__preinit_array_start, ABSOLUTE (.))
 *(.preinit_array)
                0x00084258                PROVIDE (__preinit_array_end, ABSOLUTE (.))
                0x00084258                PROVIDE (__init_array_start, ABSOLUTE (.))
 *(.init_array)
                0x00084258                PROVIDE (__init_array_end, ABSOLUTE (.))
                0x00084258                PROVIDE (__fini_array_start, ABSOLUTE (.))
 *(.fini_array)
                0x00084258                PROVIDE (__fini_array_end, ABSOLUTE (.))
 *(.eh_frame)
 *(.gcc_except_table)
 *(.dynamic)
                0x00084258                PROVIDE (__CTOR_LIST__, ABSOLUTE (.))
 *(.ctors)
 *(SORT(.ctors.*))
 .ctors.65535   0x00084258        0x4 c:/altera/13.0/nios2eds/bin/gnu/h-i686-mingw32/bin/../lib/gcc/nios2-elf/4.1.2/../../../../nios2-elf/lib\libc.a(lib_a-__call_atexit.o)
                0x0008425c                PROVIDE (__CTOR_END__, ABSOLUTE (.))
                0x0008425c                PROVIDE (__DTOR_LIST__, ABSOLUTE (.))
 *(.dtors)
 *(SORT(.dtors.*))
                0x0008425c                PROVIDE (__DTOR_END__, ABSOLUTE (.))
 *(.jcr)
                0x0008425c                . = ALIGN (0x4)

.rodata         0x0008425c      0x118
                0x0008425c                PROVIDE (__ram_rodata_start, ABSOLUTE (.))
                0x0008425c                . = ALIGN (0x4)
 *(.rodata .rodata.* .gnu.linkonce.r.*)
 .rodata.str1.4
                0x0008425c       0xf7 obj/default//C/tse_tutorial/app_software/tse_tutorial.o
                                 0xf8 (size before relaxing)
 *fill*         0x00084353        0x1 00
 .rodata.str1.4
                0x00084354        0xf BSP/\libhal_bsp.a(alt_main.o)
                                 0x10 (size before relaxing)
 .rodata.str1.4
                0x00000000       0x30 BSP/\libhal_bsp.a(alt_sys_init.o)
 *fill*         0x00084363        0x1 00
 .rodata.str1.4
                0x00084364        0xa BSP/\libhal_bsp.a(alt_dev.o)
                                  0xc (size before relaxing)
 *fill*         0x0008436e        0x2 00
 .rodata.str1.4
                0x00084370        0x4 c:/altera/13.0/nios2eds/bin/gnu/h-i686-mingw32/bin/../lib/gcc/nios2-elf/4.1.2/../../../../nios2-elf/lib\libc.a(lib_a-impure.o)
 *(.rodata1)
                0x00084374                . = ALIGN (0x4)
                0x00084374                PROVIDE (__ram_rodata_end, ABSOLUTE (.))
                0x0008425c                PROVIDE (__flash_rodata_start, LOADADDR (.rodata))

.rwdata         0x00084374     0x3ab0 load address 0x00087e24
                0x00084374                PROVIDE (__ram_rwdata_start, ABSOLUTE (.))
                0x00084374                . = ALIGN (0x4)
 *(.got.plt)
 *(.got)
 *(.data1)
 *(.data .data.* .gnu.linkonce.d.*)
 .data          0x00084374        0x0 BSP//obj/HAL/src/crt0.o
 .data          0x00084374     0x2000 obj/default//C/tse_tutorial/app_software/tse_tutorial.o
                0x00084374                tx_frame
 .data          0x00086374        0x0 BSP/\libhal_bsp.a(alt_load.o)
 .data          0x00086374        0x0 BSP/\libhal_bsp.a(alt_main.o)
 .data          0x00086374        0x0 BSP/\libhal_bsp.a(alt_printf.o)
 .data          0x00086374        0x0 BSP/\libhal_bsp.a(alt_putchar.o)
 .data          0x00086374     0x10c0 BSP/\libhal_bsp.a(alt_sys_init.o)
 .data          0x00087434        0x0 BSP/\libhal_bsp.a(altera_avalon_jtag_uart_fd.o)
 .data          0x00087434        0x0 BSP/\libhal_bsp.a(altera_avalon_jtag_uart_init.o)
 .data          0x00087434        0x0 BSP/\libhal_bsp.a(altera_avalon_jtag_uart_ioctl.o)
 .data          0x00087434        0x0 BSP/\libhal_bsp.a(altera_avalon_jtag_uart_read.o)
 .data          0x00087434        0x0 BSP/\libhal_bsp.a(altera_avalon_jtag_uart_write.o)
 .data          0x00087434        0x0 BSP/\libhal_bsp.a(altera_avalon_sgdma.o)
 .data          0x00087434        0x0 BSP/\libhal_bsp.a(alt_alarm_start.o)
 .data          0x00087434        0x0 BSP/\libhal_bsp.a(alt_close.o)
 .data          0x00087434        0x0 BSP/\libhal_bsp.a(alt_dcache_flush_all.o)
 .data          0x00087434      0x1a8 BSP/\libhal_bsp.a(alt_dev.o)
                0x00087434                alt_dev_null
                0x0008745c                alt_fd_list
 .data          0x000875dc        0x0 BSP/\libhal_bsp.a(alt_dev_llist_insert.o)
 .data          0x000875dc        0x0 BSP/\libhal_bsp.a(alt_errno.o)
 .data          0x000875dc        0x0 BSP/\libhal_bsp.a(alt_find_dev.o)
 .data          0x000875dc        0x0 BSP/\libhal_bsp.a(alt_icache_flush_all.o)
 .data          0x000875dc        0x0 BSP/\libhal_bsp.a(alt_iic.o)
 .data          0x000875dc        0x0 BSP/\libhal_bsp.a(alt_iic_isr_register.o)
 .data          0x000875dc        0x0 BSP/\libhal_bsp.a(alt_io_redirect.o)
 .data          0x000875dc        0x0 BSP/\libhal_bsp.a(alt_irq_entry.o)
 .data          0x000875dc        0x0 BSP/\libhal_bsp.a(alt_irq_handler.o)
 .data          0x000875dc        0x0 BSP/\libhal_bsp.a(alt_irq_vars.o)
 .data          0x000875dc        0x0 BSP/\libhal_bsp.a(alt_open.o)
 .data          0x000875dc        0x0 BSP/\libhal_bsp.a(alt_release_fd.o)
 .data          0x000875dc        0x0 BSP/\libhal_bsp.a(alt_remap_uncached.o)
 .data          0x000875dc        0x0 BSP/\libhal_bsp.a(alt_tick.o)
 .data          0x000875dc        0x0 BSP/\libhal_bsp.a(altera_nios2_qsys_irq.o)
 .data          0x000875dc        0x0 BSP/\libhal_bsp.a(alt_dcache_flush.o)
 .data          0x000875dc        0x0 BSP/\libhal_bsp.a(alt_exception_entry.o)
 .data          0x000875dc        0x0 BSP/\libhal_bsp.a(alt_find_file.o)
 .data          0x000875dc        0x0 BSP/\libhal_bsp.a(alt_get_fd.o)
 .data          0x000875dc        0x0 BSP/\libhal_bsp.a(alt_icache_flush.o)
 .data          0x000875dc        0x0 c:/altera/13.0/nios2eds/bin/gnu/h-i686-mingw32/bin/../lib/gcc/nios2-elf/4.1.2/../../../../nios2-elf/lib\libc.a(lib_a-exit.o)
 .data          0x000875dc      0x400 c:/altera/13.0/nios2eds/bin/gnu/h-i686-mingw32/bin/../lib/gcc/nios2-elf/4.1.2/../../../../nios2-elf/lib\libc.a(lib_a-impure.o)
 .data          0x000879dc        0x0 c:/altera/13.0/nios2eds/bin/gnu/h-i686-mingw32/bin/../lib/gcc/nios2-elf/4.1.2/../../../../nios2-elf/lib\libc.a(lib_a-int_errno.o)
 .data          0x000879dc        0x0 c:/altera/13.0/nios2eds/bin/gnu/h-i686-mingw32/bin/../lib/gcc/nios2-elf/4.1.2/../../../../nios2-elf/lib\libc.a(lib_a-memcmp.o)
 .data          0x000879dc        0x0 c:/altera/13.0/nios2eds/bin/gnu/h-i686-mingw32/bin/../lib/gcc/nios2-elf/4.1.2/../../../../nios2-elf/lib\libc.a(lib_a-memcpy.o)
 .data          0x000879dc        0x0 c:/altera/13.0/nios2eds/bin/gnu/h-i686-mingw32/bin/../lib/gcc/nios2-elf/4.1.2/../../../../nios2-elf/lib\libc.a(lib_a-putc.o)
 .data          0x000879dc        0x0 c:/altera/13.0/nios2eds/bin/gnu/h-i686-mingw32/bin/../lib/gcc/nios2-elf/4.1.2/../../../../nios2-elf/lib\libc.a(lib_a-strlen.o)
 .data          0x000879dc        0x0 c:/altera/13.0/nios2eds/bin/gnu/h-i686-mingw32/bin/../lib/gcc/nios2-elf/4.1.2/../../../../nios2-elf/lib\libc.a(lib_a-wbuf.o)
 .data          0x000879dc        0x0 c:/altera/13.0/nios2eds/bin/gnu/h-i686-mingw32/bin/../lib/gcc/nios2-elf/4.1.2/../../../../nios2-elf/lib\libc.a(lib_a-wsetup.o)
 .data          0x000879dc        0x0 c:/altera/13.0/nios2eds/bin/gnu/h-i686-mingw32/bin/../lib/gcc/nios2-elf/4.1.2/../../../../nios2-elf/lib\libc.a(lib_a-__call_atexit.o)
 .data          0x000879dc        0x0 c:/altera/13.0/nios2eds/bin/gnu/h-i686-mingw32/bin/../lib/gcc/nios2-elf/4.1.2/../../../../nios2-elf/lib\libc.a(lib_a-fflush.o)
 .data          0x000879dc        0x0 c:/altera/13.0/nios2eds/bin/gnu/h-i686-mingw32/bin/../lib/gcc/nios2-elf/4.1.2/../../../../nios2-elf/lib\libc.a(lib_a-findfp.o)
 .data          0x000879dc        0x0 c:/altera/13.0/nios2eds/bin/gnu/h-i686-mingw32/bin/../lib/gcc/nios2-elf/4.1.2/../../../../nios2-elf/lib\libc.a(lib_a-freer.o)
 .data          0x000879dc        0x0 c:/altera/13.0/nios2eds/bin/gnu/h-i686-mingw32/bin/../lib/gcc/nios2-elf/4.1.2/../../../../nios2-elf/lib\libc.a(lib_a-fwalk.o)
 .data          0x000879dc        0x0 c:/altera/13.0/nios2eds/bin/gnu/h-i686-mingw32/bin/../lib/gcc/nios2-elf/4.1.2/../../../../nios2-elf/lib\libc.a(lib_a-makebuf.o)
 .data          0x000879dc      0x408 c:/altera/13.0/nios2eds/bin/gnu/h-i686-mingw32/bin/../lib/gcc/nios2-elf/4.1.2/../../../../nios2-elf/lib\libc.a(lib_a-mallocr.o)
                0x000879dc                __malloc_av_
 .data          0x00087de4        0x0 c:/altera/13.0/nios2eds/bin/gnu/h-i686-mingw32/bin/../lib/gcc/nios2-elf/4.1.2/../../../../nios2-elf/lib\libc.a(lib_a-memset.o)
 .data          0x00087de4        0x0 c:/altera/13.0/nios2eds/bin/gnu/h-i686-mingw32/bin/../lib/gcc/nios2-elf/4.1.2/../../../../nios2-elf/lib\libc.a(lib_a-sbrkr.o)
 .data          0x00087de4        0x0 c:/altera/13.0/nios2eds/bin/gnu/h-i686-mingw32/bin/../lib/gcc/nios2-elf/4.1.2/../../../../nios2-elf/lib\libc.a(lib_a-stdio.o)
 .data          0x00087de4        0x0 c:/altera/13.0/nios2eds/bin/gnu/h-i686-mingw32/bin/../lib/gcc/nios2-elf/4.1.2/../../../../nios2-elf/lib\libc.a(lib_a-writer.o)
 .data          0x00087de4        0x0 c:/altera/13.0/nios2eds/bin/gnu/h-i686-mingw32/bin/../lib/gcc/nios2-elf/4.1.2/../../../../nios2-elf/lib\libc.a(lib_a-closer.o)
 .data          0x00087de4        0x0 c:/altera/13.0/nios2eds/bin/gnu/h-i686-mingw32/bin/../lib/gcc/nios2-elf/4.1.2/../../../../nios2-elf/lib\libc.a(lib_a-fclose.o)
 .data          0x00087de4        0x0 c:/altera/13.0/nios2eds/bin/gnu/h-i686-mingw32/bin/../lib/gcc/nios2-elf/4.1.2/../../../../nios2-elf/lib\libc.a(lib_a-fstatr.o)
 .data          0x00087de4        0x0 c:/altera/13.0/nios2eds/bin/gnu/h-i686-mingw32/bin/../lib/gcc/nios2-elf/4.1.2/../../../../nios2-elf/lib\libc.a(lib_a-isattyr.o)
 .data          0x00087de4        0x0 c:/altera/13.0/nios2eds/bin/gnu/h-i686-mingw32/bin/../lib/gcc/nios2-elf/4.1.2/../../../../nios2-elf/lib\libc.a(lib_a-lseekr.o)
 .data          0x00087de4        0x0 c:/altera/13.0/nios2eds/bin/gnu/h-i686-mingw32/bin/../lib/gcc/nios2-elf/4.1.2/../../../../nios2-elf/lib\libc.a(lib_a-readr.o)
 .data          0x00087de4        0x0 BSP/\libhal_bsp.a(alt_exit.o)
 .data          0x00087de4        0x0 BSP/\libhal_bsp.a(alt_fstat.o)
 .data          0x00087de4        0x0 BSP/\libhal_bsp.a(alt_isatty.o)
 .data          0x00087de4        0x0 BSP/\libhal_bsp.a(alt_lseek.o)
 .data          0x00087de4        0x0 BSP/\libhal_bsp.a(alt_malloc_lock.o)
 .data          0x00087de4        0x0 BSP/\libhal_bsp.a(alt_read.o)
 .data          0x00087de4        0x0 BSP/\libhal_bsp.a(alt_sbrk.o)
 .data          0x00087de4        0x0 BSP/\libhal_bsp.a(alt_write.o)
                0x0008fde4                _gp = ABSOLUTE ((. + 0x8000))
                0x0008fde4                PROVIDE (gp, _gp)
 *(.rwdata .rwdata.*)
 *(.sdata .sdata.* .gnu.linkonce.s.*)
 .sdata         0x00087de4        0x8 BSP/\libhal_bsp.a(altera_avalon_sgdma.o)
                0x00087de4                alt_sgdma_list
 .sdata         0x00087dec       0x14 BSP/\libhal_bsp.a(alt_dev.o)
                0x00087dec                alt_fs_list
                0x00087df4                alt_dev_list
                0x00087dfc                alt_max_fd
 .sdata         0x00087e00        0x4 BSP/\libhal_bsp.a(alt_errno.o)
                0x00087e00                alt_errno
 .sdata         0x00087e04        0x4 BSP/\libhal_bsp.a(alt_irq_vars.o)
                0x00087e04                alt_priority_mask
 .sdata         0x00087e08        0x8 BSP/\libhal_bsp.a(alt_tick.o)
                0x00087e08                alt_alarm_list
 .sdata         0x00087e10        0x8 c:/altera/13.0/nios2eds/bin/gnu/h-i686-mingw32/bin/../lib/gcc/nios2-elf/4.1.2/../../../../nios2-elf/lib\libc.a(lib_a-impure.o)
                0x00087e10                _impure_ptr
                0x00087e14                _global_impure_ptr
 .sdata         0x00087e18        0x8 c:/altera/13.0/nios2eds/bin/gnu/h-i686-mingw32/bin/../lib/gcc/nios2-elf/4.1.2/../../../../nios2-elf/lib\libc.a(lib_a-mallocr.o)
                0x00087e18                __malloc_trim_threshold
                0x00087e1c                __malloc_sbrk_base
 .sdata         0x00087e20        0x4 BSP/\libhal_bsp.a(alt_sbrk.o)
 *(.sdata2 .sdata2.* .gnu.linkonce.s2.*)
                0x00087e24                . = ALIGN (0x4)
                0x00087e24                _edata = ABSOLUTE (.)
                0x00087e24                PROVIDE (edata, ABSOLUTE (.))
                0x00087e24                PROVIDE (__ram_rwdata_end, ABSOLUTE (.))
                0x00087e24                PROVIDE (__flash_rwdata_start, LOADADDR (.rwdata))

.bss            0x0008b8d4     0x215c
                0x0008b8d4                __bss_start = ABSOLUTE (.)
                0x0008b8d4                PROVIDE (__sbss_start, ABSOLUTE (.))
                0x0008b8d4                PROVIDE (___sbss_start, ABSOLUTE (.))
 *(.dynsbss)
 *(.sbss .sbss.* .gnu.linkonce.sb.*)
 .sbss          0x0008b8d4        0xc obj/default//C/tse_tutorial/app_software/tse_tutorial.o
                0x0008b8d4                sgdma_tx_dev
                0x0008b8d8                text_length
                0x0008b8dc                sgdma_rx_dev
 .sbss          0x0008b8e0        0xc BSP/\libhal_bsp.a(alt_main.o)
                0x0008b8e0                alt_argc
                0x0008b8e4                alt_argv
                0x0008b8e8                alt_envp
 .sbss          0x0008b8ec        0x4 BSP/\libhal_bsp.a(alt_irq_vars.o)
                0x0008b8ec                alt_irq_active
 .sbss          0x0008b8f0        0x8 BSP/\libhal_bsp.a(alt_tick.o)
                0x0008b8f0                _alt_tick_rate
                0x0008b8f4                _alt_nticks
 .sbss          0x0008b8f8        0x4 c:/altera/13.0/nios2eds/bin/gnu/h-i686-mingw32/bin/../lib/gcc/nios2-elf/4.1.2/../../../../nios2-elf/lib\libc.a(lib_a-int_errno.o)
                0x0008b8f8                errno
 .sbss          0x0008b8fc        0xc c:/altera/13.0/nios2eds/bin/gnu/h-i686-mingw32/bin/../lib/gcc/nios2-elf/4.1.2/../../../../nios2-elf/lib\libc.a(lib_a-mallocr.o)
                0x0008b8fc                __malloc_top_pad
                0x0008b900                __malloc_max_sbrked_mem
                0x0008b904                __malloc_max_total_mem
 *(.sbss2 .sbss2.* .gnu.linkonce.sb2.*)
 *(.scommon)
                0x0008b908                PROVIDE (__sbss_end, ABSOLUTE (.))
                0x0008b908                PROVIDE (___sbss_end, ABSOLUTE (.))
 *(.dynbss)
 *(.bss .bss.* .gnu.linkonce.b.*)
 .bss           0x0008b908        0x0 BSP//obj/HAL/src/crt0.o
 .bss           0x0008b908     0x2000 obj/default//C/tse_tutorial/app_software/tse_tutorial.o
                0x0008b908                rx_frame
 .bss           0x0008d908        0x0 BSP/\libhal_bsp.a(alt_load.o)
 .bss           0x0008d908        0x0 BSP/\libhal_bsp.a(alt_main.o)
 .bss           0x0008d908        0x0 BSP/\libhal_bsp.a(alt_printf.o)
 .bss           0x0008d908        0x0 BSP/\libhal_bsp.a(alt_putchar.o)
 .bss           0x0008d908        0x0 BSP/\libhal_bsp.a(alt_sys_init.o)
 .bss           0x0008d908        0x0 BSP/\libhal_bsp.a(altera_avalon_jtag_uart_fd.o)
 .bss           0x0008d908        0x0 BSP/\libhal_bsp.a(altera_avalon_jtag_uart_init.o)
 .bss           0x0008d908        0x0 BSP/\libhal_bsp.a(altera_avalon_jtag_uart_ioctl.o)
 .bss           0x0008d908        0x0 BSP/\libhal_bsp.a(altera_avalon_jtag_uart_read.o)
 .bss           0x0008d908        0x0 BSP/\libhal_bsp.a(altera_avalon_jtag_uart_write.o)
 .bss           0x0008d908        0x0 BSP/\libhal_bsp.a(altera_avalon_sgdma.o)
 .bss           0x0008d908        0x0 BSP/\libhal_bsp.a(alt_alarm_start.o)
 .bss           0x0008d908        0x0 BSP/\libhal_bsp.a(alt_close.o)
 .bss           0x0008d908        0x0 BSP/\libhal_bsp.a(alt_dcache_flush_all.o)
 .bss           0x0008d908        0x0 BSP/\libhal_bsp.a(alt_dev.o)
 .bss           0x0008d908        0x0 BSP/\libhal_bsp.a(alt_dev_llist_insert.o)
 .bss           0x0008d908        0x0 BSP/\libhal_bsp.a(alt_errno.o)
 .bss           0x0008d908        0x0 BSP/\libhal_bsp.a(alt_find_dev.o)
 .bss           0x0008d908        0x0 BSP/\libhal_bsp.a(alt_icache_flush_all.o)
 .bss           0x0008d908        0x0 BSP/\libhal_bsp.a(alt_iic.o)
 .bss           0x0008d908        0x0 BSP/\libhal_bsp.a(alt_iic_isr_register.o)
 .bss           0x0008d908        0x0 BSP/\libhal_bsp.a(alt_io_redirect.o)
 .bss           0x0008d908        0x0 BSP/\libhal_bsp.a(alt_irq_entry.o)
 .bss           0x0008d908        0x0 BSP/\libhal_bsp.a(alt_irq_handler.o)
 .bss           0x0008d908        0x0 BSP/\libhal_bsp.a(alt_irq_vars.o)
 .bss           0x0008d908        0x0 BSP/\libhal_bsp.a(alt_open.o)
 .bss           0x0008d908        0x0 BSP/\libhal_bsp.a(alt_release_fd.o)
 .bss           0x0008d908        0x0 BSP/\libhal_bsp.a(alt_remap_uncached.o)
 .bss           0x0008d908        0x0 BSP/\libhal_bsp.a(alt_tick.o)
 .bss           0x0008d908        0x0 BSP/\libhal_bsp.a(altera_nios2_qsys_irq.o)
 .bss           0x0008d908        0x0 BSP/\libhal_bsp.a(alt_dcache_flush.o)
 .bss           0x0008d908        0x0 BSP/\libhal_bsp.a(alt_exception_entry.o)
 .bss           0x0008d908        0x0 BSP/\libhal_bsp.a(alt_find_file.o)
 .bss           0x0008d908        0x0 BSP/\libhal_bsp.a(alt_get_fd.o)
 .bss           0x0008d908        0x0 BSP/\libhal_bsp.a(alt_icache_flush.o)
 .bss           0x0008d908        0x0 c:/altera/13.0/nios2eds/bin/gnu/h-i686-mingw32/bin/../lib/gcc/nios2-elf/4.1.2/../../../../nios2-elf/lib\libc.a(lib_a-exit.o)
 .bss           0x0008d908        0x0 c:/altera/13.0/nios2eds/bin/gnu/h-i686-mingw32/bin/../lib/gcc/nios2-elf/4.1.2/../../../../nios2-elf/lib\libc.a(lib_a-impure.o)
 .bss           0x0008d908        0x0 c:/altera/13.0/nios2eds/bin/gnu/h-i686-mingw32/bin/../lib/gcc/nios2-elf/4.1.2/../../../../nios2-elf/lib\libc.a(lib_a-int_errno.o)
 .bss           0x0008d908        0x0 c:/altera/13.0/nios2eds/bin/gnu/h-i686-mingw32/bin/../lib/gcc/nios2-elf/4.1.2/../../../../nios2-elf/lib\libc.a(lib_a-memcmp.o)
 .bss           0x0008d908        0x0 c:/altera/13.0/nios2eds/bin/gnu/h-i686-mingw32/bin/../lib/gcc/nios2-elf/4.1.2/../../../../nios2-elf/lib\libc.a(lib_a-memcpy.o)
 .bss           0x0008d908        0x0 c:/altera/13.0/nios2eds/bin/gnu/h-i686-mingw32/bin/../lib/gcc/nios2-elf/4.1.2/../../../../nios2-elf/lib\libc.a(lib_a-putc.o)
 .bss           0x0008d908        0x0 c:/altera/13.0/nios2eds/bin/gnu/h-i686-mingw32/bin/../lib/gcc/nios2-elf/4.1.2/../../../../nios2-elf/lib\libc.a(lib_a-strlen.o)
 .bss           0x0008d908        0x0 c:/altera/13.0/nios2eds/bin/gnu/h-i686-mingw32/bin/../lib/gcc/nios2-elf/4.1.2/../../../../nios2-elf/lib\libc.a(lib_a-wbuf.o)
 .bss           0x0008d908        0x0 c:/altera/13.0/nios2eds/bin/gnu/h-i686-mingw32/bin/../lib/gcc/nios2-elf/4.1.2/../../../../nios2-elf/lib\libc.a(lib_a-wsetup.o)
 .bss           0x0008d908        0x0 c:/altera/13.0/nios2eds/bin/gnu/h-i686-mingw32/bin/../lib/gcc/nios2-elf/4.1.2/../../../../nios2-elf/lib\libc.a(lib_a-__call_atexit.o)
 .bss           0x0008d908        0x0 c:/altera/13.0/nios2eds/bin/gnu/h-i686-mingw32/bin/../lib/gcc/nios2-elf/4.1.2/../../../../nios2-elf/lib\libc.a(lib_a-fflush.o)
 .bss           0x0008d908        0x0 c:/altera/13.0/nios2eds/bin/gnu/h-i686-mingw32/bin/../lib/gcc/nios2-elf/4.1.2/../../../../nios2-elf/lib\libc.a(lib_a-findfp.o)
 .bss           0x0008d908        0x0 c:/altera/13.0/nios2eds/bin/gnu/h-i686-mingw32/bin/../lib/gcc/nios2-elf/4.1.2/../../../../nios2-elf/lib\libc.a(lib_a-freer.o)
 .bss           0x0008d908        0x0 c:/altera/13.0/nios2eds/bin/gnu/h-i686-mingw32/bin/../lib/gcc/nios2-elf/4.1.2/../../../../nios2-elf/lib\libc.a(lib_a-fwalk.o)
 .bss           0x0008d908        0x0 c:/altera/13.0/nios2eds/bin/gnu/h-i686-mingw32/bin/../lib/gcc/nios2-elf/4.1.2/../../../../nios2-elf/lib\libc.a(lib_a-makebuf.o)
 .bss           0x0008d908       0x28 c:/altera/13.0/nios2eds/bin/gnu/h-i686-mingw32/bin/../lib/gcc/nios2-elf/4.1.2/../../../../nios2-elf/lib\libc.a(lib_a-mallocr.o)
                0x0008d908                __malloc_current_mallinfo
 .bss           0x0008d930        0x0 c:/altera/13.0/nios2eds/bin/gnu/h-i686-mingw32/bin/../lib/gcc/nios2-elf/4.1.2/../../../../nios2-elf/lib\libc.a(lib_a-memset.o)
 .bss           0x0008d930        0x0 c:/altera/13.0/nios2eds/bin/gnu/h-i686-mingw32/bin/../lib/gcc/nios2-elf/4.1.2/../../../../nios2-elf/lib\libc.a(lib_a-sbrkr.o)
 .bss           0x0008d930        0x0 c:/altera/13.0/nios2eds/bin/gnu/h-i686-mingw32/bin/../lib/gcc/nios2-elf/4.1.2/../../../../nios2-elf/lib\libc.a(lib_a-stdio.o)
 .bss           0x0008d930        0x0 c:/altera/13.0/nios2eds/bin/gnu/h-i686-mingw32/bin/../lib/gcc/nios2-elf/4.1.2/../../../../nios2-elf/lib\libc.a(lib_a-writer.o)
 .bss           0x0008d930        0x0 c:/altera/13.0/nios2eds/bin/gnu/h-i686-mingw32/bin/../lib/gcc/nios2-elf/4.1.2/../../../../nios2-elf/lib\libc.a(lib_a-closer.o)
 .bss           0x0008d930        0x0 c:/altera/13.0/nios2eds/bin/gnu/h-i686-mingw32/bin/../lib/gcc/nios2-elf/4.1.2/../../../../nios2-elf/lib\libc.a(lib_a-fclose.o)
 .bss           0x0008d930        0x0 c:/altera/13.0/nios2eds/bin/gnu/h-i686-mingw32/bin/../lib/gcc/nios2-elf/4.1.2/../../../../nios2-elf/lib\libc.a(lib_a-fstatr.o)
 .bss           0x0008d930        0x0 c:/altera/13.0/nios2eds/bin/gnu/h-i686-mingw32/bin/../lib/gcc/nios2-elf/4.1.2/../../../../nios2-elf/lib\libc.a(lib_a-isattyr.o)
 .bss           0x0008d930        0x0 c:/altera/13.0/nios2eds/bin/gnu/h-i686-mingw32/bin/../lib/gcc/nios2-elf/4.1.2/../../../../nios2-elf/lib\libc.a(lib_a-lseekr.o)
 .bss           0x0008d930        0x0 c:/altera/13.0/nios2eds/bin/gnu/h-i686-mingw32/bin/../lib/gcc/nios2-elf/4.1.2/../../../../nios2-elf/lib\libc.a(lib_a-readr.o)
 .bss           0x0008d930        0x0 BSP/\libhal_bsp.a(alt_exit.o)
 .bss           0x0008d930        0x0 BSP/\libhal_bsp.a(alt_fstat.o)
 .bss           0x0008d930        0x0 BSP/\libhal_bsp.a(alt_isatty.o)
 .bss           0x0008d930        0x0 BSP/\libhal_bsp.a(alt_lseek.o)
 .bss           0x0008d930        0x0 BSP/\libhal_bsp.a(alt_malloc_lock.o)
 .bss           0x0008d930        0x0 BSP/\libhal_bsp.a(alt_read.o)
 .bss           0x0008d930        0x0 BSP/\libhal_bsp.a(alt_sbrk.o)
 .bss           0x0008d930        0x0 BSP/\libhal_bsp.a(alt_write.o)
 *(COMMON)
 COMMON         0x0008d930      0x100 BSP/\libhal_bsp.a(alt_irq_handler.o)
                0x0008d930                alt_irq
                0x0008da30                . = ALIGN (0x4)
                0x0008da30                __bss_end = ABSOLUTE (.)

.main_memory    0x0008da30        0x0
                0x0008da30                PROVIDE (_alt_partition_main_memory_start, ABSOLUTE (.))
 *(.main_memory. main_memory.*)
                0x0008da30                . = ALIGN (0x4)
                0x0008da30                PROVIDE (_alt_partition_main_memory_end, ABSOLUTE (.))
                0x0008da30                _end = ABSOLUTE (.)
                0x0008da30                end = ABSOLUTE (.)
                0x0008da30                __alt_stack_base = ABSOLUTE (.)
                0x0008da30                PROVIDE (_alt_partition_main_memory_load_addr, LOADADDR (.main_memory))

.descriptor_memory
                0x00100000       0x80 load address 0x0008da30
                0x00100000                PROVIDE (_alt_partition_descriptor_memory_start, ABSOLUTE (.))
 *(.descriptor_memory. descriptor_memory.*)
                0x00100000                . = ALIGN (0x4)
                0x00100000                PROVIDE (_alt_partition_descriptor_memory_end, ABSOLUTE (.))
 .descriptor_memory
                0x00100000       0x80 obj/default//C/tse_tutorial/app_software/tse_tutorial.o
                0x00100000                tx_descriptor
                0x00100020                tx_descriptor_end
                0x00100040                rx_descriptor
                0x00100060                rx_descriptor_end
                0x0008da30                PROVIDE (_alt_partition_descriptor_memory_load_addr, LOADADDR (.descriptor_memory))

.stab
 *(.stab)

.stabstr
 *(.stabstr)

.stab.excl
 *(.stab.excl)

.stab.exclstr
 *(.stab.exclstr)

.stab.index
 *(.stab.index)

.stab.indexstr
 *(.stab.indexstr)

.comment        0x00000000       0x23
 *(.comment)
 .comment       0x00000000       0x23 obj/default//C/tse_tutorial/app_software/tse_tutorial.o
                                 0x24 (size before relaxing)
 .comment       0x00000000       0x24 BSP/\libhal_bsp.a(alt_load.o)
 .comment       0x00000000       0x24 BSP/\libhal_bsp.a(alt_main.o)
 .comment       0x00000000       0x24 BSP/\libhal_bsp.a(alt_printf.o)
 .comment       0x00000000       0x24 BSP/\libhal_bsp.a(alt_putchar.o)
 .comment       0x00000000       0x24 BSP/\libhal_bsp.a(alt_sys_init.o)
 .comment       0x00000000       0x24 BSP/\libhal_bsp.a(altera_avalon_jtag_uart_fd.o)
 .comment       0x00000000       0x24 BSP/\libhal_bsp.a(altera_avalon_jtag_uart_init.o)
 .comment       0x00000000       0x24 BSP/\libhal_bsp.a(altera_avalon_jtag_uart_ioctl.o)
 .comment       0x00000000       0x24 BSP/\libhal_bsp.a(altera_avalon_jtag_uart_read.o)
 .comment       0x00000000       0x24 BSP/\libhal_bsp.a(altera_avalon_jtag_uart_write.o)
 .comment       0x00000000       0x24 BSP/\libhal_bsp.a(altera_avalon_sgdma.o)
 .comment       0x00000000       0x24 BSP/\libhal_bsp.a(alt_alarm_start.o)
 .comment       0x00000000       0x24 BSP/\libhal_bsp.a(alt_close.o)
 .comment       0x00000000       0x24 BSP/\libhal_bsp.a(alt_dcache_flush_all.o)
 .comment       0x00000000       0x24 BSP/\libhal_bsp.a(alt_dev.o)
 .comment       0x00000000       0x24 BSP/\libhal_bsp.a(alt_dev_llist_insert.o)
 .comment       0x00000000       0x24 BSP/\libhal_bsp.a(alt_errno.o)
 .comment       0x00000000       0x24 BSP/\libhal_bsp.a(alt_find_dev.o)
 .comment       0x00000000       0x24 BSP/\libhal_bsp.a(alt_icache_flush_all.o)
 .comment       0x00000000       0x24 BSP/\libhal_bsp.a(alt_iic.o)
 .comment       0x00000000       0x24 BSP/\libhal_bsp.a(alt_iic_isr_register.o)
 .comment       0x00000000       0x24 BSP/\libhal_bsp.a(alt_io_redirect.o)
 .comment       0x00000000       0x24 BSP/\libhal_bsp.a(alt_irq_handler.o)
 .comment       0x00000000       0x24 BSP/\libhal_bsp.a(alt_irq_vars.o)
 .comment       0x00000000       0x24 BSP/\libhal_bsp.a(alt_open.o)
 .comment       0x00000000       0x24 BSP/\libhal_bsp.a(alt_release_fd.o)
 .comment       0x00000000       0x24 BSP/\libhal_bsp.a(alt_remap_uncached.o)
 .comment       0x00000000       0x24 BSP/\libhal_bsp.a(alt_tick.o)
 .comment       0x00000000       0x24 BSP/\libhal_bsp.a(altera_nios2_qsys_irq.o)
 .comment       0x00000000       0x24 BSP/\libhal_bsp.a(alt_dcache_flush.o)
 .comment       0x00000000       0x24 BSP/\libhal_bsp.a(alt_find_file.o)
 .comment       0x00000000       0x24 BSP/\libhal_bsp.a(alt_get_fd.o)
 .comment       0x00000000       0x24 BSP/\libhal_bsp.a(alt_icache_flush.o)
 .comment       0x00000000       0x24 c:/altera/13.0/nios2eds/bin/gnu/h-i686-mingw32/bin/../lib/gcc/nios2-elf/4.1.2/../../../../nios2-elf/lib\libc.a(lib_a-exit.o)
 .comment       0x00000000       0x24 c:/altera/13.0/nios2eds/bin/gnu/h-i686-mingw32/bin/../lib/gcc/nios2-elf/4.1.2/../../../../nios2-elf/lib\libc.a(lib_a-impure.o)
 .comment       0x00000000       0x24 c:/altera/13.0/nios2eds/bin/gnu/h-i686-mingw32/bin/../lib/gcc/nios2-elf/4.1.2/../../../../nios2-elf/lib\libc.a(lib_a-int_errno.o)
 .comment       0x00000000       0x24 c:/altera/13.0/nios2eds/bin/gnu/h-i686-mingw32/bin/../lib/gcc/nios2-elf/4.1.2/../../../../nios2-elf/lib\libc.a(lib_a-memcmp.o)
 .comment       0x00000000       0x24 c:/altera/13.0/nios2eds/bin/gnu/h-i686-mingw32/bin/../lib/gcc/nios2-elf/4.1.2/../../../../nios2-elf/lib\libc.a(lib_a-memcpy.o)
 .comment       0x00000000       0x24 c:/altera/13.0/nios2eds/bin/gnu/h-i686-mingw32/bin/../lib/gcc/nios2-elf/4.1.2/../../../../nios2-elf/lib\libc.a(lib_a-putc.o)
 .comment       0x00000000       0x24 c:/altera/13.0/nios2eds/bin/gnu/h-i686-mingw32/bin/../lib/gcc/nios2-elf/4.1.2/../../../../nios2-elf/lib\libc.a(lib_a-strlen.o)
 .comment       0x00000000       0x24 c:/altera/13.0/nios2eds/bin/gnu/h-i686-mingw32/bin/../lib/gcc/nios2-elf/4.1.2/../../../../nios2-elf/lib\libc.a(lib_a-wbuf.o)
 .comment       0x00000000       0x24 c:/altera/13.0/nios2eds/bin/gnu/h-i686-mingw32/bin/../lib/gcc/nios2-elf/4.1.2/../../../../nios2-elf/lib\libc.a(lib_a-wsetup.o)
 .comment       0x00000000       0x24 c:/altera/13.0/nios2eds/bin/gnu/h-i686-mingw32/bin/../lib/gcc/nios2-elf/4.1.2/../../../../nios2-elf/lib\libc.a(lib_a-__call_atexit.o)
 .comment       0x00000000       0x24 c:/altera/13.0/nios2eds/bin/gnu/h-i686-mingw32/bin/../lib/gcc/nios2-elf/4.1.2/../../../../nios2-elf/lib\libc.a(lib_a-fflush.o)
 .comment       0x00000000       0x24 c:/altera/13.0/nios2eds/bin/gnu/h-i686-mingw32/bin/../lib/gcc/nios2-elf/4.1.2/../../../../nios2-elf/lib\libc.a(lib_a-findfp.o)
 .comment       0x00000000       0x24 c:/altera/13.0/nios2eds/bin/gnu/h-i686-mingw32/bin/../lib/gcc/nios2-elf/4.1.2/../../../../nios2-elf/lib\libc.a(lib_a-freer.o)
 .comment       0x00000000       0x24 c:/altera/13.0/nios2eds/bin/gnu/h-i686-mingw32/bin/../lib/gcc/nios2-elf/4.1.2/../../../../nios2-elf/lib\libc.a(lib_a-fwalk.o)
 .comment       0x00000000       0x24 c:/altera/13.0/nios2eds/bin/gnu/h-i686-mingw32/bin/../lib/gcc/nios2-elf/4.1.2/../../../../nios2-elf/lib\libc.a(lib_a-makebuf.o)
 .comment       0x00000000       0x24 c:/altera/13.0/nios2eds/bin/gnu/h-i686-mingw32/bin/../lib/gcc/nios2-elf/4.1.2/../../../../nios2-elf/lib\libc.a(lib_a-mallocr.o)
 .comment       0x00000000       0x24 c:/altera/13.0/nios2eds/bin/gnu/h-i686-mingw32/bin/../lib/gcc/nios2-elf/4.1.2/../../../../nios2-elf/lib\libc.a(lib_a-memset.o)
 .comment       0x00000000       0x24 c:/altera/13.0/nios2eds/bin/gnu/h-i686-mingw32/bin/../lib/gcc/nios2-elf/4.1.2/../../../../nios2-elf/lib\libc.a(lib_a-sbrkr.o)
 .comment       0x00000000       0x24 c:/altera/13.0/nios2eds/bin/gnu/h-i686-mingw32/bin/../lib/gcc/nios2-elf/4.1.2/../../../../nios2-elf/lib\libc.a(lib_a-stdio.o)
 .comment       0x00000000       0x24 c:/altera/13.0/nios2eds/bin/gnu/h-i686-mingw32/bin/../lib/gcc/nios2-elf/4.1.2/../../../../nios2-elf/lib\libc.a(lib_a-writer.o)
 .comment       0x00000000       0x24 c:/altera/13.0/nios2eds/bin/gnu/h-i686-mingw32/bin/../lib/gcc/nios2-elf/4.1.2/../../../../nios2-elf/lib\libc.a(lib_a-closer.o)
 .comment       0x00000000       0x24 c:/altera/13.0/nios2eds/bin/gnu/h-i686-mingw32/bin/../lib/gcc/nios2-elf/4.1.2/../../../../nios2-elf/lib\libc.a(lib_a-fclose.o)
 .comment       0x00000000       0x24 c:/altera/13.0/nios2eds/bin/gnu/h-i686-mingw32/bin/../lib/gcc/nios2-elf/4.1.2/../../../../nios2-elf/lib\libc.a(lib_a-fstatr.o)
 .comment       0x00000000       0x24 c:/altera/13.0/nios2eds/bin/gnu/h-i686-mingw32/bin/../lib/gcc/nios2-elf/4.1.2/../../../../nios2-elf/lib\libc.a(lib_a-isattyr.o)
 .comment       0x00000000       0x24 c:/altera/13.0/nios2eds/bin/gnu/h-i686-mingw32/bin/../lib/gcc/nios2-elf/4.1.2/../../../../nios2-elf/lib\libc.a(lib_a-lseekr.o)
 .comment       0x00000000       0x24 c:/altera/13.0/nios2eds/bin/gnu/h-i686-mingw32/bin/../lib/gcc/nios2-elf/4.1.2/../../../../nios2-elf/lib\libc.a(lib_a-readr.o)
 .comment       0x00000000       0x24 BSP/\libhal_bsp.a(alt_exit.o)
 .comment       0x00000000       0x24 BSP/\libhal_bsp.a(alt_fstat.o)
 .comment       0x00000000       0x24 BSP/\libhal_bsp.a(alt_isatty.o)
 .comment       0x00000000       0x24 BSP/\libhal_bsp.a(alt_lseek.o)
 .comment       0x00000000       0x24 BSP/\libhal_bsp.a(alt_malloc_lock.o)
 .comment       0x00000000       0x24 BSP/\libhal_bsp.a(alt_read.o)
 .comment       0x00000000       0x24 BSP/\libhal_bsp.a(alt_sbrk.o)
 .comment       0x00000000       0x24 BSP/\libhal_bsp.a(alt_write.o)

.debug
 *(.debug)

.line
 *(.line)

.debug_srcinfo
 *(.debug_srcinfo)

.debug_sfnames
 *(.debug_sfnames)

.debug_aranges  0x00000000      0x898
 *(.debug_aranges)
 .debug_aranges
                0x00000000       0x28 BSP//obj/HAL/src/crt0.o
 .debug_aranges
                0x00000028       0x20 obj/default//C/tse_tutorial/app_software/tse_tutorial.o
 .debug_aranges
                0x00000048       0x20 BSP/\libhal_bsp.a(alt_load.o)
 .debug_aranges
                0x00000068       0x20 BSP/\libhal_bsp.a(alt_main.o)
 .debug_aranges
                0x00000088       0x20 BSP/\libhal_bsp.a(alt_printf.o)
 .debug_aranges
                0x000000a8       0x20 BSP/\libhal_bsp.a(alt_putchar.o)
 .debug_aranges
                0x000000c8       0x20 BSP/\libhal_bsp.a(alt_sys_init.o)
 .debug_aranges
                0x000000e8       0x20 BSP/\libhal_bsp.a(altera_avalon_jtag_uart_fd.o)
 .debug_aranges
                0x00000108       0x20 BSP/\libhal_bsp.a(altera_avalon_jtag_uart_init.o)
 .debug_aranges
                0x00000128       0x20 BSP/\libhal_bsp.a(altera_avalon_jtag_uart_ioctl.o)
 .debug_aranges
                0x00000148       0x20 BSP/\libhal_bsp.a(altera_avalon_jtag_uart_read.o)
 .debug_aranges
                0x00000168       0x20 BSP/\libhal_bsp.a(altera_avalon_jtag_uart_write.o)
 .debug_aranges
                0x00000188       0x20 BSP/\libhal_bsp.a(altera_avalon_sgdma.o)
 .debug_aranges
                0x000001a8       0x20 BSP/\libhal_bsp.a(alt_alarm_start.o)
 .debug_aranges
                0x000001c8       0x20 BSP/\libhal_bsp.a(alt_close.o)
 .debug_aranges
                0x000001e8       0x20 BSP/\libhal_bsp.a(alt_dcache_flush_all.o)
 .debug_aranges
                0x00000208       0x20 BSP/\libhal_bsp.a(alt_dev.o)
 .debug_aranges
                0x00000228       0x20 BSP/\libhal_bsp.a(alt_dev_llist_insert.o)
 .debug_aranges
                0x00000248       0x20 BSP/\libhal_bsp.a(alt_find_dev.o)
 .debug_aranges
                0x00000268       0x20 BSP/\libhal_bsp.a(alt_icache_flush_all.o)
 .debug_aranges
                0x00000288       0x20 BSP/\libhal_bsp.a(alt_iic.o)
 .debug_aranges
                0x000002a8       0x20 BSP/\libhal_bsp.a(alt_iic_isr_register.o)
 .debug_aranges
                0x000002c8       0x20 BSP/\libhal_bsp.a(alt_io_redirect.o)
 .debug_aranges
                0x000002e8       0x30 BSP/\libhal_bsp.a(alt_irq_entry.o)
 .debug_aranges
                0x00000318       0x28 BSP/\libhal_bsp.a(alt_irq_handler.o)
 .debug_aranges
                0x00000340       0x20 BSP/\libhal_bsp.a(alt_open.o)
 .debug_aranges
                0x00000360       0x20 BSP/\libhal_bsp.a(alt_release_fd.o)
 .debug_aranges
                0x00000380       0x20 BSP/\libhal_bsp.a(alt_remap_uncached.o)
 .debug_aranges
                0x000003a0       0x20 BSP/\libhal_bsp.a(alt_tick.o)
 .debug_aranges
                0x000003c0       0x20 BSP/\libhal_bsp.a(altera_nios2_qsys_irq.o)
 .debug_aranges
                0x000003e0       0x20 BSP/\libhal_bsp.a(alt_dcache_flush.o)
 .debug_aranges
                0x00000400       0x38 BSP/\libhal_bsp.a(alt_exception_entry.o)
 .debug_aranges
                0x00000438       0x20 BSP/\libhal_bsp.a(alt_find_file.o)
 .debug_aranges
                0x00000458       0x20 BSP/\libhal_bsp.a(alt_get_fd.o)
 .debug_aranges
                0x00000478       0x20 BSP/\libhal_bsp.a(alt_icache_flush.o)
 .debug_aranges
                0x00000498       0x20 c:/altera/13.0/nios2eds/bin/gnu/h-i686-mingw32/bin/../lib/gcc/nios2-elf/4.1.2/../../../../nios2-elf/lib\libc.a(lib_a-exit.o)
 .debug_aranges
                0x000004b8       0x20 c:/altera/13.0/nios2eds/bin/gnu/h-i686-mingw32/bin/../lib/gcc/nios2-elf/4.1.2/../../../../nios2-elf/lib\libc.a(lib_a-memcmp.o)
 .debug_aranges
                0x000004d8       0x20 c:/altera/13.0/nios2eds/bin/gnu/h-i686-mingw32/bin/../lib/gcc/nios2-elf/4.1.2/../../../../nios2-elf/lib\libc.a(lib_a-memcpy.o)
 .debug_aranges
                0x000004f8       0x20 c:/altera/13.0/nios2eds/bin/gnu/h-i686-mingw32/bin/../lib/gcc/nios2-elf/4.1.2/../../../../nios2-elf/lib\libc.a(lib_a-putc.o)
 .debug_aranges
                0x00000518       0x20 c:/altera/13.0/nios2eds/bin/gnu/h-i686-mingw32/bin/../lib/gcc/nios2-elf/4.1.2/../../../../nios2-elf/lib\libc.a(lib_a-strlen.o)
 .debug_aranges
                0x00000538       0x20 c:/altera/13.0/nios2eds/bin/gnu/h-i686-mingw32/bin/../lib/gcc/nios2-elf/4.1.2/../../../../nios2-elf/lib\libc.a(lib_a-wbuf.o)
 .debug_aranges
                0x00000558       0x20 c:/altera/13.0/nios2eds/bin/gnu/h-i686-mingw32/bin/../lib/gcc/nios2-elf/4.1.2/../../../../nios2-elf/lib\libc.a(lib_a-wsetup.o)
 .debug_aranges
                0x00000578       0x20 c:/altera/13.0/nios2eds/bin/gnu/h-i686-mingw32/bin/../lib/gcc/nios2-elf/4.1.2/../../../../nios2-elf/lib\libc.a(lib_a-__call_atexit.o)
 .debug_aranges
                0x00000598       0x20 c:/altera/13.0/nios2eds/bin/gnu/h-i686-mingw32/bin/../lib/gcc/nios2-elf/4.1.2/../../../../nios2-elf/lib\libc.a(lib_a-fflush.o)
 .debug_aranges
                0x000005b8       0x20 c:/altera/13.0/nios2eds/bin/gnu/h-i686-mingw32/bin/../lib/gcc/nios2-elf/4.1.2/../../../../nios2-elf/lib\libc.a(lib_a-findfp.o)
 .debug_aranges
                0x000005d8       0x20 c:/altera/13.0/nios2eds/bin/gnu/h-i686-mingw32/bin/../lib/gcc/nios2-elf/4.1.2/../../../../nios2-elf/lib\libc.a(lib_a-freer.o)
 .debug_aranges
                0x000005f8       0x20 c:/altera/13.0/nios2eds/bin/gnu/h-i686-mingw32/bin/../lib/gcc/nios2-elf/4.1.2/../../../../nios2-elf/lib\libc.a(lib_a-fwalk.o)
 .debug_aranges
                0x00000618       0x20 c:/altera/13.0/nios2eds/bin/gnu/h-i686-mingw32/bin/../lib/gcc/nios2-elf/4.1.2/../../../../nios2-elf/lib\libc.a(lib_a-makebuf.o)
 .debug_aranges
                0x00000638       0x20 c:/altera/13.0/nios2eds/bin/gnu/h-i686-mingw32/bin/../lib/gcc/nios2-elf/4.1.2/../../../../nios2-elf/lib\libc.a(lib_a-mallocr.o)
 .debug_aranges
                0x00000658       0x20 c:/altera/13.0/nios2eds/bin/gnu/h-i686-mingw32/bin/../lib/gcc/nios2-elf/4.1.2/../../../../nios2-elf/lib\libc.a(lib_a-memset.o)
 .debug_aranges
                0x00000678       0x20 c:/altera/13.0/nios2eds/bin/gnu/h-i686-mingw32/bin/../lib/gcc/nios2-elf/4.1.2/../../../../nios2-elf/lib\libc.a(lib_a-sbrkr.o)
 .debug_aranges
                0x00000698       0x20 c:/altera/13.0/nios2eds/bin/gnu/h-i686-mingw32/bin/../lib/gcc/nios2-elf/4.1.2/../../../../nios2-elf/lib\libc.a(lib_a-stdio.o)
 .debug_aranges
                0x000006b8       0x20 c:/altera/13.0/nios2eds/bin/gnu/h-i686-mingw32/bin/../lib/gcc/nios2-elf/4.1.2/../../../../nios2-elf/lib\libc.a(lib_a-writer.o)
 .debug_aranges
                0x000006d8       0x20 c:/altera/13.0/nios2eds/bin/gnu/h-i686-mingw32/bin/../lib/gcc/nios2-elf/4.1.2/../../../../nios2-elf/lib\libc.a(lib_a-closer.o)
 .debug_aranges
                0x000006f8       0x20 c:/altera/13.0/nios2eds/bin/gnu/h-i686-mingw32/bin/../lib/gcc/nios2-elf/4.1.2/../../../../nios2-elf/lib\libc.a(lib_a-fclose.o)
 .debug_aranges
                0x00000718       0x20 c:/altera/13.0/nios2eds/bin/gnu/h-i686-mingw32/bin/../lib/gcc/nios2-elf/4.1.2/../../../../nios2-elf/lib\libc.a(lib_a-fstatr.o)
 .debug_aranges
                0x00000738       0x20 c:/altera/13.0/nios2eds/bin/gnu/h-i686-mingw32/bin/../lib/gcc/nios2-elf/4.1.2/../../../../nios2-elf/lib\libc.a(lib_a-isattyr.o)
 .debug_aranges
                0x00000758       0x20 c:/altera/13.0/nios2eds/bin/gnu/h-i686-mingw32/bin/../lib/gcc/nios2-elf/4.1.2/../../../../nios2-elf/lib\libc.a(lib_a-lseekr.o)
 .debug_aranges
                0x00000778       0x20 c:/altera/13.0/nios2eds/bin/gnu/h-i686-mingw32/bin/../lib/gcc/nios2-elf/4.1.2/../../../../nios2-elf/lib\libc.a(lib_a-readr.o)
 .debug_aranges
                0x00000798       0x20 BSP/\libhal_bsp.a(alt_exit.o)
 .debug_aranges
                0x000007b8       0x20 BSP/\libhal_bsp.a(alt_fstat.o)
 .debug_aranges
                0x000007d8       0x20 BSP/\libhal_bsp.a(alt_isatty.o)
 .debug_aranges
                0x000007f8       0x20 BSP/\libhal_bsp.a(alt_lseek.o)
 .debug_aranges
                0x00000818       0x20 BSP/\libhal_bsp.a(alt_malloc_lock.o)
 .debug_aranges
                0x00000838       0x20 BSP/\libhal_bsp.a(alt_read.o)
 .debug_aranges
                0x00000858       0x20 BSP/\libhal_bsp.a(alt_sbrk.o)
 .debug_aranges
                0x00000878       0x20 BSP/\libhal_bsp.a(alt_write.o)

.debug_pubnames
                0x00000000     0x108c
 *(.debug_pubnames)
 .debug_pubnames
                0x00000000       0xcb obj/default//C/tse_tutorial/app_software/tse_tutorial.o
 .debug_pubnames
                0x000000cb       0x1f BSP/\libhal_bsp.a(alt_load.o)
 .debug_pubnames
                0x000000ea       0x46 BSP/\libhal_bsp.a(alt_main.o)
 .debug_pubnames
                0x00000130       0x21 BSP/\libhal_bsp.a(alt_printf.o)
 .debug_pubnames
                0x00000151       0x22 BSP/\libhal_bsp.a(alt_putchar.o)
 .debug_pubnames
                0x00000173       0x34 BSP/\libhal_bsp.a(alt_sys_init.o)
 .debug_pubnames
                0x000001a7       0xa5 BSP/\libhal_bsp.a(altera_avalon_jtag_uart_fd.o)
 .debug_pubnames
                0x0000024c       0x55 BSP/\libhal_bsp.a(altera_avalon_jtag_uart_init.o)
 .debug_pubnames
                0x000002a1       0x34 BSP/\libhal_bsp.a(altera_avalon_jtag_uart_ioctl.o)
 .debug_pubnames
                0x000002d5       0x33 BSP/\libhal_bsp.a(altera_avalon_jtag_uart_read.o)
 .debug_pubnames
                0x00000308       0x34 BSP/\libhal_bsp.a(altera_avalon_jtag_uart_write.o)
 .debug_pubnames
                0x0000033c      0x30e BSP/\libhal_bsp.a(altera_avalon_sgdma.o)
 .debug_pubnames
                0x0000064a       0x26 BSP/\libhal_bsp.a(alt_alarm_start.o)
 .debug_pubnames
                0x00000670       0x1c BSP/\libhal_bsp.a(alt_close.o)
 .debug_pubnames
                0x0000068c       0x2b BSP/\libhal_bsp.a(alt_dcache_flush_all.o)
 .debug_pubnames
                0x000006b7       0x63 BSP/\libhal_bsp.a(alt_dev.o)
 .debug_pubnames
                0x0000071a       0x2b BSP/\libhal_bsp.a(alt_dev_llist_insert.o)
 .debug_pubnames
                0x00000745       0x20 BSP/\libhal_bsp.a(alt_errno.o)
 .debug_pubnames
                0x00000765       0x23 BSP/\libhal_bsp.a(alt_find_dev.o)
 .debug_pubnames
                0x00000788       0x2b BSP/\libhal_bsp.a(alt_icache_flush_all.o)
 .debug_pubnames
                0x000007b3       0x6e BSP/\libhal_bsp.a(alt_iic.o)
 .debug_pubnames
                0x00000821       0x2b BSP/\libhal_bsp.a(alt_iic_isr_register.o)
 .debug_pubnames
                0x0000084c       0x26 BSP/\libhal_bsp.a(alt_io_redirect.o)
 .debug_pubnames
                0x00000872       0x32 BSP/\libhal_bsp.a(alt_irq_handler.o)
 .debug_pubnames
                0x000008a4       0x3b BSP/\libhal_bsp.a(alt_irq_vars.o)
 .debug_pubnames
                0x000008df       0x1b BSP/\libhal_bsp.a(alt_open.o)
 .debug_pubnames
                0x000008fa       0x25 BSP/\libhal_bsp.a(alt_release_fd.o)
 .debug_pubnames
                0x0000091f       0x29 BSP/\libhal_bsp.a(alt_remap_uncached.o)
 .debug_pubnames
                0x00000948       0x68 BSP/\libhal_bsp.a(alt_tick.o)
 .debug_pubnames
                0x000009b0       0x31 BSP/\libhal_bsp.a(altera_nios2_qsys_irq.o)
 .debug_pubnames
                0x000009e1       0x27 BSP/\libhal_bsp.a(alt_dcache_flush.o)
 .debug_pubnames
                0x00000a08       0x24 BSP/\libhal_bsp.a(alt_find_file.o)
 .debug_pubnames
                0x00000a2c       0x21 BSP/\libhal_bsp.a(alt_get_fd.o)
 .debug_pubnames
                0x00000a4d       0x27 BSP/\libhal_bsp.a(alt_icache_flush.o)
 .debug_pubnames
                0x00000a74       0x1b c:/altera/13.0/nios2eds/bin/gnu/h-i686-mingw32/bin/../lib/gcc/nios2-elf/4.1.2/../../../../nios2-elf/lib\libc.a(lib_a-exit.o)
 .debug_pubnames
                0x00000a8f       0x39 c:/altera/13.0/nios2eds/bin/gnu/h-i686-mingw32/bin/../lib/gcc/nios2-elf/4.1.2/../../../../nios2-elf/lib\libc.a(lib_a-impure.o)
 .debug_pubnames
                0x00000ac8       0x1c c:/altera/13.0/nios2eds/bin/gnu/h-i686-mingw32/bin/../lib/gcc/nios2-elf/4.1.2/../../../../nios2-elf/lib\libc.a(lib_a-int_errno.o)
 .debug_pubnames
                0x00000ae4       0x1d c:/altera/13.0/nios2eds/bin/gnu/h-i686-mingw32/bin/../lib/gcc/nios2-elf/4.1.2/../../../../nios2-elf/lib\libc.a(lib_a-memcmp.o)
 .debug_pubnames
                0x00000b01       0x1d c:/altera/13.0/nios2eds/bin/gnu/h-i686-mingw32/bin/../lib/gcc/nios2-elf/4.1.2/../../../../nios2-elf/lib\libc.a(lib_a-memcpy.o)
 .debug_pubnames
                0x00000b1e       0x27 c:/altera/13.0/nios2eds/bin/gnu/h-i686-mingw32/bin/../lib/gcc/nios2-elf/4.1.2/../../../../nios2-elf/lib\libc.a(lib_a-putc.o)
 .debug_pubnames
                0x00000b45       0x1d c:/altera/13.0/nios2eds/bin/gnu/h-i686-mingw32/bin/../lib/gcc/nios2-elf/4.1.2/../../../../nios2-elf/lib\libc.a(lib_a-strlen.o)
 .debug_pubnames
                0x00000b62       0x2c c:/altera/13.0/nios2eds/bin/gnu/h-i686-mingw32/bin/../lib/gcc/nios2-elf/4.1.2/../../../../nios2-elf/lib\libc.a(lib_a-wbuf.o)
 .debug_pubnames
                0x00000b8e       0x22 c:/altera/13.0/nios2eds/bin/gnu/h-i686-mingw32/bin/../lib/gcc/nios2-elf/4.1.2/../../../../nios2-elf/lib\libc.a(lib_a-wsetup.o)
 .debug_pubnames
                0x00000bb0       0x27 c:/altera/13.0/nios2eds/bin/gnu/h-i686-mingw32/bin/../lib/gcc/nios2-elf/4.1.2/../../../../nios2-elf/lib\libc.a(lib_a-__call_atexit.o)
 .debug_pubnames
                0x00000bd7       0x2b c:/altera/13.0/nios2eds/bin/gnu/h-i686-mingw32/bin/../lib/gcc/nios2-elf/4.1.2/../../../../nios2-elf/lib\libc.a(lib_a-fflush.o)
 .debug_pubnames
                0x00000c02       0xdb c:/altera/13.0/nios2eds/bin/gnu/h-i686-mingw32/bin/../lib/gcc/nios2-elf/4.1.2/../../../../nios2-elf/lib\libc.a(lib_a-findfp.o)
 .debug_pubnames
                0x00000cdd       0x31 c:/altera/13.0/nios2eds/bin/gnu/h-i686-mingw32/bin/../lib/gcc/nios2-elf/4.1.2/../../../../nios2-elf/lib\libc.a(lib_a-freer.o)
 .debug_pubnames
                0x00000d0e       0x2e c:/altera/13.0/nios2eds/bin/gnu/h-i686-mingw32/bin/../lib/gcc/nios2-elf/4.1.2/../../../../nios2-elf/lib\libc.a(lib_a-fwalk.o)
 .debug_pubnames
                0x00000d3c       0x23 c:/altera/13.0/nios2eds/bin/gnu/h-i686-mingw32/bin/../lib/gcc/nios2-elf/4.1.2/../../../../nios2-elf/lib\libc.a(lib_a-makebuf.o)
 .debug_pubnames
                0x00000d5f       0xce c:/altera/13.0/nios2eds/bin/gnu/h-i686-mingw32/bin/../lib/gcc/nios2-elf/4.1.2/../../../../nios2-elf/lib\libc.a(lib_a-mallocr.o)
 .debug_pubnames
                0x00000e2d       0x1d c:/altera/13.0/nios2eds/bin/gnu/h-i686-mingw32/bin/../lib/gcc/nios2-elf/4.1.2/../../../../nios2-elf/lib\libc.a(lib_a-memset.o)
 .debug_pubnames
                0x00000e4a       0x1e c:/altera/13.0/nios2eds/bin/gnu/h-i686-mingw32/bin/../lib/gcc/nios2-elf/4.1.2/../../../../nios2-elf/lib\libc.a(lib_a-sbrkr.o)
 .debug_pubnames
                0x00000e68       0x44 c:/altera/13.0/nios2eds/bin/gnu/h-i686-mingw32/bin/../lib/gcc/nios2-elf/4.1.2/../../../../nios2-elf/lib\libc.a(lib_a-stdio.o)
 .debug_pubnames
                0x00000eac       0x1f c:/altera/13.0/nios2eds/bin/gnu/h-i686-mingw32/bin/../lib/gcc/nios2-elf/4.1.2/../../../../nios2-elf/lib\libc.a(lib_a-writer.o)
 .debug_pubnames
                0x00000ecb       0x1f c:/altera/13.0/nios2eds/bin/gnu/h-i686-mingw32/bin/../lib/gcc/nios2-elf/4.1.2/../../../../nios2-elf/lib\libc.a(lib_a-closer.o)
 .debug_pubnames
                0x00000eea       0x2b c:/altera/13.0/nios2eds/bin/gnu/h-i686-mingw32/bin/../lib/gcc/nios2-elf/4.1.2/../../../../nios2-elf/lib\libc.a(lib_a-fclose.o)
 .debug_pubnames
                0x00000f15       0x1f c:/altera/13.0/nios2eds/bin/gnu/h-i686-mingw32/bin/../lib/gcc/nios2-elf/4.1.2/../../../../nios2-elf/lib\libc.a(lib_a-fstatr.o)
 .debug_pubnames
                0x00000f34       0x20 c:/altera/13.0/nios2eds/bin/gnu/h-i686-mingw32/bin/../lib/gcc/nios2-elf/4.1.2/../../../../nios2-elf/lib\libc.a(lib_a-isattyr.o)
 .debug_pubnames
                0x00000f54       0x1f c:/altera/13.0/nios2eds/bin/gnu/h-i686-mingw32/bin/../lib/gcc/nios2-elf/4.1.2/../../../../nios2-elf/lib\libc.a(lib_a-lseekr.o)
 .debug_pubnames
                0x00000f73       0x1e c:/altera/13.0/nios2eds/bin/gnu/h-i686-mingw32/bin/../lib/gcc/nios2-elf/4.1.2/../../../../nios2-elf/lib\libc.a(lib_a-readr.o)
 .debug_pubnames
                0x00000f91       0x1c BSP/\libhal_bsp.a(alt_exit.o)
 .debug_pubnames
                0x00000fad       0x1c BSP/\libhal_bsp.a(alt_fstat.o)
 .debug_pubnames
                0x00000fc9       0x1d BSP/\libhal_bsp.a(alt_isatty.o)
 .debug_pubnames
                0x00000fe6       0x1c BSP/\libhal_bsp.a(alt_lseek.o)
 .debug_pubnames
                0x00001002       0x38 BSP/\libhal_bsp.a(alt_malloc_lock.o)
 .debug_pubnames
                0x0000103a       0x1b BSP/\libhal_bsp.a(alt_read.o)
 .debug_pubnames
                0x00001055       0x1b BSP/\libhal_bsp.a(alt_sbrk.o)
 .debug_pubnames
                0x00001070       0x1c BSP/\libhal_bsp.a(alt_write.o)

.debug_info     0x00000000    0x163c3
 *(.debug_info .gnu.linkonce.wi.*)
 .debug_info    0x00000000       0x52 BSP//obj/HAL/src/crt0.o
 .debug_info    0x00000052      0x3ce obj/default//C/tse_tutorial/app_software/tse_tutorial.o
 .debug_info    0x00000420      0x1a1 BSP/\libhal_bsp.a(alt_load.o)
 .debug_info    0x000005c1      0x137 BSP/\libhal_bsp.a(alt_main.o)
 .debug_info    0x000006f8      0x11d BSP/\libhal_bsp.a(alt_printf.o)
 .debug_info    0x00000815      0x93c BSP/\libhal_bsp.a(alt_putchar.o)
 .debug_info    0x00001151      0x6b0 BSP/\libhal_bsp.a(alt_sys_init.o)
 .debug_info    0x00001801      0x584 BSP/\libhal_bsp.a(altera_avalon_jtag_uart_fd.o)
 .debug_info    0x00001d85      0x3b5 BSP/\libhal_bsp.a(altera_avalon_jtag_uart_init.o)
 .debug_info    0x0000213a      0x2a3 BSP/\libhal_bsp.a(altera_avalon_jtag_uart_ioctl.o)
 .debug_info    0x000023dd      0x371 BSP/\libhal_bsp.a(altera_avalon_jtag_uart_read.o)
 .debug_info    0x0000274e      0x35e BSP/\libhal_bsp.a(altera_avalon_jtag_uart_write.o)
 .debug_info    0x00002aac      0xad4 BSP/\libhal_bsp.a(altera_avalon_sgdma.o)
 .debug_info    0x00003580      0x2c6 BSP/\libhal_bsp.a(alt_alarm_start.o)
 .debug_info    0x00003846      0x364 BSP/\libhal_bsp.a(alt_close.o)
 .debug_info    0x00003baa       0x8d BSP/\libhal_bsp.a(alt_dcache_flush_all.o)
 .debug_info    0x00003c37      0x4dd BSP/\libhal_bsp.a(alt_dev.o)
 .debug_info    0x00004114      0x1b7 BSP/\libhal_bsp.a(alt_dev_llist_insert.o)
 .debug_info    0x000042cb       0xab BSP/\libhal_bsp.a(alt_errno.o)
 .debug_info    0x00004376      0x310 BSP/\libhal_bsp.a(alt_find_dev.o)
 .debug_info    0x00004686       0x8f BSP/\libhal_bsp.a(alt_icache_flush_all.o)
 .debug_info    0x00004715      0x343 BSP/\libhal_bsp.a(alt_iic.o)
 .debug_info    0x00004a58      0x1f6 BSP/\libhal_bsp.a(alt_iic_isr_register.o)
 .debug_info    0x00004c4e      0x4f6 BSP/\libhal_bsp.a(alt_io_redirect.o)
 .debug_info    0x00005144       0x5b BSP/\libhal_bsp.a(alt_irq_entry.o)
 .debug_info    0x0000519f      0x16b BSP/\libhal_bsp.a(alt_irq_handler.o)
 .debug_info    0x0000530a       0x92 BSP/\libhal_bsp.a(alt_irq_vars.o)
 .debug_info    0x0000539c      0x40c BSP/\libhal_bsp.a(alt_open.o)
 .debug_info    0x000057a8      0x2d9 BSP/\libhal_bsp.a(alt_release_fd.o)
 .debug_info    0x00005a81       0xca BSP/\libhal_bsp.a(alt_remap_uncached.o)
 .debug_info    0x00005b4b      0x2a1 BSP/\libhal_bsp.a(alt_tick.o)
 .debug_info    0x00005dec       0x8d BSP/\libhal_bsp.a(altera_nios2_qsys_irq.o)
 .debug_info    0x00005e79       0xb5 BSP/\libhal_bsp.a(alt_dcache_flush.o)
 .debug_info    0x00005f2e       0x61 BSP/\libhal_bsp.a(alt_exception_entry.o)
 .debug_info    0x00005f8f      0x30e BSP/\libhal_bsp.a(alt_find_file.o)
 .debug_info    0x0000629d      0x333 BSP/\libhal_bsp.a(alt_get_fd.o)
 .debug_info    0x000065d0       0xd5 BSP/\libhal_bsp.a(alt_icache_flush.o)
 .debug_info    0x000066a5      0x93f c:/altera/13.0/nios2eds/bin/gnu/h-i686-mingw32/bin/../lib/gcc/nios2-elf/4.1.2/../../../../nios2-elf/lib\libc.a(lib_a-exit.o)
 .debug_info    0x00006fe4      0x93d c:/altera/13.0/nios2eds/bin/gnu/h-i686-mingw32/bin/../lib/gcc/nios2-elf/4.1.2/../../../../nios2-elf/lib\libc.a(lib_a-impure.o)
 .debug_info    0x00007921       0x8c c:/altera/13.0/nios2eds/bin/gnu/h-i686-mingw32/bin/../lib/gcc/nios2-elf/4.1.2/../../../../nios2-elf/lib\libc.a(lib_a-int_errno.o)
 .debug_info    0x000079ad      0x115 c:/altera/13.0/nios2eds/bin/gnu/h-i686-mingw32/bin/../lib/gcc/nios2-elf/4.1.2/../../../../nios2-elf/lib\libc.a(lib_a-memcmp.o)
 .debug_info    0x00007ac2      0x106 c:/altera/13.0/nios2eds/bin/gnu/h-i686-mingw32/bin/../lib/gcc/nios2-elf/4.1.2/../../../../nios2-elf/lib\libc.a(lib_a-memcpy.o)
 .debug_info    0x00007bc8      0x9c1 c:/altera/13.0/nios2eds/bin/gnu/h-i686-mingw32/bin/../lib/gcc/nios2-elf/4.1.2/../../../../nios2-elf/lib\libc.a(lib_a-putc.o)
 .debug_info    0x00008589       0xdb c:/altera/13.0/nios2eds/bin/gnu/h-i686-mingw32/bin/../lib/gcc/nios2-elf/4.1.2/../../../../nios2-elf/lib\libc.a(lib_a-strlen.o)
 .debug_info    0x00008664      0x9ae c:/altera/13.0/nios2eds/bin/gnu/h-i686-mingw32/bin/../lib/gcc/nios2-elf/4.1.2/../../../../nios2-elf/lib\libc.a(lib_a-wbuf.o)
 .debug_info    0x00009012      0x95d c:/altera/13.0/nios2eds/bin/gnu/h-i686-mingw32/bin/../lib/gcc/nios2-elf/4.1.2/../../../../nios2-elf/lib\libc.a(lib_a-wsetup.o)
 .debug_info    0x0000996f      0x9e2 c:/altera/13.0/nios2eds/bin/gnu/h-i686-mingw32/bin/../lib/gcc/nios2-elf/4.1.2/../../../../nios2-elf/lib\libc.a(lib_a-__call_atexit.o)
 .debug_info    0x0000a351      0x9fe c:/altera/13.0/nios2eds/bin/gnu/h-i686-mingw32/bin/../lib/gcc/nios2-elf/4.1.2/../../../../nios2-elf/lib\libc.a(lib_a-fflush.o)
 .debug_info    0x0000ad4f      0xb72 c:/altera/13.0/nios2eds/bin/gnu/h-i686-mingw32/bin/../lib/gcc/nios2-elf/4.1.2/../../../../nios2-elf/lib\libc.a(lib_a-findfp.o)
 .debug_info    0x0000b8c1      0xbc9 c:/altera/13.0/nios2eds/bin/gnu/h-i686-mingw32/bin/../lib/gcc/nios2-elf/4.1.2/../../../../nios2-elf/lib\libc.a(lib_a-freer.o)
 .debug_info    0x0000c48a      0xaed c:/altera/13.0/nios2eds/bin/gnu/h-i686-mingw32/bin/../lib/gcc/nios2-elf/4.1.2/../../../../nios2-elf/lib\libc.a(lib_a-fwalk.o)
 .debug_info    0x0000cf77      0xb1a c:/altera/13.0/nios2eds/bin/gnu/h-i686-mingw32/bin/../lib/gcc/nios2-elf/4.1.2/../../../../nios2-elf/lib\libc.a(lib_a-makebuf.o)
 .debug_info    0x0000da91      0xcd0 c:/altera/13.0/nios2eds/bin/gnu/h-i686-mingw32/bin/../lib/gcc/nios2-elf/4.1.2/../../../../nios2-elf/lib\libc.a(lib_a-mallocr.o)
 .debug_info    0x0000e761      0x113 c:/altera/13.0/nios2eds/bin/gnu/h-i686-mingw32/bin/../lib/gcc/nios2-elf/4.1.2/../../../../nios2-elf/lib\libc.a(lib_a-memset.o)
 .debug_info    0x0000e874      0x962 c:/altera/13.0/nios2eds/bin/gnu/h-i686-mingw32/bin/../lib/gcc/nios2-elf/4.1.2/../../../../nios2-elf/lib\libc.a(lib_a-sbrkr.o)
 .debug_info    0x0000f1d6      0xaac c:/altera/13.0/nios2eds/bin/gnu/h-i686-mingw32/bin/../lib/gcc/nios2-elf/4.1.2/../../../../nios2-elf/lib\libc.a(lib_a-stdio.o)
 .debug_info    0x0000fc82      0x993 c:/altera/13.0/nios2eds/bin/gnu/h-i686-mingw32/bin/../lib/gcc/nios2-elf/4.1.2/../../../../nios2-elf/lib\libc.a(lib_a-writer.o)
 .debug_info    0x00010615      0x958 c:/altera/13.0/nios2eds/bin/gnu/h-i686-mingw32/bin/../lib/gcc/nios2-elf/4.1.2/../../../../nios2-elf/lib\libc.a(lib_a-closer.o)
 .debug_info    0x00010f6d      0x994 c:/altera/13.0/nios2eds/bin/gnu/h-i686-mingw32/bin/../lib/gcc/nios2-elf/4.1.2/../../../../nios2-elf/lib\libc.a(lib_a-fclose.o)
 .debug_info    0x00011901      0xafc c:/altera/13.0/nios2eds/bin/gnu/h-i686-mingw32/bin/../lib/gcc/nios2-elf/4.1.2/../../../../nios2-elf/lib\libc.a(lib_a-fstatr.o)
 .debug_info    0x000123fd      0x958 c:/altera/13.0/nios2eds/bin/gnu/h-i686-mingw32/bin/../lib/gcc/nios2-elf/4.1.2/../../../../nios2-elf/lib\libc.a(lib_a-isattyr.o)
 .debug_info    0x00012d55      0x981 c:/altera/13.0/nios2eds/bin/gnu/h-i686-mingw32/bin/../lib/gcc/nios2-elf/4.1.2/../../../../nios2-elf/lib\libc.a(lib_a-lseekr.o)
 .debug_info    0x000136d6      0x98c c:/altera/13.0/nios2eds/bin/gnu/h-i686-mingw32/bin/../lib/gcc/nios2-elf/4.1.2/../../../../nios2-elf/lib\libc.a(lib_a-readr.o)
 .debug_info    0x00014062       0xe2 BSP/\libhal_bsp.a(alt_exit.o)
 .debug_info    0x00014144      0x4dd BSP/\libhal_bsp.a(alt_fstat.o)
 .debug_info    0x00014621      0x4dd BSP/\libhal_bsp.a(alt_isatty.o)
 .debug_info    0x00014afe      0x388 BSP/\libhal_bsp.a(alt_lseek.o)
 .debug_info    0x00014e86      0x947 BSP/\libhal_bsp.a(alt_malloc_lock.o)
 .debug_info    0x000157cd      0x525 BSP/\libhal_bsp.a(alt_read.o)
 .debug_info    0x00015cf2      0x1a5 BSP/\libhal_bsp.a(alt_sbrk.o)
 .debug_info    0x00015e97      0x52c BSP/\libhal_bsp.a(alt_write.o)

.debug_abbrev   0x00000000     0x5110
 *(.debug_abbrev)
 .debug_abbrev  0x00000000       0x12 BSP//obj/HAL/src/crt0.o
 .debug_abbrev  0x00000012      0x12c obj/default//C/tse_tutorial/app_software/tse_tutorial.o
 .debug_abbrev  0x0000013e       0xb6 BSP/\libhal_bsp.a(alt_load.o)
 .debug_abbrev  0x000001f4       0xb7 BSP/\libhal_bsp.a(alt_main.o)
 .debug_abbrev  0x000002ab       0xc7 BSP/\libhal_bsp.a(alt_printf.o)
 .debug_abbrev  0x00000372      0x170 BSP/\libhal_bsp.a(alt_putchar.o)
 .debug_abbrev  0x000004e2      0x171 BSP/\libhal_bsp.a(alt_sys_init.o)
 .debug_abbrev  0x00000653      0x113 BSP/\libhal_bsp.a(altera_avalon_jtag_uart_fd.o)
 .debug_abbrev  0x00000766      0x198 BSP/\libhal_bsp.a(altera_avalon_jtag_uart_init.o)
 .debug_abbrev  0x000008fe      0x10c BSP/\libhal_bsp.a(altera_avalon_jtag_uart_ioctl.o)
 .debug_abbrev  0x00000a0a      0x194 BSP/\libhal_bsp.a(altera_avalon_jtag_uart_read.o)
 .debug_abbrev  0x00000b9e      0x18c BSP/\libhal_bsp.a(altera_avalon_jtag_uart_write.o)
 .debug_abbrev  0x00000d2a      0x269 BSP/\libhal_bsp.a(altera_avalon_sgdma.o)
 .debug_abbrev  0x00000f93      0x179 BSP/\libhal_bsp.a(alt_alarm_start.o)
 .debug_abbrev  0x0000110c      0x124 BSP/\libhal_bsp.a(alt_close.o)
 .debug_abbrev  0x00001230       0x3f BSP/\libhal_bsp.a(alt_dcache_flush_all.o)
 .debug_abbrev  0x0000126f       0xd6 BSP/\libhal_bsp.a(alt_dev.o)
 .debug_abbrev  0x00001345      0x117 BSP/\libhal_bsp.a(alt_dev_llist_insert.o)
 .debug_abbrev  0x0000145c       0x5e BSP/\libhal_bsp.a(alt_errno.o)
 .debug_abbrev  0x000014ba       0xed BSP/\libhal_bsp.a(alt_find_dev.o)
 .debug_abbrev  0x000015a7       0x3f BSP/\libhal_bsp.a(alt_icache_flush_all.o)
 .debug_abbrev  0x000015e6      0x179 BSP/\libhal_bsp.a(alt_iic.o)
 .debug_abbrev  0x0000175f      0x171 BSP/\libhal_bsp.a(alt_iic_isr_register.o)
 .debug_abbrev  0x000018d0      0x10e BSP/\libhal_bsp.a(alt_io_redirect.o)
 .debug_abbrev  0x000019de       0x12 BSP/\libhal_bsp.a(alt_irq_entry.o)
 .debug_abbrev  0x000019f0      0x117 BSP/\libhal_bsp.a(alt_irq_handler.o)
 .debug_abbrev  0x00001b07       0x44 BSP/\libhal_bsp.a(alt_irq_vars.o)
 .debug_abbrev  0x00001b4b      0x177 BSP/\libhal_bsp.a(alt_open.o)
 .debug_abbrev  0x00001cc2       0xdb BSP/\libhal_bsp.a(alt_release_fd.o)
 .debug_abbrev  0x00001d9d       0x74 BSP/\libhal_bsp.a(alt_remap_uncached.o)
 .debug_abbrev  0x00001e11      0x15f BSP/\libhal_bsp.a(alt_tick.o)
 .debug_abbrev  0x00001f70       0x3f BSP/\libhal_bsp.a(altera_nios2_qsys_irq.o)
 .debug_abbrev  0x00001faf       0x71 BSP/\libhal_bsp.a(alt_dcache_flush.o)
 .debug_abbrev  0x00002020       0x12 BSP/\libhal_bsp.a(alt_exception_entry.o)
 .debug_abbrev  0x00002032       0xed BSP/\libhal_bsp.a(alt_find_file.o)
 .debug_abbrev  0x0000211f      0x108 BSP/\libhal_bsp.a(alt_get_fd.o)
 .debug_abbrev  0x00002227       0x89 BSP/\libhal_bsp.a(alt_icache_flush.o)
 .debug_abbrev  0x000022b0      0x16e c:/altera/13.0/nios2eds/bin/gnu/h-i686-mingw32/bin/../lib/gcc/nios2-elf/4.1.2/../../../../nios2-elf/lib\libc.a(lib_a-exit.o)
 .debug_abbrev  0x0000241e      0x157 c:/altera/13.0/nios2eds/bin/gnu/h-i686-mingw32/bin/../lib/gcc/nios2-elf/4.1.2/../../../../nios2-elf/lib\libc.a(lib_a-impure.o)
 .debug_abbrev  0x00002575       0x3b c:/altera/13.0/nios2eds/bin/gnu/h-i686-mingw32/bin/../lib/gcc/nios2-elf/4.1.2/../../../../nios2-elf/lib\libc.a(lib_a-int_errno.o)
 .debug_abbrev  0x000025b0       0x7c c:/altera/13.0/nios2eds/bin/gnu/h-i686-mingw32/bin/../lib/gcc/nios2-elf/4.1.2/../../../../nios2-elf/lib\libc.a(lib_a-memcmp.o)
 .debug_abbrev  0x0000262c       0xb5 c:/altera/13.0/nios2eds/bin/gnu/h-i686-mingw32/bin/../lib/gcc/nios2-elf/4.1.2/../../../../nios2-elf/lib\libc.a(lib_a-memcpy.o)
 .debug_abbrev  0x000026e1      0x17f c:/altera/13.0/nios2eds/bin/gnu/h-i686-mingw32/bin/../lib/gcc/nios2-elf/4.1.2/../../../../nios2-elf/lib\libc.a(lib_a-putc.o)
 .debug_abbrev  0x00002860       0x8b c:/altera/13.0/nios2eds/bin/gnu/h-i686-mingw32/bin/../lib/gcc/nios2-elf/4.1.2/../../../../nios2-elf/lib\libc.a(lib_a-strlen.o)
 .debug_abbrev  0x000028eb      0x198 c:/altera/13.0/nios2eds/bin/gnu/h-i686-mingw32/bin/../lib/gcc/nios2-elf/4.1.2/../../../../nios2-elf/lib\libc.a(lib_a-wbuf.o)
 .debug_abbrev  0x00002a83      0x170 c:/altera/13.0/nios2eds/bin/gnu/h-i686-mingw32/bin/../lib/gcc/nios2-elf/4.1.2/../../../../nios2-elf/lib\libc.a(lib_a-wsetup.o)
 .debug_abbrev  0x00002bf3      0x1de c:/altera/13.0/nios2eds/bin/gnu/h-i686-mingw32/bin/../lib/gcc/nios2-elf/4.1.2/../../../../nios2-elf/lib\libc.a(lib_a-__call_atexit.o)
 .debug_abbrev  0x00002dd1      0x1c6 c:/altera/13.0/nios2eds/bin/gnu/h-i686-mingw32/bin/../lib/gcc/nios2-elf/4.1.2/../../../../nios2-elf/lib\libc.a(lib_a-fflush.o)
 .debug_abbrev  0x00002f97      0x24c c:/altera/13.0/nios2eds/bin/gnu/h-i686-mingw32/bin/../lib/gcc/nios2-elf/4.1.2/../../../../nios2-elf/lib\libc.a(lib_a-findfp.o)
 .debug_abbrev  0x000031e3      0x1d9 c:/altera/13.0/nios2eds/bin/gnu/h-i686-mingw32/bin/../lib/gcc/nios2-elf/4.1.2/../../../../nios2-elf/lib\libc.a(lib_a-freer.o)
 .debug_abbrev  0x000033bc      0x1e3 c:/altera/13.0/nios2eds/bin/gnu/h-i686-mingw32/bin/../lib/gcc/nios2-elf/4.1.2/../../../../nios2-elf/lib\libc.a(lib_a-fwalk.o)
 .debug_abbrev  0x0000359f      0x197 c:/altera/13.0/nios2eds/bin/gnu/h-i686-mingw32/bin/../lib/gcc/nios2-elf/4.1.2/../../../../nios2-elf/lib\libc.a(lib_a-makebuf.o)
 .debug_abbrev  0x00003736      0x216 c:/altera/13.0/nios2eds/bin/gnu/h-i686-mingw32/bin/../lib/gcc/nios2-elf/4.1.2/../../../../nios2-elf/lib\libc.a(lib_a-mallocr.o)
 .debug_abbrev  0x0000394c       0xb8 c:/altera/13.0/nios2eds/bin/gnu/h-i686-mingw32/bin/../lib/gcc/nios2-elf/4.1.2/../../../../nios2-elf/lib\libc.a(lib_a-memset.o)
 .debug_abbrev  0x00003a04      0x18c c:/altera/13.0/nios2eds/bin/gnu/h-i686-mingw32/bin/../lib/gcc/nios2-elf/4.1.2/../../../../nios2-elf/lib\libc.a(lib_a-sbrkr.o)
 .debug_abbrev  0x00003b90      0x1c9 c:/altera/13.0/nios2eds/bin/gnu/h-i686-mingw32/bin/../lib/gcc/nios2-elf/4.1.2/../../../../nios2-elf/lib\libc.a(lib_a-stdio.o)
 .debug_abbrev  0x00003d59      0x184 c:/altera/13.0/nios2eds/bin/gnu/h-i686-mingw32/bin/../lib/gcc/nios2-elf/4.1.2/../../../../nios2-elf/lib\libc.a(lib_a-writer.o)
 .debug_abbrev  0x00003edd      0x17f c:/altera/13.0/nios2eds/bin/gnu/h-i686-mingw32/bin/../lib/gcc/nios2-elf/4.1.2/../../../../nios2-elf/lib\libc.a(lib_a-closer.o)
 .debug_abbrev  0x0000405c      0x1a7 c:/altera/13.0/nios2eds/bin/gnu/h-i686-mingw32/bin/../lib/gcc/nios2-elf/4.1.2/../../../../nios2-elf/lib\libc.a(lib_a-fclose.o)
 .debug_abbrev  0x00004203      0x18e c:/altera/13.0/nios2eds/bin/gnu/h-i686-mingw32/bin/../lib/gcc/nios2-elf/4.1.2/../../../../nios2-elf/lib\libc.a(lib_a-fstatr.o)
 .debug_abbrev  0x00004391      0x17f c:/altera/13.0/nios2eds/bin/gnu/h-i686-mingw32/bin/../lib/gcc/nios2-elf/4.1.2/../../../../nios2-elf/lib\libc.a(lib_a-isattyr.o)
 .debug_abbrev  0x00004510      0x18e c:/altera/13.0/nios2eds/bin/gnu/h-i686-mingw32/bin/../lib/gcc/nios2-elf/4.1.2/../../../../nios2-elf/lib\libc.a(lib_a-lseekr.o)
 .debug_abbrev  0x0000469e      0x17f c:/altera/13.0/nios2eds/bin/gnu/h-i686-mingw32/bin/../lib/gcc/nios2-elf/4.1.2/../../../../nios2-elf/lib\libc.a(lib_a-readr.o)
 .debug_abbrev  0x0000481d       0x9f BSP/\libhal_bsp.a(alt_exit.o)
 .debug_abbrev  0x000048bc      0x124 BSP/\libhal_bsp.a(alt_fstat.o)
 .debug_abbrev  0x000049e0      0x124 BSP/\libhal_bsp.a(alt_isatty.o)
 .debug_abbrev  0x00004b04      0x124 BSP/\libhal_bsp.a(alt_lseek.o)
 .debug_abbrev  0x00004c28      0x172 BSP/\libhal_bsp.a(alt_malloc_lock.o)
 .debug_abbrev  0x00004d9a      0x133 BSP/\libhal_bsp.a(alt_read.o)
 .debug_abbrev  0x00004ecd      0x10b BSP/\libhal_bsp.a(alt_sbrk.o)
 .debug_abbrev  0x00004fd8      0x138 BSP/\libhal_bsp.a(alt_write.o)

.debug_line     0x00000000     0xba93
 *(.debug_line)
 .debug_line    0x00000000       0x6c BSP//obj/HAL/src/crt0.o
 .debug_line    0x0000006c      0x3ac obj/default//C/tse_tutorial/app_software/tse_tutorial.o
 .debug_line    0x00000418      0x26d BSP/\libhal_bsp.a(alt_load.o)
 .debug_line    0x00000685      0x2b4 BSP/\libhal_bsp.a(alt_main.o)
 .debug_line    0x00000939      0x1c7 BSP/\libhal_bsp.a(alt_printf.o)
 .debug_line    0x00000b00      0x1c4 BSP/\libhal_bsp.a(alt_putchar.o)
 .debug_line    0x00000cc4      0x2e1 BSP/\libhal_bsp.a(alt_sys_init.o)
 .debug_line    0x00000fa5      0x1fa BSP/\libhal_bsp.a(altera_avalon_jtag_uart_fd.o)
 .debug_line    0x0000119f      0x454 BSP/\libhal_bsp.a(altera_avalon_jtag_uart_init.o)
 .debug_line    0x000015f3      0x2e1 BSP/\libhal_bsp.a(altera_avalon_jtag_uart_ioctl.o)
 .debug_line    0x000018d4      0x3d2 BSP/\libhal_bsp.a(altera_avalon_jtag_uart_read.o)
 .debug_line    0x00001ca6      0x3fb BSP/\libhal_bsp.a(altera_avalon_jtag_uart_write.o)
 .debug_line    0x000020a1      0x609 BSP/\libhal_bsp.a(altera_avalon_sgdma.o)
 .debug_line    0x000026aa      0x284 BSP/\libhal_bsp.a(alt_alarm_start.o)
 .debug_line    0x0000292e      0x27f BSP/\libhal_bsp.a(alt_close.o)
 .debug_line    0x00002bad      0x1af BSP/\libhal_bsp.a(alt_dcache_flush_all.o)
 .debug_line    0x00002d5c      0x246 BSP/\libhal_bsp.a(alt_dev.o)
 .debug_line    0x00002fa2      0x230 BSP/\libhal_bsp.a(alt_dev_llist_insert.o)
 .debug_line    0x000031d2      0x1a4 BSP/\libhal_bsp.a(alt_errno.o)
 .debug_line    0x00003376      0x255 BSP/\libhal_bsp.a(alt_find_dev.o)
 .debug_line    0x000035cb      0x1b7 BSP/\libhal_bsp.a(alt_icache_flush_all.o)
 .debug_line    0x00003782      0x279 BSP/\libhal_bsp.a(alt_iic.o)
 .debug_line    0x000039fb      0x21b BSP/\libhal_bsp.a(alt_iic_isr_register.o)
 .debug_line    0x00003c16      0x2ae BSP/\libhal_bsp.a(alt_io_redirect.o)
 .debug_line    0x00003ec4       0x6b BSP/\libhal_bsp.a(alt_irq_entry.o)
 .debug_line    0x00003f2f      0x221 BSP/\libhal_bsp.a(alt_irq_handler.o)
 .debug_line    0x00004150       0x72 BSP/\libhal_bsp.a(alt_irq_vars.o)
 .debug_line    0x000041c2      0x2a0 BSP/\libhal_bsp.a(alt_open.o)
 .debug_line    0x00004462       0xe5 BSP/\libhal_bsp.a(alt_release_fd.o)
 .debug_line    0x00004547      0x1b5 BSP/\libhal_bsp.a(alt_remap_uncached.o)
 .debug_line    0x000046fc      0x2ac BSP/\libhal_bsp.a(alt_tick.o)
 .debug_line    0x000049a8      0x1c8 BSP/\libhal_bsp.a(altera_nios2_qsys_irq.o)
 .debug_line    0x00004b70      0x1ab BSP/\libhal_bsp.a(alt_dcache_flush.o)
 .debug_line    0x00004d1b       0xab BSP/\libhal_bsp.a(alt_exception_entry.o)
 .debug_line    0x00004dc6      0x266 BSP/\libhal_bsp.a(alt_find_file.o)
 .debug_line    0x0000502c      0x271 BSP/\libhal_bsp.a(alt_get_fd.o)
 .debug_line    0x0000529d      0x1e3 BSP/\libhal_bsp.a(alt_icache_flush.o)
 .debug_line    0x00005480      0x232 c:/altera/13.0/nios2eds/bin/gnu/h-i686-mingw32/bin/../lib/gcc/nios2-elf/4.1.2/../../../../nios2-elf/lib\libc.a(lib_a-exit.o)
 .debug_line    0x000056b2      0x224 c:/altera/13.0/nios2eds/bin/gnu/h-i686-mingw32/bin/../lib/gcc/nios2-elf/4.1.2/../../../../nios2-elf/lib\libc.a(lib_a-impure.o)
 .debug_line    0x000058d6      0x1d9 c:/altera/13.0/nios2eds/bin/gnu/h-i686-mingw32/bin/../lib/gcc/nios2-elf/4.1.2/../../../../nios2-elf/lib\libc.a(lib_a-int_errno.o)
 .debug_line    0x00005aaf      0x296 c:/altera/13.0/nios2eds/bin/gnu/h-i686-mingw32/bin/../lib/gcc/nios2-elf/4.1.2/../../../../nios2-elf/lib\libc.a(lib_a-memcmp.o)
 .debug_line    0x00005d45      0x1a9 c:/altera/13.0/nios2eds/bin/gnu/h-i686-mingw32/bin/../lib/gcc/nios2-elf/4.1.2/../../../../nios2-elf/lib\libc.a(lib_a-memcpy.o)
 .debug_line    0x00005eee      0x2be c:/altera/13.0/nios2eds/bin/gnu/h-i686-mingw32/bin/../lib/gcc/nios2-elf/4.1.2/../../../../nios2-elf/lib\libc.a(lib_a-putc.o)
 .debug_line    0x000061ac      0x264 c:/altera/13.0/nios2eds/bin/gnu/h-i686-mingw32/bin/../lib/gcc/nios2-elf/4.1.2/../../../../nios2-elf/lib\libc.a(lib_a-strlen.o)
 .debug_line    0x00006410      0x34a c:/altera/13.0/nios2eds/bin/gnu/h-i686-mingw32/bin/../lib/gcc/nios2-elf/4.1.2/../../../../nios2-elf/lib\libc.a(lib_a-wbuf.o)
 .debug_line    0x0000675a      0x2ea c:/altera/13.0/nios2eds/bin/gnu/h-i686-mingw32/bin/../lib/gcc/nios2-elf/4.1.2/../../../../nios2-elf/lib\libc.a(lib_a-wsetup.o)
 .debug_line    0x00006a44      0x361 c:/altera/13.0/nios2eds/bin/gnu/h-i686-mingw32/bin/../lib/gcc/nios2-elf/4.1.2/../../../../nios2-elf/lib\libc.a(lib_a-__call_atexit.o)
 .debug_line    0x00006da5      0x407 c:/altera/13.0/nios2eds/bin/gnu/h-i686-mingw32/bin/../lib/gcc/nios2-elf/4.1.2/../../../../nios2-elf/lib\libc.a(lib_a-fflush.o)
 .debug_line    0x000071ac      0x5fb c:/altera/13.0/nios2eds/bin/gnu/h-i686-mingw32/bin/../lib/gcc/nios2-elf/4.1.2/../../../../nios2-elf/lib\libc.a(lib_a-findfp.o)
 .debug_line    0x000077a7      0x5e5 c:/altera/13.0/nios2eds/bin/gnu/h-i686-mingw32/bin/../lib/gcc/nios2-elf/4.1.2/../../../../nios2-elf/lib\libc.a(lib_a-freer.o)
 .debug_line    0x00007d8c      0x344 c:/altera/13.0/nios2eds/bin/gnu/h-i686-mingw32/bin/../lib/gcc/nios2-elf/4.1.2/../../../../nios2-elf/lib\libc.a(lib_a-fwalk.o)
 .debug_line    0x000080d0      0x3bd c:/altera/13.0/nios2eds/bin/gnu/h-i686-mingw32/bin/../lib/gcc/nios2-elf/4.1.2/../../../../nios2-elf/lib\libc.a(lib_a-makebuf.o)
 .debug_line    0x0000848d      0x804 c:/altera/13.0/nios2eds/bin/gnu/h-i686-mingw32/bin/../lib/gcc/nios2-elf/4.1.2/../../../../nios2-elf/lib\libc.a(lib_a-mallocr.o)
 .debug_line    0x00008c91      0x2f8 c:/altera/13.0/nios2eds/bin/gnu/h-i686-mingw32/bin/../lib/gcc/nios2-elf/4.1.2/../../../../nios2-elf/lib\libc.a(lib_a-memset.o)
 .debug_line    0x00008f89      0x290 c:/altera/13.0/nios2eds/bin/gnu/h-i686-mingw32/bin/../lib/gcc/nios2-elf/4.1.2/../../../../nios2-elf/lib\libc.a(lib_a-sbrkr.o)
 .debug_line    0x00009219      0x386 c:/altera/13.0/nios2eds/bin/gnu/h-i686-mingw32/bin/../lib/gcc/nios2-elf/4.1.2/../../../../nios2-elf/lib\libc.a(lib_a-stdio.o)
 .debug_line    0x0000959f      0x291 c:/altera/13.0/nios2eds/bin/gnu/h-i686-mingw32/bin/../lib/gcc/nios2-elf/4.1.2/../../../../nios2-elf/lib\libc.a(lib_a-writer.o)
 .debug_line    0x00009830      0x291 c:/altera/13.0/nios2eds/bin/gnu/h-i686-mingw32/bin/../lib/gcc/nios2-elf/4.1.2/../../../../nios2-elf/lib\libc.a(lib_a-closer.o)
 .debug_line    0x00009ac1      0x2e2 c:/altera/13.0/nios2eds/bin/gnu/h-i686-mingw32/bin/../lib/gcc/nios2-elf/4.1.2/../../../../nios2-elf/lib\libc.a(lib_a-fclose.o)
 .debug_line    0x00009da3      0x25e c:/altera/13.0/nios2eds/bin/gnu/h-i686-mingw32/bin/../lib/gcc/nios2-elf/4.1.2/../../../../nios2-elf/lib\libc.a(lib_a-fstatr.o)
 .debug_line    0x0000a001      0x292 c:/altera/13.0/nios2eds/bin/gnu/h-i686-mingw32/bin/../lib/gcc/nios2-elf/4.1.2/../../../../nios2-elf/lib\libc.a(lib_a-isattyr.o)
 .debug_line    0x0000a293      0x291 c:/altera/13.0/nios2eds/bin/gnu/h-i686-mingw32/bin/../lib/gcc/nios2-elf/4.1.2/../../../../nios2-elf/lib\libc.a(lib_a-lseekr.o)
 .debug_line    0x0000a524      0x290 c:/altera/13.0/nios2eds/bin/gnu/h-i686-mingw32/bin/../lib/gcc/nios2-elf/4.1.2/../../../../nios2-elf/lib\libc.a(lib_a-readr.o)
 .debug_line    0x0000a7b4      0x1d6 BSP/\libhal_bsp.a(alt_exit.o)
 .debug_line    0x0000a98a      0x27d BSP/\libhal_bsp.a(alt_fstat.o)
 .debug_line    0x0000ac07      0x27e BSP/\libhal_bsp.a(alt_isatty.o)
 .debug_line    0x0000ae85      0x265 BSP/\libhal_bsp.a(alt_lseek.o)
 .debug_line    0x0000b0ea      0x206 BSP/\libhal_bsp.a(alt_malloc_lock.o)
 .debug_line    0x0000b2f0      0x2b8 BSP/\libhal_bsp.a(alt_read.o)
 .debug_line    0x0000b5a8      0x232 BSP/\libhal_bsp.a(alt_sbrk.o)
 .debug_line    0x0000b7da      0x2b9 BSP/\libhal_bsp.a(alt_write.o)

.debug_frame    0x00000000      0xeb0
 *(.debug_frame)
 .debug_frame   0x00000000       0x44 obj/default//C/tse_tutorial/app_software/tse_tutorial.o
 .debug_frame   0x00000044       0x28 BSP/\libhal_bsp.a(alt_load.o)
 .debug_frame   0x0000006c       0x28 BSP/\libhal_bsp.a(alt_main.o)
 .debug_frame   0x00000094       0x2c BSP/\libhal_bsp.a(alt_printf.o)
 .debug_frame   0x000000c0       0x28 BSP/\libhal_bsp.a(alt_putchar.o)
 .debug_frame   0x000000e8       0x40 BSP/\libhal_bsp.a(alt_sys_init.o)
 .debug_frame   0x00000128       0x70 BSP/\libhal_bsp.a(altera_avalon_jtag_uart_fd.o)
 .debug_frame   0x00000198       0x58 BSP/\libhal_bsp.a(altera_avalon_jtag_uart_init.o)
 .debug_frame   0x000001f0       0x20 BSP/\libhal_bsp.a(altera_avalon_jtag_uart_ioctl.o)
 .debug_frame   0x00000210       0x38 BSP/\libhal_bsp.a(altera_avalon_jtag_uart_read.o)
 .debug_frame   0x00000248       0x34 BSP/\libhal_bsp.a(altera_avalon_jtag_uart_write.o)
 .debug_frame   0x0000027c      0x19c BSP/\libhal_bsp.a(altera_avalon_sgdma.o)
 .debug_frame   0x00000418       0x20 BSP/\libhal_bsp.a(alt_alarm_start.o)
 .debug_frame   0x00000438       0x2c BSP/\libhal_bsp.a(alt_close.o)
 .debug_frame   0x00000464       0x20 BSP/\libhal_bsp.a(alt_dcache_flush_all.o)
 .debug_frame   0x00000484       0x20 BSP/\libhal_bsp.a(alt_dev.o)
 .debug_frame   0x000004a4       0x28 BSP/\libhal_bsp.a(alt_dev_llist_insert.o)
 .debug_frame   0x000004cc       0x30 BSP/\libhal_bsp.a(alt_find_dev.o)
 .debug_frame   0x000004fc       0x28 BSP/\libhal_bsp.a(alt_icache_flush_all.o)
 .debug_frame   0x00000524       0x58 BSP/\libhal_bsp.a(alt_iic.o)
 .debug_frame   0x0000057c       0x28 BSP/\libhal_bsp.a(alt_iic_isr_register.o)
 .debug_frame   0x000005a4       0x48 BSP/\libhal_bsp.a(alt_io_redirect.o)
 .debug_frame   0x000005ec       0x28 BSP/\libhal_bsp.a(alt_irq_handler.o)
 .debug_frame   0x00000614       0x34 BSP/\libhal_bsp.a(alt_open.o)
 .debug_frame   0x00000648       0x20 BSP/\libhal_bsp.a(alt_release_fd.o)
 .debug_frame   0x00000668       0x28 BSP/\libhal_bsp.a(alt_remap_uncached.o)
 .debug_frame   0x00000690       0x3c BSP/\libhal_bsp.a(alt_tick.o)
 .debug_frame   0x000006cc       0x20 BSP/\libhal_bsp.a(altera_nios2_qsys_irq.o)
 .debug_frame   0x000006ec       0x20 BSP/\libhal_bsp.a(alt_dcache_flush.o)
 .debug_frame   0x0000070c       0x34 BSP/\libhal_bsp.a(alt_find_file.o)
 .debug_frame   0x00000740       0x20 BSP/\libhal_bsp.a(alt_get_fd.o)
 .debug_frame   0x00000760       0x20 BSP/\libhal_bsp.a(alt_icache_flush.o)
 .debug_frame   0x00000780       0x28 c:/altera/13.0/nios2eds/bin/gnu/h-i686-mingw32/bin/../lib/gcc/nios2-elf/4.1.2/../../../../nios2-elf/lib\libc.a(lib_a-exit.o)
 .debug_frame   0x000007a8       0x20 c:/altera/13.0/nios2eds/bin/gnu/h-i686-mingw32/bin/../lib/gcc/nios2-elf/4.1.2/../../../../nios2-elf/lib\libc.a(lib_a-memcmp.o)
 .debug_frame   0x000007c8       0x20 c:/altera/13.0/nios2eds/bin/gnu/h-i686-mingw32/bin/../lib/gcc/nios2-elf/4.1.2/../../../../nios2-elf/lib\libc.a(lib_a-memcpy.o)
 .debug_frame   0x000007e8       0x4c c:/altera/13.0/nios2eds/bin/gnu/h-i686-mingw32/bin/../lib/gcc/nios2-elf/4.1.2/../../../../nios2-elf/lib\libc.a(lib_a-putc.o)