Archive member included because of file (symbol)

../tse_tutorial_bsp/\libhal_bsp.a(alt_load.o)
                              ../tse_tutorial_bsp//obj/HAL/src/crt0.o (alt_load)
../tse_tutorial_bsp/\libhal_bsp.a(alt_main.o)
                              ../tse_tutorial_bsp//obj/HAL/src/crt0.o (alt_main)
../tse_tutorial_bsp/\libhal_bsp.a(alt_printf.o)
                              obj/default/hello_world.o (alt_printf)
../tse_tutorial_bsp/\libhal_bsp.a(alt_putchar.o)
                              ../tse_tutorial_bsp/\libhal_bsp.a(alt_printf.o) (alt_putchar)
../tse_tutorial_bsp/\libhal_bsp.a(alt_sys_init.o)
                              ../tse_tutorial_bsp/\libhal_bsp.a(alt_main.o) (alt_irq_init)
../tse_tutorial_bsp/\libhal_bsp.a(altera_avalon_jtag_uart_fd.o)
                              ../tse_tutorial_bsp/\libhal_bsp.a(alt_sys_init.o) (altera_avalon_jtag_uart_read_fd)
../tse_tutorial_bsp/\libhal_bsp.a(altera_avalon_jtag_uart_init.o)
                              ../tse_tutorial_bsp/\libhal_bsp.a(alt_sys_init.o) (altera_avalon_jtag_uart_init)
../tse_tutorial_bsp/\libhal_bsp.a(altera_avalon_jtag_uart_ioctl.o)
                              ../tse_tutorial_bsp/\libhal_bsp.a(altera_avalon_jtag_uart_fd.o) (altera_avalon_jtag_uart_ioctl)
../tse_tutorial_bsp/\libhal_bsp.a(altera_avalon_jtag_uart_read.o)
                              ../tse_tutorial_bsp/\libhal_bsp.a(altera_avalon_jtag_uart_fd.o) (altera_avalon_jtag_uart_read)
../tse_tutorial_bsp/\libhal_bsp.a(altera_avalon_jtag_uart_write.o)
                              ../tse_tutorial_bsp/\libhal_bsp.a(altera_avalon_jtag_uart_fd.o) (altera_avalon_jtag_uart_write)
../tse_tutorial_bsp/\libhal_bsp.a(altera_avalon_sgdma.o)
                              obj/default/hello_world.o (alt_avalon_sgdma_do_async_transfer)
../tse_tutorial_bsp/\libhal_bsp.a(alt_alarm_start.o)
                              ../tse_tutorial_bsp/\libhal_bsp.a(altera_avalon_jtag_uart_init.o) (alt_alarm_start)
../tse_tutorial_bsp/\libhal_bsp.a(alt_close.o)
                              ../tse_tutorial_bsp/\libhal_bsp.a(alt_main.o) (close)
../tse_tutorial_bsp/\libhal_bsp.a(alt_dcache_flush_all.o)
                              ../tse_tutorial_bsp/\libhal_bsp.a(alt_load.o) (alt_dcache_flush_all)
../tse_tutorial_bsp/\libhal_bsp.a(alt_dev.o)
                              ../tse_tutorial_bsp/\libhal_bsp.a(alt_sys_init.o) (alt_dev_list)
../tse_tutorial_bsp/\libhal_bsp.a(alt_dev_llist_insert.o)
                              ../tse_tutorial_bsp/\libhal_bsp.a(alt_sys_init.o) (alt_dev_llist_insert)
../tse_tutorial_bsp/\libhal_bsp.a(alt_do_ctors.o)
                              ../tse_tutorial_bsp/\libhal_bsp.a(alt_main.o) (_do_ctors)
../tse_tutorial_bsp/\libhal_bsp.a(alt_do_dtors.o)
                              ../tse_tutorial_bsp/\libhal_bsp.a(alt_main.o) (_do_dtors)
../tse_tutorial_bsp/\libhal_bsp.a(alt_errno.o)
                              ../tse_tutorial_bsp/\libhal_bsp.a(altera_avalon_sgdma.o) (alt_errno)
../tse_tutorial_bsp/\libhal_bsp.a(alt_find_dev.o)
                              ../tse_tutorial_bsp/\libhal_bsp.a(altera_avalon_sgdma.o) (alt_find_dev)
../tse_tutorial_bsp/\libhal_bsp.a(alt_icache_flush_all.o)
                              ../tse_tutorial_bsp/\libhal_bsp.a(alt_load.o) (alt_icache_flush_all)
../tse_tutorial_bsp/\libhal_bsp.a(alt_iic.o)
                              ../tse_tutorial_bsp/\libhal_bsp.a(altera_avalon_jtag_uart_init.o) (alt_ic_isr_register)
../tse_tutorial_bsp/\libhal_bsp.a(alt_iic_isr_register.o)
                              ../tse_tutorial_bsp/\libhal_bsp.a(alt_iic.o) (alt_iic_isr_register)
../tse_tutorial_bsp/\libhal_bsp.a(alt_io_redirect.o)
                              ../tse_tutorial_bsp/\libhal_bsp.a(alt_main.o) (alt_io_redirect)
../tse_tutorial_bsp/\libhal_bsp.a(alt_irq_entry.o)
                              ../tse_tutorial_bsp/\libhal_bsp.a(alt_iic_isr_register.o) (alt_irq_entry)
../tse_tutorial_bsp/\libhal_bsp.a(alt_irq_handler.o)
                              ../tse_tutorial_bsp/\libhal_bsp.a(alt_iic_isr_register.o) (alt_irq_handler)
../tse_tutorial_bsp/\libhal_bsp.a(alt_irq_vars.o)
                              ../tse_tutorial_bsp/\libhal_bsp.a(alt_iic.o) (alt_irq_active)
../tse_tutorial_bsp/\libhal_bsp.a(alt_open.o)
                              ../tse_tutorial_bsp/\libhal_bsp.a(alt_io_redirect.o) (open)
../tse_tutorial_bsp/\libhal_bsp.a(alt_release_fd.o)
                              ../tse_tutorial_bsp/\libhal_bsp.a(alt_close.o) (alt_release_fd)
../tse_tutorial_bsp/\libhal_bsp.a(alt_remap_uncached.o)
                              ../tse_tutorial_bsp/\libhal_bsp.a(altera_avalon_sgdma.o) (alt_remap_uncached)
../tse_tutorial_bsp/\libhal_bsp.a(alt_tick.o)
                              ../tse_tutorial_bsp/\libhal_bsp.a(altera_avalon_jtag_uart_init.o) (_alt_tick_rate)
../tse_tutorial_bsp/\libhal_bsp.a(altera_nios2_qsys_irq.o)
                              ../tse_tutorial_bsp/\libhal_bsp.a(alt_sys_init.o) (altera_nios2_qsys_irq_init)
[...]
Memory Configuration

Name             Origin             Length             Attributes
reset            0x00080000         0x00000020
main_memory      0x00080020         0x000493c0
descriptor_memory 0x00100000         0x00001000
*default*        0x00000000         0xffffffff

Linker script and memory map

LOAD ../tse_tutorial_bsp//obj/HAL/src/crt0.o
LOAD obj/default/hello_world.o
LOAD c:/altera/13.0/nios2eds/bin/gnu/h-i686-mingw32/bin/../lib/gcc/nios2-elf/4.1.2/../../../../nios2-elf/lib\libstdc++.a
LOAD c:/altera/13.0/nios2eds/bin/gnu/h-i686-mingw32/bin/../lib/gcc/nios2-elf/4.1.2/../../../../nios2-elf/lib\libm.a
LOAD c:/altera/13.0/nios2eds/bin/gnu/h-i686-mingw32/bin/../lib/gcc/nios2-elf/4.1.2\libgcc.a
START GROUP
LOAD c:/altera/13.0/nios2eds/bin/gnu/h-i686-mingw32/bin/../lib/gcc/nios2-elf/4.1.2/../../../../nios2-elf/lib\libc.a
LOAD c:/altera/13.0/nios2eds/bin/gnu/h-i686-mingw32/bin/../lib/gcc/nios2-elf/4.1.2\libgcc.a
LOAD ../tse_tutorial_bsp/\libhal_bsp.a
END GROUP
LOAD c:/altera/13.0/nios2eds/bin/gnu/h-i686-mingw32/bin/../lib/gcc/nios2-elf/4.1.2\libgcc.a
                0x00080000                __alt_mem_main_memory = 0x80000
                0x00100000                __alt_mem_descriptor_memory = 0x100000

.entry          0x00080000       0x20
 *(.entry)
 .entry         0x00080000       0x20 ../tse_tutorial_bsp//obj/HAL/src/crt0.o
                0x00080000                __reset

.exceptions     0x00080020      0x194
                0x00080020                PROVIDE (__ram_exceptions_start, ABSOLUTE (.))
                0x00080020                . = ALIGN (0x20)
 *(.irq)
 *(.exceptions.entry.label)
 .exceptions.entry.label
                0x00080020        0x0 ../tse_tutorial_bsp/\libhal_bsp.a(alt_irq_entry.o)
                0x00080020                alt_irq_entry
 .exceptions.entry.label
                0x00080020        0x0 ../tse_tutorial_bsp/\libhal_bsp.a(alt_exception_entry.o)
                0x00080020                alt_exception
 *(.exceptions.entry.user)
 *(.exceptions.entry)
 .exceptions.entry
                0x00080020       0x54 ../tse_tutorial_bsp/\libhal_bsp.a(alt_exception_entry.o)
 *(.exceptions.irqtest.user)
 *(.exceptions.irqtest)
 .exceptions.irqtest
                0x00080074       0x10 ../tse_tutorial_bsp/\libhal_bsp.a(alt_irq_entry.o)
 *(.exceptions.irqhandler.user)
 *(.exceptions.irqhandler)
 .exceptions.irqhandler
                0x00080084        0x4 ../tse_tutorial_bsp/\libhal_bsp.a(alt_irq_entry.o)
 *(.exceptions.irqreturn.user)
 *(.exceptions.irqreturn)
 .exceptions.irqreturn
                0x00080088        0x4 ../tse_tutorial_bsp/\libhal_bsp.a(alt_irq_entry.o)
 *(.exceptions.notirq.label)
 .exceptions.notirq.label
                0x0008008c        0x0 ../tse_tutorial_bsp/\libhal_bsp.a(alt_irq_entry.o)
 *(.exceptions.notirq.user)
 *(.exceptions.notirq)
 .exceptions.notirq
                0x0008008c        0x8 ../tse_tutorial_bsp/\libhal_bsp.a(alt_exception_entry.o)
 *(.exceptions.soft.user)
 *(.exceptions.soft)
 *(.exceptions.unknown.user)
 *(.exceptions.unknown)
 .exceptions.unknown
                0x00080094        0x4 ../tse_tutorial_bsp/\libhal_bsp.a(alt_exception_entry.o)
 *(.exceptions.exit.label)
 .exceptions.exit.label
                0x00080098        0x0 ../tse_tutorial_bsp/\libhal_bsp.a(alt_irq_entry.o)
 .exceptions.exit.label
                0x00080098        0x0 ../tse_tutorial_bsp/\libhal_bsp.a(alt_exception_entry.o)
 *(.exceptions.exit.user)
 *(.exceptions.exit)
 .exceptions.exit
                0x00080098       0x54 ../tse_tutorial_bsp/\libhal_bsp.a(alt_exception_entry.o)
 *(.exceptions)
 .exceptions    0x000800ec       0xc8 ../tse_tutorial_bsp/\libhal_bsp.a(alt_irq_handler.o)
                0x000800ec                alt_irq_handler
                0x000801b4                PROVIDE (__ram_exceptions_end, ABSOLUTE (.))
                0x00080020                PROVIDE (__flash_exceptions_start, LOADADDR (.exceptions))

.text           0x000801b4     0x5cf0
                0x000801b4                PROVIDE (stext, ABSOLUTE (.))
 *(.interp)
 *(.hash)
 *(.dynsym)
 *(.dynstr)
 *(.gnu.version)
 *(.gnu.version_d)
 *(.gnu.version_r)
 *(.rel.init)
 *(.rela.init)
 *(.rel.text .rel.text.* .rel.gnu.linkonce.t.*)
 *(.rela.text .rela.text.* .rela.gnu.linkonce.t.*)
 *(.rel.fini)
 *(.rela.fini)
 *(.rel.rodata .rel.rodata.* .rel.gnu.linkonce.r.*)
 *(.rela.rodata .rela.rodata.* .rela.gnu.linkonce.r.*)
 *(.rel.data .rel.data.* .rel.gnu.linkonce.d.*)
 *(.rela.data .rela.data.* .rela.gnu.linkonce.d.*)
 *(.rel.tdata .rel.tdata.* .rel.gnu.linkonce.td.*)
 *(.rela.tdata .rela.tdata.* .rela.gnu.linkonce.td.*)
 *(.rel.tbss .rel.tbss.* .rel.gnu.linkonce.tb.*)
 *(.rela.tbss .rela.tbss.* .rela.gnu.linkonce.tb.*)
 *(.rel.ctors)
 *(.rela.ctors)
 *(.rel.dtors)
 *(.rela.dtors)
 *(.rel.got)
 *(.rela.got)
 *(.rel.sdata .rel.sdata.* .rel.gnu.linkonce.s.*)
 *(.rela.sdata .rela.sdata.* .rela.gnu.linkonce.s.*)
 *(.rel.sbss .rel.sbss.* .rel.gnu.linkonce.sb.*)
 *(.rela.sbss .rela.sbss.* .rela.gnu.linkonce.sb.*)
 *(.rel.sdata2 .rel.sdata2.* .rel.gnu.linkonce.s2.*)
 *(.rela.sdata2 .rela.sdata2.* .rela.gnu.linkonce.s2.*)
 *(.rel.sbss2 .rel.sbss2.* .rel.gnu.linkonce.sb2.*)
 *(.rela.sbss2 .rela.sbss2.* .rela.gnu.linkonce.sb2.*)
 *(.rel.bss .rel.bss.* .rel.gnu.linkonce.b.*)
 *(.rela.bss .rela.bss.* .rela.gnu.linkonce.b.*)
 *(.rel.plt)
 *(.rela.plt)
 *(.rel.dyn)
 *(.init)
 *(.plt)
 *(.text .stub .text.* .gnu.linkonce.t.*)
 .text          0x000801b4       0x3c ../tse_tutorial_bsp//obj/HAL/src/crt0.o
                0x000801b4                _start
 .text          0x000801f0      0x31c obj/default/hello_world.o
                0x000801f0                main
                0x00080468                rx_ethernet_isr
 .text          0x0008050c       0xec ../tse_tutorial_bsp/\libhal_bsp.a(alt_load.o)
                0x0008050c                alt_load
 .text          0x000805f8       0x6c ../tse_tutorial_bsp/\libhal_bsp.a(alt_main.o)
                0x000805f8                alt_main
 .text          0x00080664      0x258 ../tse_tutorial_bsp/\libhal_bsp.a(alt_printf.o)
                0x00080664                alt_printf
 .text          0x000808bc       0x40 ../tse_tutorial_bsp/\libhal_bsp.a(alt_putchar.o)
                0x000808bc                alt_putchar
 .text          0x000808fc       0xd8 ../tse_tutorial_bsp/\libhal_bsp.a(alt_sys_init.o)
                0x000808fc                alt_irq_init
                0x00080930                alt_sys_init
 .text          0x000809d4      0x148 ../tse_tutorial_bsp/\libhal_bsp.a(altera_avalon_jtag_uart_fd.o)
                0x000809d4                altera_avalon_jtag_uart_read_fd
                0x00080a2c                altera_avalon_jtag_uart_write_fd
                0x00080a84                altera_avalon_jtag_uart_close_fd
                0x00080acc                altera_avalon_jtag_uart_ioctl_fd
 .text          0x00080b1c      0x40c ../tse_tutorial_bsp/\libhal_bsp.a(altera_avalon_jtag_uart_init.o)
                0x00080b1c                altera_avalon_jtag_uart_init
                0x00080eb4                altera_avalon_jtag_uart_close
 .text          0x00080f28       0xf4 ../tse_tutorial_bsp/\libhal_bsp.a(altera_avalon_jtag_uart_ioctl.o)
                0x00080f28                altera_avalon_jtag_uart_ioctl
 .text          0x0008101c      0x224 ../tse_tutorial_bsp/\libhal_bsp.a(altera_avalon_jtag_uart_read.o)
                0x0008101c                altera_avalon_jtag_uart_read
 .text          0x00081240      0x240 ../tse_tutorial_bsp/\libhal_bsp.a(altera_avalon_jtag_uart_write.o)
                0x00081240                altera_avalon_jtag_uart_write
 .text          0x00081480      0xde4 ../tse_tutorial_bsp/\libhal_bsp.a(altera_avalon_sgdma.o)
                0x00081480                alt_avalon_sgdma_do_async_transfer
                0x000815bc                alt_avalon_sgdma_do_sync_transfer
                0x000816e0                alt_avalon_sgdma_construct_mem_to_mem_desc
                0x00081750                alt_avalon_sgdma_construct_mem_to_mem_desc_burst
                0x000817d0                alt_avalon_sgdma_construct_stream_to_mem_desc
                0x00081824                alt_avalon_sgdma_construct_stream_to_mem_desc_burst
                0x00081894                alt_avalon_sgdma_construct_mem_to_stream_desc
                0x00081908                alt_avalon_sgdma_construct_mem_to_stream_desc_burst
                0x0008198c                alt_avalon_sgdma_register_callback
                0x000819dc                alt_avalon_sgdma_start
                0x00081a30                alt_avalon_sgdma_stop
                0x00081a88                alt_avalon_sgdma_check_descriptor_status
                0x00081af8                alt_avalon_sgdma_open
                0x00081bb0                alt_avalon_sgdma_construct_descriptor
                0x00081c38                alt_avalon_sgdma_enable_desc_poll
                0x00081cb4                alt_avalon_sgdma_disable_desc_poll
                0x00081d10                alt_avalon_sgdma_construct_descriptor_burst
                0x000821b8                alt_avalon_sgdma_init
 .text          0x00082264      0x154 ../tse_tutorial_bsp/\libhal_bsp.a(alt_alarm_start.o)
                0x00082264                alt_alarm_start
 .text          0x000823b8      0x15c ../tse_tutorial_bsp/\libhal_bsp.a(alt_close.o)
                0x000823b8                close
 .text          0x00082514       0x1c ../tse_tutorial_bsp/\libhal_bsp.a(alt_dcache_flush_all.o)
                0x00082514                alt_dcache_flush_all
 .text          0x00082530       0x2c ../tse_tutorial_bsp/\libhal_bsp.a(alt_dev.o)
 .text          0x0008255c      0x114 ../tse_tutorial_bsp/\libhal_bsp.a(alt_dev_llist_insert.o)
                0x0008255c                alt_dev_llist_insert
 .text          0x00082670       0x64 ../tse_tutorial_bsp/\libhal_bsp.a(alt_do_ctors.o)
                0x00082670                _do_ctors
 .text          0x000826d4       0x64 ../tse_tutorial_bsp/\libhal_bsp.a(alt_do_dtors.o)
                0x000826d4                _do_dtors
 .text          0x00082738        0x0 ../tse_tutorial_bsp/\libhal_bsp.a(alt_errno.o)
 .text          0x00082738       0x94 ../tse_tutorial_bsp/\libhal_bsp.a(alt_find_dev.o)
                0x00082738                alt_find_dev
 .text          0x000827cc       0x30 ../tse_tutorial_bsp/\libhal_bsp.a(alt_icache_flush_all.o)
                0x000827cc                alt_icache_flush_all
 .text          0x000827fc      0x1d4 ../tse_tutorial_bsp/\libhal_bsp.a(alt_iic.o)
                0x000827fc                alt_ic_isr_register
                0x0008284c                alt_ic_irq_enable
                0x000828e8                alt_ic_irq_disable
                0x00082988                alt_ic_irq_enabled
 .text          0x000829d0       0xf8 ../tse_tutorial_bsp/\libhal_bsp.a(alt_iic_isr_register.o)
                0x000829d0                alt_iic_isr_register
 .text          0x00082ac8      0x13c ../tse_tutorial_bsp/\libhal_bsp.a(alt_io_redirect.o)
                0x00082b8c                alt_io_redirect
 .text          0x00082c04        0x0 ../tse_tutorial_bsp/\libhal_bsp.a(alt_irq_entry.o)
 .text          0x00082c04        0x0 ../tse_tutorial_bsp/\libhal_bsp.a(alt_irq_handler.o)
 .text          0x00082c04        0x0 ../tse_tutorial_bsp/\libhal_bsp.a(alt_irq_vars.o)
 .text          0x00082c04      0x2c4 ../tse_tutorial_bsp/\libhal_bsp.a(alt_open.o)
                0x00082ce0                open
 .text          0x00082ec8       0x60 ../tse_tutorial_bsp/\libhal_bsp.a(alt_release_fd.o)
                0x00082ec8                alt_release_fd
 .text          0x00082f28       0x40 ../tse_tutorial_bsp/\libhal_bsp.a(alt_remap_uncached.o)
                0x00082f28                alt_remap_uncached
 .text          0x00082f68      0x1a4 ../tse_tutorial_bsp/\libhal_bsp.a(alt_tick.o)
                0x00082f68                alt_alarm_stop
                0x00083000                alt_tick
 .text          0x0008310c       0x20 ../tse_tutorial_bsp/\libhal_bsp.a(altera_nios2_qsys_irq.o)
                0x0008310c                altera_nios2_qsys_irq_init
 .text          0x0008312c       0x24 ../tse_tutorial_bsp/\libhal_bsp.a(alt_dcache_flush.o)
                0x0008312c                alt_dcache_flush
 .text          0x00083150        0x0 ../tse_tutorial_bsp/\libhal_bsp.a(alt_exception_entry.o)
 .text          0x00083150      0x120 ../tse_tutorial_bsp/\libhal_bsp.a(alt_find_file.o)
                0x00083150                alt_find_file
 .text          0x00083270       0xb8 ../tse_tutorial_bsp/\libhal_bsp.a(alt_get_fd.o)
                0x00083270                alt_get_fd
 .text          0x00083328       0x90 ../tse_tutorial_bsp/\libhal_bsp.a(alt_icache_flush.o)
                0x00083328                alt_icache_flush
 .text          0x000833b8       0x14 c:/altera/13.0/nios2eds/bin/gnu/h-i686-mingw32/bin/../lib/gcc/nios2-elf/4.1.2/../../../../nios2-elf/lib\libc.a(lib_a-atexit.o)
                0x000833b8                atexit
 .text          0x000833cc       0x38 c:/altera/13.0/nios2eds/bin/gnu/h-i686-mingw32/bin/../lib/gcc/nios2-elf/4.1.2/../../../../nios2-elf/lib\libc.a(lib_a-exit.o)
                0x000833cc                exit
 .text          0x00083404        0x0 c:/altera/13.0/nios2eds/bin/gnu/h-i686-mingw32/bin/../lib/gcc/nios2-elf/4.1.2/../../../../nios2-elf/lib\libc.a(lib_a-impure.o)
 .text          0x00083404        0x0 c:/altera/13.0/nios2eds/bin/gnu/h-i686-mingw32/bin/../lib/gcc/nios2-elf/4.1.2/../../../../nios2-elf/lib\libc.a(lib_a-int_errno.o)
 .text          0x00083404       0x74 c:/altera/13.0/nios2eds/bin/gnu/h-i686-mingw32/bin/../lib/gcc/nios2-elf/4.1.2/../../../../nios2-elf/lib\libc.a(lib_a-memcmp.o)
                0x00083404                memcmp
 .text          0x00083478       0xa0 c:/altera/13.0/nios2eds/bin/gnu/h-i686-mingw32/bin/../lib/gcc/nios2-elf/4.1.2/../../../../nios2-elf/lib\libc.a(lib_a-memcpy.o)
                0x00083478                memcpy
 .text          0x00083518      0x1ec c:/altera/13.0/nios2eds/bin/gnu/h-i686-mingw32/bin/../lib/gcc/nios2-elf/4.1.2/../../../../nios2-elf/lib\libc.a(lib_a-putc.o)
                0x00083518                putc
                0x0008361c                _putc_r
 .text          0x00083704       0x74 c:/altera/13.0/nios2eds/bin/gnu/h-i686-mingw32/bin/../lib/gcc/nios2-elf/4.1.2/../../../../nios2-elf/lib\libc.a(lib_a-strlen.o)
                0x00083704                strlen
 .text          0x00083778      0x14c c:/altera/13.0/nios2eds/bin/gnu/h-i686-mingw32/bin/../lib/gcc/nios2-elf/4.1.2/../../../../nios2-elf/lib\libc.a(lib_a-wbuf.o)
                0x00083778                __swbuf_r
                0x000838a8                __swbuf
 .text          0x000838c4      0x13c c:/altera/13.0/nios2eds/bin/gnu/h-i686-mingw32/bin/../lib/gcc/nios2-elf/4.1.2/../../../../nios2-elf/lib\libc.a(lib_a-wsetup.o)
                0x000838c4                __swsetup_r
 .text          0x00083a00      0x134 c:/altera/13.0/nios2eds/bin/gnu/h-i686-mingw32/bin/../lib/gcc/nios2-elf/4.1.2/../../../../nios2-elf/lib\libc.a(lib_a-__atexit.o)
                0x00083a00                __register_exitproc
 .text          0x00083b34      0x1b4 c:/altera/13.0/nios2eds/bin/gnu/h-i686-mingw32/bin/../lib/gcc/nios2-elf/4.1.2/../../../../nios2-elf/lib\libc.a(lib_a-__call_atexit.o)
                0x00083b38                __call_exitprocs
 .text          0x00083ce8      0x230 c:/altera/13.0/nios2eds/bin/gnu/h-i686-mingw32/bin/../lib/gcc/nios2-elf/4.1.2/../../../../nios2-elf/lib\libc.a(lib_a-fflush.o)
                0x00083ce8                _fflush_r
                0x00083ee4                fflush
 .text          0x00083f18      0x2c0 c:/altera/13.0/nios2eds/bin/gnu/h-i686-mingw32/bin/../lib/gcc/nios2-elf/4.1.2/../../../../nios2-elf/lib\libc.a(lib_a-findfp.o)
                0x00083f70                __sfp_lock_acquire
                0x00083f74                __sfp_lock_release
                0x00083f78                __sinit_lock_acquire
                0x00083f7c                __sinit_lock_release
                0x00083f80                __sinit
                0x00084034                __fp_unlock_all
                0x0008404c                __fp_lock_all
                0x00084064                _cleanup_r
                0x00084070                _cleanup
                0x00084080                __sfmoreglue
                0x000840e8                __sfp
 .text          0x000841d8      0x440 c:/altera/13.0/nios2eds/bin/gnu/h-i686-mingw32/bin/../lib/gcc/nios2-elf/4.1.2/../../../../nios2-elf/lib\libc.a(lib_a-freer.o)
                0x000841d8                _malloc_trim_r
                0x00084304                _free_r
 .text          0x00084618      0x180 c:/altera/13.0/nios2eds/bin/gnu/h-i686-mingw32/bin/../lib/gcc/nios2-elf/4.1.2/../../../../nios2-elf/lib\libc.a(lib_a-fwalk.o)
                0x00084618                _fwalk_reent
                0x000846e0                _fwalk
 .text          0x00084798      0x194 c:/altera/13.0/nios2eds/bin/gnu/h-i686-mingw32/bin/../lib/gcc/nios2-elf/4.1.2/../../../../nios2-elf/lib\libc.a(lib_a-makebuf.o)
                0x00084798                __smakebuf_r
 .text          0x0008492c      0x740 c:/altera/13.0/nios2eds/bin/gnu/h-i686-mingw32/bin/../lib/gcc/nios2-elf/4.1.2/../../../../nios2-elf/lib\libc.a(lib_a-mallocr.o)
                0x0008492c                _malloc_r
 .text          0x0008506c       0x98 c:/altera/13.0/nios2eds/bin/gnu/h-i686-mingw32/bin/../lib/gcc/nios2-elf/4.1.2/../../../../nios2-elf/lib\libc.a(lib_a-memset.o)
                0x0008506c                memset
 .text          0x00085104       0x70 c:/altera/13.0/nios2eds/bin/gnu/h-i686-mingw32/bin/../lib/gcc/nios2-elf/4.1.2/../../../../nios2-elf/lib\libc.a(lib_a-sbrkr.o)
                0x00085104                _sbrk_r
 .text          0x00085174      0x14c c:/altera/13.0/nios2eds/bin/gnu/h-i686-mingw32/bin/../lib/gcc/nios2-elf/4.1.2/../../../../nios2-elf/lib\libc.a(lib_a-stdio.o)
                0x00085174                __sclose
                0x0008517c                __sseek
                0x000851e4                __swrite
                0x00085260                __sread
 .text          0x000852c0       0x78 c:/altera/13.0/nios2eds/bin/gnu/h-i686-mingw32/bin/../lib/gcc/nios2-elf/4.1.2/../../../../nios2-elf/lib\libc.a(lib_a-writer.o)
                0x000852c0                _write_r
 .text          0x00085338       0x70 c:/altera/13.0/nios2eds/bin/gnu/h-i686-mingw32/bin/../lib/gcc/nios2-elf/4.1.2/../../../../nios2-elf/lib\libc.a(lib_a-closer.o)
                0x00085338                _close_r
 .text          0x000853a8      0x124 c:/altera/13.0/nios2eds/bin/gnu/h-i686-mingw32/bin/../lib/gcc/nios2-elf/4.1.2/../../../../nios2-elf/lib\libc.a(lib_a-fclose.o)
                0x000853a8                _fclose_r
                0x000854b8                fclose
 .text          0x000854cc       0x74 c:/altera/13.0/nios2eds/bin/gnu/h-i686-mingw32/bin/../lib/gcc/nios2-elf/4.1.2/../../../../nios2-elf/lib\libc.a(lib_a-fstatr.o)
                0x000854cc                _fstat_r
 .text          0x00085540       0x70 c:/altera/13.0/nios2eds/bin/gnu/h-i686-mingw32/bin/../lib/gcc/nios2-elf/4.1.2/../../../../nios2-elf/lib\libc.a(lib_a-isattyr.o)
                0x00085540                _isatty_r
 .text          0x000855b0       0x78 c:/altera/13.0/nios2eds/bin/gnu/h-i686-mingw32/bin/../lib/gcc/nios2-elf/4.1.2/../../../../nios2-elf/lib\libc.a(lib_a-lseekr.o)
                0x000855b0                _lseek_r
 .text          0x00085628       0x78 c:/altera/13.0/nios2eds/bin/gnu/h-i686-mingw32/bin/../lib/gcc/nios2-elf/4.1.2/../../../../nios2-elf/lib\libc.a(lib_a-readr.o)
                0x00085628                _read_r
 .text          0x000856a0       0x60 ../tse_tutorial_bsp/\libhal_bsp.a(alt_exit.o)
                0x000856e0                _exit
 .text          0x00085700      0x134 ../tse_tutorial_bsp/\libhal_bsp.a(alt_fstat.o)
                0x00085700                fstat
 .text          0x00085834      0x120 ../tse_tutorial_bsp/\libhal_bsp.a(alt_isatty.o)
                0x00085834                isatty
 .text          0x00085954      0x150 ../tse_tutorial_bsp/\libhal_bsp.a(alt_lseek.o)
                0x00085954                lseek
 .text          0x00085aa4       0x40 ../tse_tutorial_bsp/\libhal_bsp.a(alt_malloc_lock.o)
                0x00085aa4                __malloc_lock
                0x00085ac4                __malloc_unlock
 .text          0x00085ae4      0x180 ../tse_tutorial_bsp/\libhal_bsp.a(alt_read.o)
                0x00085ae4                read
 .text          0x00085c64       0xbc ../tse_tutorial_bsp/\libhal_bsp.a(alt_sbrk.o)
                0x00085c64                sbrk
 .text          0x00085d20      0x180 ../tse_tutorial_bsp/\libhal_bsp.a(alt_write.o)
                0x00085d20                write
 *(.gnu.warning.*)
 *(.fini)
                0x00085ea0                PROVIDE (__etext, ABSOLUTE (.))
                0x00085ea0                PROVIDE (_etext, ABSOLUTE (.))
                0x00085ea0                PROVIDE (etext, ABSOLUTE (.))
 *(.eh_frame_hdr)
                0x00085ea0                . = ALIGN (0x4)
                0x00085ea0                PROVIDE (__preinit_array_start, ABSOLUTE (.))
 *(.preinit_array)
                0x00085ea0                PROVIDE (__preinit_array_end, ABSOLUTE (.))
                0x00085ea0                PROVIDE (__init_array_start, ABSOLUTE (.))
 *(.init_array)
                0x00085ea0                PROVIDE (__init_array_end, ABSOLUTE (.))
                0x00085ea0                PROVIDE (__fini_array_start, ABSOLUTE (.))
 *(.fini_array)
                0x00085ea0                PROVIDE (__fini_array_end, ABSOLUTE (.))
 *(.eh_frame)
 *(.gcc_except_table)
 *(.dynamic)
                0x00085ea0                PROVIDE (__CTOR_LIST__, ABSOLUTE (.))
 *(.ctors)
 *(SORT(.ctors.*))
 .ctors.65535   0x00085ea0        0x4 c:/altera/13.0/nios2eds/bin/gnu/h-i686-mingw32/bin/../lib/gcc/nios2-elf/4.1.2/../../../../nios2-elf/lib\libc.a(lib_a-__call_atexit.o)
                0x00085ea4                PROVIDE (__CTOR_END__, ABSOLUTE (.))
                0x00085ea4                PROVIDE (__DTOR_LIST__, ABSOLUTE (.))
 *(.dtors)
 *(SORT(.dtors.*))
                0x00085ea4                PROVIDE (__DTOR_END__, ABSOLUTE (.))
 *(.jcr)
                0x00085ea4                . = ALIGN (0x4)

.rodata         0x00085ea4      0x168
                0x00085ea4                PROVIDE (__ram_rodata_start, ABSOLUTE (.))
                0x00085ea4                . = ALIGN (0x4)
 *(.rodata .rodata.* .gnu.linkonce.r.*)
 .rodata        0x00085ea4      0x118 obj/default/hello_world.o
 .rodata        0x00085fbc       0x10 ../tse_tutorial_bsp/\libhal_bsp.a(alt_main.o)
 .rodata        0x00085fcc       0x30 ../tse_tutorial_bsp/\libhal_bsp.a(alt_sys_init.o)
 .rodata        0x00085ffc        0xc ../tse_tutorial_bsp/\libhal_bsp.a(alt_dev.o)
 .rodata.str1.4
                0x00086008        0x4 c:/altera/13.0/nios2eds/bin/gnu/h-i686-mingw32/bin/../lib/gcc/nios2-elf/4.1.2/../../../../nios2-elf/lib\libc.a(lib_a-impure.o)
 *(.rodata1)
                0x0008600c                . = ALIGN (0x4)
                0x0008600c                PROVIDE (__ram_rodata_end, ABSOLUTE (.))
                0x00085ea4                PROVIDE (__flash_rodata_start, LOADADDR (.rodata))

.rwdata         0x0008600c     0x1eb0 load address 0x00087ebc
                0x0008600c                PROVIDE (__ram_rwdata_start, ABSOLUTE (.))
                0x0008600c                . = ALIGN (0x4)
 *(.got.plt)
 *(.got)
 *(.data1)
 *(.data .data.* .gnu.linkonce.d.*)
 .data          0x0008600c        0x0 ../tse_tutorial_bsp//obj/HAL/src/crt0.o
 .data          0x0008600c      0x400 obj/default/hello_world.o
                0x0008600c                tx_frame
 .data          0x0008640c        0x0 ../tse_tutorial_bsp/\libhal_bsp.a(alt_load.o)
 .data          0x0008640c        0x0 ../tse_tutorial_bsp/\libhal_bsp.a(alt_main.o)
 .data          0x0008640c        0x0 ../tse_tutorial_bsp/\libhal_bsp.a(alt_printf.o)
 .data          0x0008640c        0x0 ../tse_tutorial_bsp/\libhal_bsp.a(alt_putchar.o)
 .data          0x0008640c     0x10c0 ../tse_tutorial_bsp/\libhal_bsp.a(alt_sys_init.o)
 .data          0x000874cc        0x0 ../tse_tutorial_bsp/\libhal_bsp.a(altera_avalon_jtag_uart_fd.o)
 .data          0x000874cc        0x0 ../tse_tutorial_bsp/\libhal_bsp.a(altera_avalon_jtag_uart_init.o)
 .data          0x000874cc        0x0 ../tse_tutorial_bsp/\libhal_bsp.a(altera_avalon_jtag_uart_ioctl.o)
 .data          0x000874cc        0x0 ../tse_tutorial_bsp/\libhal_bsp.a(altera_avalon_jtag_uart_read.o)
 .data          0x000874cc        0x0 ../tse_tutorial_bsp/\libhal_bsp.a(altera_avalon_jtag_uart_write.o)
 .data          0x000874cc        0x0 ../tse_tutorial_bsp/\libhal_bsp.a(altera_avalon_sgdma.o)
 .data          0x000874cc        0x0 ../tse_tutorial_bsp/\libhal_bsp.a(alt_alarm_start.o)
 .data          0x000874cc        0x0 ../tse_tutorial_bsp/\libhal_bsp.a(alt_close.o)
 .data          0x000874cc        0x0 ../tse_tutorial_bsp/\libhal_bsp.a(alt_dcache_flush_all.o)
 .data          0x000874cc      0x1a8 ../tse_tutorial_bsp/\libhal_bsp.a(alt_dev.o)
                0x000874cc                alt_dev_null
                0x000874f4                alt_fd_list
 .data          0x00087674        0x0 ../tse_tutorial_bsp/\libhal_bsp.a(alt_dev_llist_insert.o)
 .data          0x00087674        0x0 ../tse_tutorial_bsp/\libhal_bsp.a(alt_do_ctors.o)
 .data          0x00087674        0x0 ../tse_tutorial_bsp/\libhal_bsp.a(alt_do_dtors.o)
 .data          0x00087674        0x0 ../tse_tutorial_bsp/\libhal_bsp.a(alt_errno.o)
 .data          0x00087674        0x0 ../tse_tutorial_bsp/\libhal_bsp.a(alt_find_dev.o)
 .data          0x00087674        0x0 ../tse_tutorial_bsp/\libhal_bsp.a(alt_icache_flush_all.o)
 .data          0x00087674        0x0 ../tse_tutorial_bsp/\libhal_bsp.a(alt_iic.o)
 .data          0x00087674        0x0 ../tse_tutorial_bsp/\libhal_bsp.a(alt_iic_isr_register.o)
 .data          0x00087674        0x0 ../tse_tutorial_bsp/\libhal_bsp.a(alt_io_redirect.o)
 .data          0x00087674        0x0 ../tse_tutorial_bsp/\libhal_bsp.a(alt_irq_entry.o)
 .data          0x00087674        0x0 ../tse_tutorial_bsp/\libhal_bsp.a(alt_irq_handler.o)
 .data          0x00087674        0x0 ../tse_tutorial_bsp/\libhal_bsp.a(alt_irq_vars.o)
 .data          0x00087674        0x0 ../tse_tutorial_bsp/\libhal_bsp.a(alt_open.o)
 .data          0x00087674        0x0 ../tse_tutorial_bsp/\libhal_bsp.a(alt_release_fd.o)
 .data          0x00087674        0x0 ../tse_tutorial_bsp/\libhal_bsp.a(alt_remap_uncached.o)
 .data          0x00087674        0x0 ../tse_tutorial_bsp/\libhal_bsp.a(alt_tick.o)
 .data          0x00087674        0x0 ../tse_tutorial_bsp/\libhal_bsp.a(altera_nios2_qsys_irq.o)
 .data          0x00087674        0x0 ../tse_tutorial_bsp/\libhal_bsp.a(alt_dcache_flush.o)
 .data          0x00087674        0x0 ../tse_tutorial_bsp/\libhal_bsp.a(alt_exception_entry.o)
 .data          0x00087674        0x0 ../tse_tutorial_bsp/\libhal_bsp.a(alt_find_file.o)
 .data          0x00087674        0x0 ../tse_tutorial_bsp/\libhal_bsp.a(alt_get_fd.o)
 .data          0x00087674        0x0 ../tse_tutorial_bsp/\libhal_bsp.a(alt_icache_flush.o)
 .data          0x00087674        0x0 c:/altera/13.0/nios2eds/bin/gnu/h-i686-mingw32/bin/../lib/gcc/nios2-elf/4.1.2/../../../../nios2-elf/lib\libc.a(lib_a-atexit.o)
 .data          0x00087674        0x0 c:/altera/13.0/nios2eds/bin/gnu/h-i686-mingw32/bin/../lib/gcc/nios2-elf/4.1.2/../../../../nios2-elf/lib\libc.a(lib_a-exit.o)
 .data          0x00087674      0x400 c:/altera/13.0/nios2eds/bin/gnu/h-i686-mingw32/bin/../lib/gcc/nios2-elf/4.1.2/../../../../nios2-elf/lib\libc.a(lib_a-impure.o)
 .data          0x00087a74        0x0 c:/altera/13.0/nios2eds/bin/gnu/h-i686-mingw32/bin/../lib/gcc/nios2-elf/4.1.2/../../../../nios2-elf/lib\libc.a(lib_a-int_errno.o)
 .data          0x00087a74        0x0 c:/altera/13.0/nios2eds/bin/gnu/h-i686-mingw32/bin/../lib/gcc/nios2-elf/4.1.2/../../../../nios2-elf/lib\libc.a(lib_a-memcmp.o)
 .data          0x00087a74        0x0 c:/altera/13.0/nios2eds/bin/gnu/h-i686-mingw32/bin/../lib/gcc/nios2-elf/4.1.2/../../../../nios2-elf/lib\libc.a(lib_a-memcpy.o)
 .data          0x00087a74        0x0 c:/altera/13.0/nios2eds/bin/gnu/h-i686-mingw32/bin/../lib/gcc/nios2-elf/4.1.2/../../../../nios2-elf/lib\libc.a(lib_a-putc.o)
 .data          0x00087a74        0x0 c:/altera/13.0/nios2eds/bin/gnu/h-i686-mingw32/bin/../lib/gcc/nios2-elf/4.1.2/../../../../nios2-elf/lib\libc.a(lib_a-strlen.o)
 .data          0x00087a74        0x0 c:/altera/13.0/nios2eds/bin/gnu/h-i686-mingw32/bin/../lib/gcc/nios2-elf/4.1.2/../../../../nios2-elf/lib\libc.a(lib_a-wbuf.o)
 .data          0x00087a74        0x0 c:/altera/13.0/nios2eds/bin/gnu/h-i686-mingw32/bin/../lib/gcc/nios2-elf/4.1.2/../../../../nios2-elf/lib\libc.a(lib_a-wsetup.o)
 .data          0x00087a74        0x0 c:/altera/13.0/nios2eds/bin/gnu/h-i686-mingw32/bin/../lib/gcc/nios2-elf/4.1.2/../../../../nios2-elf/lib\libc.a(lib_a-__atexit.o)
 .data          0x00087a74        0x0 c:/altera/13.0/nios2eds/bin/gnu/h-i686-mingw32/bin/../lib/gcc/nios2-elf/4.1.2/../../../../nios2-elf/lib\libc.a(lib_a-__call_atexit.o)
 .data          0x00087a74        0x0 c:/altera/13.0/nios2eds/bin/gnu/h-i686-mingw32/bin/../lib/gcc/nios2-elf/4.1.2/../../../../nios2-elf/lib\libc.a(lib_a-fflush.o)
 .data          0x00087a74        0x0 c:/altera/13.0/nios2eds/bin/gnu/h-i686-mingw32/bin/../lib/gcc/nios2-elf/4.1.2/../../../../nios2-elf/lib\libc.a(lib_a-findfp.o)
 .data          0x00087a74        0x0 c:/altera/13.0/nios2eds/bin/gnu/h-i686-mingw32/bin/../lib/gcc/nios2-elf/4.1.2/../../../../nios2-elf/lib\libc.a(lib_a-freer.o)
 .data          0x00087a74        0x0 c:/altera/13.0/nios2eds/bin/gnu/h-i686-mingw32/bin/../lib/gcc/nios2-elf/4.1.2/../../../../nios2-elf/lib\libc.a(lib_a-fwalk.o)
 .data          0x00087a74        0x0 c:/altera/13.0/nios2eds/bin/gnu/h-i686-mingw32/bin/../lib/gcc/nios2-elf/4.1.2/../../../../nios2-elf/lib\libc.a(lib_a-makebuf.o)
 .data          0x00087a74      0x408 c:/altera/13.0/nios2eds/bin/gnu/h-i686-mingw32/bin/../lib/gcc/nios2-elf/4.1.2/../../../../nios2-elf/lib\libc.a(lib_a-mallocr.o)
                0x00087a74                __malloc_av_
 .data          0x00087e7c        0x0 c:/altera/13.0/nios2eds/bin/gnu/h-i686-mingw32/bin/../lib/gcc/nios2-elf/4.1.2/../../../../nios2-elf/lib\libc.a(lib_a-memset.o)
 .data          0x00087e7c        0x0 c:/altera/13.0/nios2eds/bin/gnu/h-i686-mingw32/bin/../lib/gcc/nios2-elf/4.1.2/../../../../nios2-elf/lib\libc.a(lib_a-sbrkr.o)
 .data          0x00087e7c        0x0 c:/altera/13.0/nios2eds/bin/gnu/h-i686-mingw32/bin/../lib/gcc/nios2-elf/4.1.2/../../../../nios2-elf/lib\libc.a(lib_a-stdio.o)
 .data          0x00087e7c        0x0 c:/altera/13.0/nios2eds/bin/gnu/h-i686-mingw32/bin/../lib/gcc/nios2-elf/4.1.2/../../../../nios2-elf/lib\libc.a(lib_a-writer.o)
 .data          0x00087e7c        0x0 c:/altera/13.0/nios2eds/bin/gnu/h-i686-mingw32/bin/../lib/gcc/nios2-elf/4.1.2/../../../../nios2-elf/lib\libc.a(lib_a-closer.o)
 .data          0x00087e7c        0x0 c:/altera/13.0/nios2eds/bin/gnu/h-i686-mingw32/bin/../lib/gcc/nios2-elf/4.1.2/../../../../nios2-elf/lib\libc.a(lib_a-fclose.o)
 .data          0x00087e7c        0x0 c:/altera/13.0/nios2eds/bin/gnu/h-i686-mingw32/bin/../lib/gcc/nios2-elf/4.1.2/../../../../nios2-elf/lib\libc.a(lib_a-fstatr.o)
 .data          0x00087e7c        0x0 c:/altera/13.0/nios2eds/bin/gnu/h-i686-mingw32/bin/../lib/gcc/nios2-elf/4.1.2/../../../../nios2-elf/lib\libc.a(lib_a-isattyr.o)
 .data          0x00087e7c        0x0 c:/altera/13.0/nios2eds/bin/gnu/h-i686-mingw32/bin/../lib/gcc/nios2-elf/4.1.2/../../../../nios2-elf/lib\libc.a(lib_a-lseekr.o)
 .data          0x00087e7c        0x0 c:/altera/13.0/nios2eds/bin/gnu/h-i686-mingw32/bin/../lib/gcc/nios2-elf/4.1.2/../../../../nios2-elf/lib\libc.a(lib_a-readr.o)
 .data          0x00087e7c        0x0 ../tse_tutorial_bsp/\libhal_bsp.a(alt_exit.o)
 .data          0x00087e7c        0x0 ../tse_tutorial_bsp/\libhal_bsp.a(alt_fstat.o)
 .data          0x00087e7c        0x0 ../tse_tutorial_bsp/\libhal_bsp.a(alt_isatty.o)
 .data          0x00087e7c        0x0 ../tse_tutorial_bsp/\libhal_bsp.a(alt_lseek.o)
 .data          0x00087e7c        0x0 ../tse_tutorial_bsp/\libhal_bsp.a(alt_malloc_lock.o)
 .data          0x00087e7c        0x0 ../tse_tutorial_bsp/\libhal_bsp.a(alt_read.o)
 .data          0x00087e7c        0x0 ../tse_tutorial_bsp/\libhal_bsp.a(alt_sbrk.o)
 .data          0x00087e7c        0x0 ../tse_tutorial_bsp/\libhal_bsp.a(alt_write.o)
                0x0008fe7c                _gp = ABSOLUTE ((. + 0x8000))
                0x0008fe7c                PROVIDE (gp, _gp)
 *(.rwdata .rwdata.*)
 *(.sdata .sdata.* .gnu.linkonce.s.*)
 .sdata         0x00087e7c        0x8 ../tse_tutorial_bsp/\libhal_bsp.a(altera_avalon_sgdma.o)
                0x00087e7c                alt_sgdma_list
 .sdata         0x00087e84       0x14 ../tse_tutorial_bsp/\libhal_bsp.a(alt_dev.o)
                0x00087e84                alt_fs_list
                0x00087e8c                alt_dev_list
                0x00087e94                alt_max_fd
 .sdata         0x00087e98        0x4 ../tse_tutorial_bsp/\libhal_bsp.a(alt_errno.o)
                0x00087e98                alt_errno
 .sdata         0x00087e9c        0x4 ../tse_tutorial_bsp/\libhal_bsp.a(alt_irq_vars.o)
                0x00087e9c                alt_priority_mask
 .sdata         0x00087ea0        0x8 ../tse_tutorial_bsp/\libhal_bsp.a(alt_tick.o)
                0x00087ea0                alt_alarm_list
 .sdata         0x00087ea8        0x8 c:/altera/13.0/nios2eds/bin/gnu/h-i686-mingw32/bin/../lib/gcc/nios2-elf/4.1.2/../../../../nios2-elf/lib\libc.a(lib_a-impure.o)
                0x00087ea8                _impure_ptr
                0x00087eac                _global_impure_ptr
 .sdata         0x00087eb0        0x8 c:/altera/13.0/nios2eds/bin/gnu/h-i686-mingw32/bin/../lib/gcc/nios2-elf/4.1.2/../../../../nios2-elf/lib\libc.a(lib_a-mallocr.o)
                0x00087eb0                __malloc_trim_threshold
                0x00087eb4                __malloc_sbrk_base
 .sdata         0x00087eb8        0x4 ../tse_tutorial_bsp/\libhal_bsp.a(alt_sbrk.o)
 *(.sdata2 .sdata2.* .gnu.linkonce.s2.*)
                0x00087ebc                . = ALIGN (0x4)
                0x00087ebc                _edata = ABSOLUTE (.)
                0x00087ebc                PROVIDE (edata, ABSOLUTE (.))
                0x00087ebc                PROVIDE (__ram_rwdata_end, ABSOLUTE (.))
                0x00087ebc                PROVIDE (__flash_rwdata_start, LOADADDR (.rwdata))

.bss            0x00089d6c      0x6ec
                0x00089d6c                __bss_start = ABSOLUTE (.)
                0x00089d6c                PROVIDE (__sbss_start, ABSOLUTE (.))
                0x00089d6c                PROVIDE (___sbss_start, ABSOLUTE (.))
 *(.dynsbss)
 *(.sbss .sbss.* .gnu.linkonce.sb.*)
 .sbss          0x00089d6c        0xc obj/default/hello_world.o
                0x00089d6c                sgdma_tx_dev
                0x00089d70                text_length
                0x00089d74                sgdma_rx_dev
 .sbss          0x00089d78        0xc ../tse_tutorial_bsp/\libhal_bsp.a(alt_main.o)
                0x00089d78                alt_argc
                0x00089d7c                alt_argv
                0x00089d80                alt_envp
 .sbss          0x00089d84        0x4 ../tse_tutorial_bsp/\libhal_bsp.a(alt_irq_vars.o)
                0x00089d84                alt_irq_active
 .sbss          0x00089d88        0x8 ../tse_tutorial_bsp/\libhal_bsp.a(alt_tick.o)
                0x00089d88                _alt_tick_rate
                0x00089d8c                _alt_nticks
 .sbss          0x00089d90        0x4 c:/altera/13.0/nios2eds/bin/gnu/h-i686-mingw32/bin/../lib/gcc/nios2-elf/4.1.2/../../../../nios2-elf/lib\libc.a(lib_a-int_errno.o)
                0x00089d90                errno
 .sbss          0x00089d94        0xc c:/altera/13.0/nios2eds/bin/gnu/h-i686-mingw32/bin/../lib/gcc/nios2-elf/4.1.2/../../../../nios2-elf/lib\libc.a(lib_a-mallocr.o)
                0x00089d94                __malloc_top_pad
                0x00089d98                __malloc_max_sbrked_mem
                0x00089d9c                __malloc_max_total_mem
 *(.sbss2 .sbss2.* .gnu.linkonce.sb2.*)
 *(.scommon)
                0x00089da0                PROVIDE (__sbss_end, ABSOLUTE (.))
                0x00089da0                PROVIDE (___sbss_end, ABSOLUTE (.))
 *(.dynbss)
 *(.bss .bss.* .gnu.linkonce.b.*)
 .bss           0x00089da0        0x0 ../tse_tutorial_bsp//obj/HAL/src/crt0.o
 .bss           0x00089da0      0x400 obj/default/hello_world.o
                0x00089da0                rx_frame
 .bss           0x0008a1a0        0x0 ../tse_tutorial_bsp/\libhal_bsp.a(alt_load.o)
 .bss           0x0008a1a0        0x0 ../tse_tutorial_bsp/\libhal_bsp.a(alt_main.o)
 .bss           0x0008a1a0        0x0 ../tse_tutorial_bsp/\libhal_bsp.a(alt_printf.o)
 .bss           0x0008a1a0        0x0 ../tse_tutorial_bsp/\libhal_bsp.a(alt_putchar.o)
 .bss           0x0008a1a0        0x0 ../tse_tutorial_bsp/\libhal_bsp.a(alt_sys_init.o)
 .bss           0x0008a1a0        0x0 ../tse_tutorial_bsp/\libhal_bsp.a(altera_avalon_jtag_uart_fd.o)
 .bss           0x0008a1a0        0x0 ../tse_tutorial_bsp/\libhal_bsp.a(altera_avalon_jtag_uart_init.o)
 .bss           0x0008a1a0        0x0 ../tse_tutorial_bsp/\libhal_bsp.a(altera_avalon_jtag_uart_ioctl.o)
 .bss           0x0008a1a0        0x0 ../tse_tutorial_bsp/\libhal_bsp.a(altera_avalon_jtag_uart_read.o)
 .bss           0x0008a1a0        0x0 ../tse_tutorial_bsp/\libhal_bsp.a(altera_avalon_jtag_uart_write.o)
 .bss           0x0008a1a0        0x0 ../tse_tutorial_bsp/\libhal_bsp.a(altera_avalon_sgdma.o)
 .bss           0x0008a1a0        0x0 ../tse_tutorial_bsp/\libhal_bsp.a(alt_alarm_start.o)
 .bss           0x0008a1a0        0x0 ../tse_tutorial_bsp/\libhal_bsp.a(alt_close.o)
 .bss           0x0008a1a0        0x0 ../tse_tutorial_bsp/\libhal_bsp.a(alt_dcache_flush_all.o)
 .bss           0x0008a1a0        0x0 ../tse_tutorial_bsp/\libhal_bsp.a(alt_dev.o)
 .bss           0x0008a1a0        0x0 ../tse_tutorial_bsp/\libhal_bsp.a(alt_dev_llist_insert.o)
 .bss           0x0008a1a0        0x0 ../tse_tutorial_bsp/\libhal_bsp.a(alt_do_ctors.o)
 .bss           0x0008a1a0        0x0 ../tse_tutorial_bsp/\libhal_bsp.a(alt_do_dtors.o)
 .bss           0x0008a1a0        0x0 ../tse_tutorial_bsp/\libhal_bsp.a(alt_errno.o)
 .bss           0x0008a1a0        0x0 ../tse_tutorial_bsp/\libhal_bsp.a(alt_find_dev.o)
 .bss           0x0008a1a0        0x0 ../tse_tutorial_bsp/\libhal_bsp.a(alt_icache_flush_all.o)
 .bss           0x0008a1a0        0x0 ../tse_tutorial_bsp/\libhal_bsp.a(alt_iic.o)
 .bss           0x0008a1a0        0x0 ../tse_tutorial_bsp/\libhal_bsp.a(alt_iic_isr_register.o)
 .bss           0x0008a1a0        0x0 ../tse_tutorial_bsp/\libhal_bsp.a(alt_io_redirect.o)
 .bss           0x0008a1a0        0x0 ../tse_tutorial_bsp/\libhal_bsp.a(alt_irq_entry.o)
 .bss           0x0008a1a0        0x0 ../tse_tutorial_bsp/\libhal_bsp.a(alt_irq_handler.o)
 .bss           0x0008a1a0        0x0 ../tse_tutorial_bsp/\libhal_bsp.a(alt_irq_vars.o)
 .bss           0x0008a1a0        0x0 ../tse_tutorial_bsp/\libhal_bsp.a(alt_open.o)
 .bss           0x0008a1a0        0x0 ../tse_tutorial_bsp/\libhal_bsp.a(alt_release_fd.o)
 .bss           0x0008a1a0        0x0 ../tse_tutorial_bsp/\libhal_bsp.a(alt_remap_uncached.o)
 .bss           0x0008a1a0        0x0 ../tse_tutorial_bsp/\libhal_bsp.a(alt_tick.o)
 .bss           0x0008a1a0        0x0 ../tse_tutorial_bsp/\libhal_bsp.a(altera_nios2_qsys_irq.o)
 .bss           0x0008a1a0        0x0 ../tse_tutorial_bsp/\libhal_bsp.a(alt_dcache_flush.o)
 .bss           0x0008a1a0        0x0 ../tse_tutorial_bsp/\libhal_bsp.a(alt_exception_entry.o)
 .bss           0x0008a1a0        0x0 ../tse_tutorial_bsp/\libhal_bsp.a(alt_find_file.o)
 .bss           0x0008a1a0        0x0 ../tse_tutorial_bsp/\libhal_bsp.a(alt_get_fd.o)
 .bss           0x0008a1a0        0x0 ../tse_tutorial_bsp/\libhal_bsp.a(alt_icache_flush.o)
 .bss           0x0008a1a0        0x0 c:/altera/13.0/nios2eds/bin/gnu/h-i686-mingw32/bin/../lib/gcc/nios2-elf/4.1.2/../../../../nios2-elf/lib\libc.a(lib_a-atexit.o)
 .bss           0x0008a1a0        0x0 c:/altera/13.0/nios2eds/bin/gnu/h-i686-mingw32/bin/../lib/gcc/nios2-elf/4.1.2/../../../../nios2-elf/lib\libc.a(lib_a-exit.o)
 .bss           0x0008a1a0        0x0 c:/altera/13.0/nios2eds/bin/gnu/h-i686-mingw32/bin/../lib/gcc/nios2-elf/4.1.2/../../../../nios2-elf/lib\libc.a(lib_a-impure.o)
 .bss           0x0008a1a0        0x0 c:/altera/13.0/nios2eds/bin/gnu/h-i686-mingw32/bin/../lib/gcc/nios2-elf/4.1.2/../../../../nios2-elf/lib\libc.a(lib_a-int_errno.o)
 .bss           0x0008a1a0        0x0 c:/altera/13.0/nios2eds/bin/gnu/h-i686-mingw32/bin/../lib/gcc/nios2-elf/4.1.2/../../../../nios2-elf/lib\libc.a(lib_a-memcmp.o)
 .bss           0x0008a1a0        0x0 c:/altera/13.0/nios2eds/bin/gnu/h-i686-mingw32/bin/../lib/gcc/nios2-elf/4.1.2/../../../../nios2-elf/lib\libc.a(lib_a-memcpy.o)
 .bss           0x0008a1a0        0x0 c:/altera/13.0/nios2eds/bin/gnu/h-i686-mingw32/bin/../lib/gcc/nios2-elf/4.1.2/../../../../nios2-elf/lib\libc.a(lib_a-putc.o)
 .bss           0x0008a1a0        0x0 c:/altera/13.0/nios2eds/bin/gnu/h-i686-mingw32/bin/../lib/gcc/nios2-elf/4.1.2/../../../../nios2-elf/lib\libc.a(lib_a-strlen.o)
 .bss           0x0008a1a0        0x0 c:/altera/13.0/nios2eds/bin/gnu/h-i686-mingw32/bin/../lib/gcc/nios2-elf/4.1.2/../../../../nios2-elf/lib\libc.a(lib_a-wbuf.o)
 .bss           0x0008a1a0        0x0 c:/altera/13.0/nios2eds/bin/gnu/h-i686-mingw32/bin/../lib/gcc/nios2-elf/4.1.2/../../../../nios2-elf/lib\libc.a(lib_a-wsetup.o)
 .bss           0x0008a1a0        0x0 c:/altera/13.0/nios2eds/bin/gnu/h-i686-mingw32/bin/../lib/gcc/nios2-elf/4.1.2/../../../../nios2-elf/lib\libc.a(lib_a-__atexit.o)
 .bss           0x0008a1a0        0x0 c:/altera/13.0/nios2eds/bin/gnu/h-i686-mingw32/bin/../lib/gcc/nios2-elf/4.1.2/../../../../nios2-elf/lib\libc.a(lib_a-__call_atexit.o)
 .bss           0x0008a1a0        0x0 c:/altera/13.0/nios2eds/bin/gnu/h-i686-mingw32/bin/../lib/gcc/nios2-elf/4.1.2/../../../../nios2-elf/lib\libc.a(lib_a-fflush.o)
 .bss           0x0008a1a0        0x0 c:/altera/13.0/nios2eds/bin/gnu/h-i686-mingw32/bin/../lib/gcc/nios2-elf/4.1.2/../../../../nios2-elf/lib\libc.a(lib_a-findfp.o)
 .bss           0x0008a1a0        0x0 c:/altera/13.0/nios2eds/bin/gnu/h-i686-mingw32/bin/../lib/gcc/nios2-elf/4.1.2/../../../../nios2-elf/lib\libc.a(lib_a-freer.o)
 .bss           0x0008a1a0        0x0 c:/altera/13.0/nios2eds/bin/gnu/h-i686-mingw32/bin/../lib/gcc/nios2-elf/4.1.2/../../../../nios2-elf/lib\libc.a(lib_a-fwalk.o)
 .bss           0x0008a1a0        0x0 c:/altera/13.0/nios2eds/bin/gnu/h-i686-mingw32/bin/../lib/gcc/nios2-elf/4.1.2/../../../../nios2-elf/lib\libc.a(lib_a-makebuf.o)
 .bss           0x0008a1a0       0x28 c:/altera/13.0/nios2eds/bin/gnu/h-i686-mingw32/bin/../lib/gcc/nios2-elf/4.1.2/../../../../nios2-elf/lib\libc.a(lib_a-mallocr.o)
                0x0008a1a0                __malloc_current_mallinfo
 .bss           0x0008a1c8        0x0 c:/altera/13.0/nios2eds/bin/gnu/h-i686-mingw32/bin/../lib/gcc/nios2-elf/4.1.2/../../../../nios2-elf/lib\libc.a(lib_a-memset.o)
 .bss           0x0008a1c8        0x0 c:/altera/13.0/nios2eds/bin/gnu/h-i686-mingw32/bin/../lib/gcc/nios2-elf/4.1.2/../../../../nios2-elf/lib\libc.a(lib_a-sbrkr.o)
 .bss           0x0008a1c8        0x0 c:/altera/13.0/nios2eds/bin/gnu/h-i686-mingw32/bin/../lib/gcc/nios2-elf/4.1.2/../../../../nios2-elf/lib\libc.a(lib_a-stdio.o)
 .bss           0x0008a1c8        0x0 c:/altera/13.0/nios2eds/bin/gnu/h-i686-mingw32/bin/../lib/gcc/nios2-elf/4.1.2/../../../../nios2-elf/lib\libc.a(lib_a-writer.o)
 .bss           0x0008a1c8        0x0 c:/altera/13.0/nios2eds/bin/gnu/h-i686-mingw32/bin/../lib/gcc/nios2-elf/4.1.2/../../../../nios2-elf/lib\libc.a(lib_a-closer.o)
 .bss           0x0008a1c8        0x0 c:/altera/13.0/nios2eds/bin/gnu/h-i686-mingw32/bin/../lib/gcc/nios2-elf/4.1.2/../../../../nios2-elf/lib\libc.a(lib_a-fclose.o)
 .bss           0x0008a1c8        0x0 c:/altera/13.0/nios2eds/bin/gnu/h-i686-mingw32/bin/../lib/gcc/nios2-elf/4.1.2/../../../../nios2-elf/lib\libc.a(lib_a-fstatr.o)
 .bss           0x0008a1c8        0x0 c:/altera/13.0/nios2eds/bin/gnu/h-i686-mingw32/bin/../lib/gcc/nios2-elf/4.1.2/../../../../nios2-elf/lib\libc.a(lib_a-isattyr.o)
 .bss           0x0008a1c8        0x0 c:/altera/13.0/nios2eds/bin/gnu/h-i686-mingw32/bin/../lib/gcc/nios2-elf/4.1.2/../../../../nios2-elf/lib\libc.a(lib_a-lseekr.o)
 .bss           0x0008a1c8        0x0 c:/altera/13.0/nios2eds/bin/gnu/h-i686-mingw32/bin/../lib/gcc/nios2-elf/4.1.2/../../../../nios2-elf/lib\libc.a(lib_a-readr.o)
 .bss           0x0008a1c8        0x0 ../tse_tutorial_bsp/\libhal_bsp.a(alt_exit.o)
 .bss           0x0008a1c8        0x0 ../tse_tutorial_bsp/\libhal_bsp.a(alt_fstat.o)
 .bss           0x0008a1c8        0x0 ../tse_tutorial_bsp/\libhal_bsp.a(alt_isatty.o)
 .bss           0x0008a1c8        0x0 ../tse_tutorial_bsp/\libhal_bsp.a(alt_lseek.o)
 .bss           0x0008a1c8        0x0 ../tse_tutorial_bsp/\libhal_bsp.a(alt_malloc_lock.o)
 .bss           0x0008a1c8        0x0 ../tse_tutorial_bsp/\libhal_bsp.a(alt_read.o)
 .bss           0x0008a1c8        0x0 ../tse_tutorial_bsp/\libhal_bsp.a(alt_sbrk.o)
 .bss           0x0008a1c8        0x0 ../tse_tutorial_bsp/\libhal_bsp.a(alt_write.o)
 *(COMMON)
 COMMON         0x0008a1c8      0x100 ../tse_tutorial_bsp/\libhal_bsp.a(alt_irq_handler.o)
                0x0008a1c8                alt_irq
 COMMON         0x0008a2c8      0x190 c:/altera/13.0/nios2eds/bin/gnu/h-i686-mingw32/bin/../lib/gcc/nios2-elf/4.1.2/../../../../nios2-elf/lib\libc.a(lib_a-atexit.o)
                0x0008a2c8                _atexit0
                0x0008a458                . = ALIGN (0x4)
                0x0008a458                __bss_end = ABSOLUTE (.)

.main_memory    0x0008a458        0x0
                0x0008a458                PROVIDE (_alt_partition_main_memory_start, ABSOLUTE (.))
 *(.main_memory. main_memory.*)
                0x0008a458                . = ALIGN (0x4)
                0x0008a458                PROVIDE (_alt_partition_main_memory_end, ABSOLUTE (.))
                0x0008a458                _end = ABSOLUTE (.)
                0x0008a458                end = ABSOLUTE (.)
                0x0008a458                __alt_stack_base = ABSOLUTE (.)
                0x0008a458                PROVIDE (_alt_partition_main_memory_load_addr, LOADADDR (.main_memory))

.descriptor_memory
                0x00100000       0x80 load address 0x0008a458
                0x00100000                PROVIDE (_alt_partition_descriptor_memory_start, ABSOLUTE (.))
 *(.descriptor_memory. descriptor_memory.*)
                0x00100000                . = ALIGN (0x4)
                0x00100000                PROVIDE (_alt_partition_descriptor_memory_end, ABSOLUTE (.))
 .descriptor_memory
                0x00100000       0x80 obj/default/hello_world.o
                0x00100000                tx_descriptor
                0x00100020                tx_descriptor_end
                0x00100040                rx_descriptor
                0x00100060                rx_descriptor_end
                0x0008a458                PROVIDE (_alt_partition_descriptor_memory_load_addr, LOADADDR (.descriptor_memory))

.stab
 *(.stab)

.stabstr
 *(.stabstr)

.stab.excl
 *(.stab.excl)

.stab.exclstr
 *(.stab.exclstr)

.stab.index
 *(.stab.index)

.stab.indexstr
 *(.stab.indexstr)

.comment        0x00000000       0x23
 *(.comment)
 .comment       0x00000000       0x23 obj/default/hello_world.o
                                 0x24 (size before relaxing)
 .comment       0x00000000       0x24 ../tse_tutorial_bsp/\libhal_bsp.a(alt_load.o)
 .comment       0x00000000       0x24 ../tse_tutorial_bsp/\libhal_bsp.a(alt_main.o)
 .comment       0x00000000       0x24 ../tse_tutorial_bsp/\libhal_bsp.a(alt_printf.o)
 .comment       0x00000000       0x24 ../tse_tutorial_bsp/\libhal_bsp.a(alt_putchar.o)
 .comment       0x00000000       0x24 ../tse_tutorial_bsp/\libhal_bsp.a(alt_sys_init.o)
 .comment       0x00000000       0x24 ../tse_tutorial_bsp/\libhal_bsp.a(altera_avalon_jtag_uart_fd.o)
 .comment       0x00000000       0x24 ../tse_tutorial_bsp/\libhal_bsp.a(altera_avalon_jtag_uart_init.o)
 .comment       0x00000000       0x24 ../tse_tutorial_bsp/\libhal_bsp.a(altera_avalon_jtag_uart_ioctl.o)
 .comment       0x00000000       0x24 ../tse_tutorial_bsp/\libhal_bsp.a(altera_avalon_jtag_uart_read.o)
 .comment       0x00000000       0x24 ../tse_tutorial_bsp/\libhal_bsp.a(altera_avalon_jtag_uart_write.o)
 .comment       0x00000000       0x24 ../tse_tutorial_bsp/\libhal_bsp.a(altera_avalon_sgdma.o)
 .comment       0x00000000       0x24 ../tse_tutorial_bsp/\libhal_bsp.a(alt_alarm_start.o)
 .comment       0x00000000       0x24 ../tse_tutorial_bsp/\libhal_bsp.a(alt_close.o)
 .comment       0x00000000       0x24 ../tse_tutorial_bsp/\libhal_bsp.a(alt_dcache_flush_all.o)
 .comment       0x00000000       0x24 ../tse_tutorial_bsp/\libhal_bsp.a(alt_dev.o)
 .comment       0x00000000       0x24 ../tse_tutorial_bsp/\libhal_bsp.a(alt_dev_llist_insert.o)
 .comment       0x00000000       0x24 ../tse_tutorial_bsp/\libhal_bsp.a(alt_do_ctors.o)
 .comment       0x00000000       0x24 ../tse_tutorial_bsp/\libhal_bsp.a(alt_do_dtors.o)
 .comment       0x00000000       0x24 ../tse_tutorial_bsp/\libhal_bsp.a(alt_errno.o)
 .comment       0x00000000       0x24 ../tse_tutorial_bsp/\libhal_bsp.a(alt_find_dev.o)
 .comment       0x00000000       0x24 ../tse_tutorial_bsp/\libhal_bsp.a(alt_icache_flush_all.o)
 .comment       0x00000000       0x24 ../tse_tutorial_bsp/\libhal_bsp.a(alt_iic.o)
 .comment       0x00000000       0x24 ../tse_tutorial_bsp/\libhal_bsp.a(alt_iic_isr_register.o)
 .comment       0x00000000       0x24 ../tse_tutorial_bsp/\libhal_bsp.a(alt_io_redirect.o)
 .comment       0x00000000       0x24 ../tse_tutorial_bsp/\libhal_bsp.a(alt_irq_handler.o)
 .comment       0x00000000       0x24 ../tse_tutorial_bsp/\libhal_bsp.a(alt_irq_vars.o)
 .comment       0x00000000       0x24 ../tse_tutorial_bsp/\libhal_bsp.a(alt_open.o)
 .comment       0x00000000       0x24 ../tse_tutorial_bsp/\libhal_bsp.a(alt_release_fd.o)
 .comment       0x00000000       0x24 ../tse_tutorial_bsp/\libhal_bsp.a(alt_remap_uncached.o)
 .comment       0x00000000       0x24 ../tse_tutorial_bsp/\libhal_bsp.a(alt_tick.o)
 .comment       0x00000000       0x24 ../tse_tutorial_bsp/\libhal_bsp.a(altera_nios2_qsys_irq.o)
 .comment       0x00000000       0x24 ../tse_tutorial_bsp/\libhal_bsp.a(alt_dcache_flush.o)
 .comment       0x00000000       0x24 ../tse_tutorial_bsp/\libhal_bsp.a(alt_find_file.o)
 .comment       0x00000000       0x24 ../tse_tutorial_bsp/\libhal_bsp.a(alt_get_fd.o)
 .comment       0x00000000       0x24 ../tse_tutorial_bsp/\libhal_bsp.a(alt_icache_flush.o)
 .comment       0x00000000       0x24 c:/altera/13.0/nios2eds/bin/gnu/h-i686-mingw32/bin/../lib/gcc/nios2-elf/4.1.2/../../../../nios2-elf/lib\libc.a(lib_a-atexit.o)
 .comment       0x00000000       0x24 c:/altera/13.0/nios2eds/bin/gnu/h-i686-mingw32/bin/../lib/gcc/nios2-elf/4.1.2/../../../../nios2-elf/lib\libc.a(lib_a-exit.o)
 .comment       0x00000000       0x24 c:/altera/13.0/nios2eds/bin/gnu/h-i686-mingw32/bin/../lib/gcc/nios2-elf/4.1.2/../../../../nios2-elf/lib\libc.a(lib_a-impure.o)
 .comment       0x00000000       0x24 c:/altera/13.0/nios2eds/bin/gnu/h-i686-mingw32/bin/../lib/gcc/nios2-elf/4.1.2/../../../../nios2-elf/lib\libc.a(lib_a-int_errno.o)
 .comment       0x00000000       0x24 c:/altera/13.0/nios2eds/bin/gnu/h-i686-mingw32/bin/../lib/gcc/nios2-elf/4.1.2/../../../../nios2-elf/lib\libc.a(lib_a-memcmp.o)
 .comment       0x00000000       0x24 c:/altera/13.0/nios2eds/bin/gnu/h-i686-mingw32/bin/../lib/gcc/nios2-elf/4.1.2/../../../../nios2-elf/lib\libc.a(lib_a-memcpy.o)
 .comment       0x00000000       0x24 c:/altera/13.0/nios2eds/bin/gnu/h-i686-mingw32/bin/../lib/gcc/nios2-elf/4.1.2/../../../../nios2-elf/lib\libc.a(lib_a-putc.o)
 .comment       0x00000000       0x24 c:/altera/13.0/nios2eds/bin/gnu/h-i686-mingw32/bin/../lib/gcc/nios2-elf/4.1.2/../../../../nios2-elf/lib\libc.a(lib_a-strlen.o)
 .comment       0x00000000       0x24 c:/altera/13.0/nios2eds/bin/gnu/h-i686-mingw32/bin/../lib/gcc/nios2-elf/4.1.2/../../../../nios2-elf/lib\libc.a(lib_a-wbuf.o)
 .comment       0x00000000       0x24 c:/altera/13.0/nios2eds/bin/gnu/h-i686-mingw32/bin/../lib/gcc/nios2-elf/4.1.2/../../../../nios2-elf/lib\libc.a(lib_a-wsetup.o)
 .comment       0x00000000       0x24 c:/altera/13.0/nios2eds/bin/gnu/h-i686-mingw32/bin/../lib/gcc/nios2-elf/4.1.2/../../../../nios2-elf/lib\libc.a(lib_a-__atexit.o)
 .comment       0x00000000       0x24 c:/altera/13.0/nios2eds/bin/gnu/h-i686-mingw32/bin/../lib/gcc/nios2-elf/4.1.2/../../../../nios2-elf/lib\libc.a(lib_a-__call_atexit.o)
 .comment       0x00000000       0x24 c:/altera/13.0/nios2eds/bin/gnu/h-i686-mingw32/bin/../lib/gcc/nios2-elf/4.1.2/../../../../nios2-elf/lib\libc.a(lib_a-fflush.o)
 .comment       0x00000000       0x24 c:/altera/13.0/nios2eds/bin/gnu/h-i686-mingw32/bin/../lib/gcc/nios2-elf/4.1.2/../../../../nios2-elf/lib\libc.a(lib_a-findfp.o)
 .comment       0x00000000       0x24 c:/altera/13.0/nios2eds/bin/gnu/h-i686-mingw32/bin/../lib/gcc/nios2-elf/4.1.2/../../../../nios2-elf/lib\libc.a(lib_a-freer.o)
 .comment       0x00000000       0x24 c:/altera/13.0/nios2eds/bin/gnu/h-i686-mingw32/bin/../lib/gcc/nios2-elf/4.1.2/../../../../nios2-elf/lib\libc.a(lib_a-fwalk.o)
 .comment       0x00000000       0x24 c:/altera/13.0/nios2eds/bin/gnu/h-i686-mingw32/bin/../lib/gcc/nios2-elf/4.1.2/../../../../nios2-elf/lib\libc.a(lib_a-makebuf.o)
 .comment       0x00000000       0x24 c:/altera/13.0/nios2eds/bin/gnu/h-i686-mingw32/bin/../lib/gcc/nios2-elf/4.1.2/../../../../nios2-elf/lib\libc.a(lib_a-mallocr.o)
 .comment       0x00000000       0x24 c:/altera/13.0/nios2eds/bin/gnu/h-i686-mingw32/bin/../lib/gcc/nios2-elf/4.1.2/../../../../nios2-elf/lib\libc.a(lib_a-memset.o)
 .comment       0x00000000       0x24 c:/altera/13.0/nios2eds/bin/gnu/h-i686-mingw32/bin/../lib/gcc/nios2-elf/4.1.2/../../../../nios2-elf/lib\libc.a(lib_a-sbrkr.o)
 .comment       0x00000000       0x24 c:/altera/13.0/nios2eds/bin/gnu/h-i686-mingw32/bin/../lib/gcc/nios2-elf/4.1.2/../../../../nios2-elf/lib\libc.a(lib_a-stdio.o)
 .comment       0x00000000       0x24 c:/altera/13.0/nios2eds/bin/gnu/h-i686-mingw32/bin/../lib/gcc/nios2-elf/4.1.2/../../../../nios2-elf/lib\libc.a(lib_a-writer.o)
 .comment       0x00000000       0x24 c:/altera/13.0/nios2eds/bin/gnu/h-i686-mingw32/bin/../lib/gcc/nios2-elf/4.1.2/../../../../nios2-elf/lib\libc.a(lib_a-closer.o)
 .comment       0x00000000       0x24 c:/altera/13.0/nios2eds/bin/gnu/h-i686-mingw32/bin/../lib/gcc/nios2-elf/4.1.2/../../../../nios2-elf/lib\libc.a(lib_a-fclose.o)
 .comment       0x00000000       0x24 c:/altera/13.0/nios2eds/bin/gnu/h-i686-mingw32/bin/../lib/gcc/nios2-elf/4.1.2/../../../../nios2-elf/lib\libc.a(lib_a-fstatr.o)
 .comment       0x00000000       0x24 c:/altera/13.0/nios2eds/bin/gnu/h-i686-mingw32/bin/../lib/gcc/nios2-elf/4.1.2/../../../../nios2-elf/lib\libc.a(lib_a-isattyr.o)
 .comment       0x00000000       0x24 c:/altera/13.0/nios2eds/bin/gnu/h-i686-mingw32/bin/../lib/gcc/nios2-elf/4.1.2/../../../../nios2-elf/lib\libc.a(lib_a-lseekr.o)
 .comment       0x00000000       0x24 c:/altera/13.0/nios2eds/bin/gnu/h-i686-mingw32/bin/../lib/gcc/nios2-elf/4.1.2/../../../../nios2-elf/lib\libc.a(lib_a-readr.o)
 .comment       0x00000000       0x24 ../tse_tutorial_bsp/\libhal_bsp.a(alt_exit.o)
 .comment       0x00000000       0x24 ../tse_tutorial_bsp/\libhal_bsp.a(alt_fstat.o)
 .comment       0x00000000       0x24 ../tse_tutorial_bsp/\libhal_bsp.a(alt_isatty.o)
 .comment       0x00000000       0x24 ../tse_tutorial_bsp/\libhal_bsp.a(alt_lseek.o)
 .comment       0x00000000       0x24 ../tse_tutorial_bsp/\libhal_bsp.a(alt_malloc_lock.o)
 .comment       0x00000000       0x24 ../tse_tutorial_bsp/\libhal_bsp.a(alt_read.o)
 .comment       0x00000000       0x24 ../tse_tutorial_bsp/\libhal_bsp.a(alt_sbrk.o)
 .comment       0x00000000       0x24 ../tse_tutorial_bsp/\libhal_bsp.a(alt_write.o)

.debug
 *(.debug)

.line
 *(.line)

.debug_srcinfo
 *(.debug_srcinfo)

.debug_sfnames
 *(.debug_sfnames)

.debug_aranges  0x00000000      0x918
 *(.debug_aranges)
 .debug_aranges
                0x00000000       0x28 ../tse_tutorial_bsp//obj/HAL/src/crt0.o
 .debug_aranges
                0x00000028       0x20 obj/default/hello_world.o
 .debug_aranges
                0x00000048       0x20 ../tse_tutorial_bsp/\libhal_bsp.a(alt_load.o)
 .debug_aranges
                0x00000068       0x20 ../tse_tutorial_bsp/\libhal_bsp.a(alt_main.o)
 .debug_aranges
                0x00000088       0x20 ../tse_tutorial_bsp/\libhal_bsp.a(alt_printf.o)
 .debug_aranges
                0x000000a8       0x20 ../tse_tutorial_bsp/\libhal_bsp.a(alt_putchar.o)
 .debug_aranges
                0x000000c8       0x20 ../tse_tutorial_bsp/\libhal_bsp.a(alt_sys_init.o)
 .debug_aranges
                0x000000e8       0x20 ../tse_tutorial_bsp/\libhal_bsp.a(altera_avalon_jtag_uart_fd.o)
 .debug_aranges
                0x00000108       0x20 ../tse_tutorial_bsp/\libhal_bsp.a(altera_avalon_jtag_uart_init.o)
 .debug_aranges
                0x00000128       0x20 ../tse_tutorial_bsp/\libhal_bsp.a(altera_avalon_jtag_uart_ioctl.o)
 .debug_aranges
                0x00000148       0x20 ../tse_tutorial_bsp/\libhal_bsp.a(altera_avalon_jtag_uart_read.o)
 .debug_aranges
                0x00000168       0x20 ../tse_tutorial_bsp/\libhal_bsp.a(altera_avalon_jtag_uart_write.o)
 .debug_aranges
                0x00000188       0x20 ../tse_tutorial_bsp/\libhal_bsp.a(altera_avalon_sgdma.o)
 .debug_aranges
                0x000001a8       0x20 ../tse_tutorial_bsp/\libhal_bsp.a(alt_alarm_start.o)
 .debug_aranges
                0x000001c8       0x20 ../tse_tutorial_bsp/\libhal_bsp.a(alt_close.o)
 .debug_aranges
                0x000001e8       0x20 ../tse_tutorial_bsp/\libhal_bsp.a(alt_dcache_flush_all.o)
 .debug_aranges
                0x00000208       0x20 ../tse_tutorial_bsp/\libhal_bsp.a(alt_dev.o)
 .debug_aranges
                0x00000228       0x20 ../tse_tutorial_bsp/\libhal_bsp.a(alt_dev_llist_insert.o)
 .debug_aranges
                0x00000248       0x20 ../tse_tutorial_bsp/\libhal_bsp.a(alt_do_ctors.o)
 .debug_aranges
                0x00000268       0x20 ../tse_tutorial_bsp/\libhal_bsp.a(alt_do_dtors.o)
 .debug_aranges
                0x00000288       0x20 ../tse_tutorial_bsp/\libhal_bsp.a(alt_find_dev.o)
 .debug_aranges
                0x000002a8       0x20 ../tse_tutorial_bsp/\libhal_bsp.a(alt_icache_flush_all.o)
 .debug_aranges
                0x000002c8       0x20 ../tse_tutorial_bsp/\libhal_bsp.a(alt_iic.o)
 .debug_aranges
                0x000002e8       0x20 ../tse_tutorial_bsp/\libhal_bsp.a(alt_iic_isr_register.o)
 .debug_aranges
                0x00000308       0x20 ../tse_tutorial_bsp/\libhal_bsp.a(alt_io_redirect.o)
 .debug_aranges
                0x00000328       0x30 ../tse_tutorial_bsp/\libhal_bsp.a(alt_irq_entry.o)
 .debug_aranges
                0x00000358       0x28 ../tse_tutorial_bsp/\libhal_bsp.a(alt_irq_handler.o)
 .debug_aranges
                0x00000380       0x20 ../tse_tutorial_bsp/\libhal_bsp.a(alt_open.o)
 .debug_aranges
                0x000003a0       0x20 ../tse_tutorial_bsp/\libhal_bsp.a(alt_release_fd.o)
 .debug_aranges
                0x000003c0       0x20 ../tse_tutorial_bsp/\libhal_bsp.a(alt_remap_uncached.o)
 .debug_aranges
                0x000003e0       0x20 ../tse_tutorial_bsp/\libhal_bsp.a(alt_tick.o)
 .debug_aranges
                0x00000400       0x20 ../tse_tutorial_bsp/\libhal_bsp.a(altera_nios2_qsys_irq.o)
 .debug_aranges
                0x00000420       0x20 ../tse_tutorial_bsp/\libhal_bsp.a(alt_dcache_flush.o)
 .debug_aranges
                0x00000440       0x38 ../tse_tutorial_bsp/\libhal_bsp.a(alt_exception_entry.o)
 .debug_aranges
                0x00000478       0x20 ../tse_tutorial_bsp/\libhal_bsp.a(alt_find_file.o)
 .debug_aranges
                0x00000498       0x20 ../tse_tutorial_bsp/\libhal_bsp.a(alt_get_fd.o)
 .debug_aranges
                0x000004b8       0x20 ../tse_tutorial_bsp/\libhal_bsp.a(alt_icache_flush.o)
 .debug_aranges
                0x000004d8       0x20 c:/altera/13.0/nios2eds/bin/gnu/h-i686-mingw32/bin/../lib/gcc/nios2-elf/4.1.2/../../../../nios2-elf/lib\libc.a(lib_a-atexit.o)
 .debug_aranges
                0x000004f8       0x20 c:/altera/13.0/nios2eds/bin/gnu/h-i686-mingw32/bin/../lib/gcc/nios2-elf/4.1.2/../../../../nios2-elf/lib\libc.a(lib_a-exit.o)
 .debug_aranges
                0x00000518       0x20 c:/altera/13.0/nios2eds/bin/gnu/h-i686-mingw32/bin/../lib/gcc/nios2-elf/4.1.2/../../../../nios2-elf/lib\libc.a(lib_a-memcmp.o)
 .debug_aranges
                0x00000538       0x20 c:/altera/13.0/nios2eds/bin/gnu/h-i686-mingw32/bin/../lib/gcc/nios2-elf/4.1.2/../../../../nios2-elf/lib\libc.a(lib_a-memcpy.o)
 .debug_aranges
                0x00000558       0x20 c:/altera/13.0/nios2eds/bin/gnu/h-i686-mingw32/bin/../lib/gcc/nios2-elf/4.1.2/../../../../nios2-elf/lib\libc.a(lib_a-putc.o)
 .debug_aranges
                0x00000578       0x20 c:/altera/13.0/nios2eds/bin/gnu/h-i686-mingw32/bin/../lib/gcc/nios2-elf/4.1.2/../../../../nios2-elf/lib\libc.a(lib_a-strlen.o)
 .debug_aranges
                0x00000598       0x20 c:/altera/13.0/nios2eds/bin/gnu/h-i686-mingw32/bin/../lib/gcc/nios2-elf/4.1.2/../../../../nios2-elf/lib\libc.a(lib_a-wbuf.o)
 .debug_aranges
                0x000005b8       0x20 c:/altera/13.0/nios2eds/bin/gnu/h-i686-mingw32/bin/../lib/gcc/nios2-elf/4.1.2/../../../../nios2-elf/lib\libc.a(lib_a-wsetup.o)
 .debug_aranges
                0x000005d8       0x20 c:/altera/13.0/nios2eds/bin/gnu/h-i686-mingw32/bin/../lib/gcc/nios2-elf/4.1.2/../../../../nios2-elf/lib\libc.a(lib_a-__atexit.o)
 .debug_aranges
                0x000005f8       0x20 c:/altera/13.0/nios2eds/bin/gnu/h-i686-mingw32/bin/../lib/gcc/nios2-elf/4.1.2/../../../../nios2-elf/lib\libc.a(lib_a-__call_atexit.o)
 .debug_aranges
                0x00000618       0x20 c:/altera/13.0/nios2eds/bin/gnu/h-i686-mingw32/bin/../lib/gcc/nios2-elf/4.1.2/../../../../nios2-elf/lib\libc.a(lib_a-fflush.o)
 .debug_aranges
                0x00000638       0x20 c:/altera/13.0/nios2eds/bin/gnu/h-i686-mingw32/bin/../lib/gcc/nios2-elf/4.1.2/../../../../nios2-elf/lib\libc.a(lib_a-findfp.o)
 .debug_aranges
                0x00000658       0x20 c:/altera/13.0/nios2eds/bin/gnu/h-i686-mingw32/bin/../lib/gcc/nios2-elf/4.1.2/../../../../nios2-elf/lib\libc.a(lib_a-freer.o)
 .debug_aranges
                0x00000678       0x20 c:/altera/13.0/nios2eds/bin/gnu/h-i686-mingw32/bin/../lib/gcc/nios2-elf/4.1.2/../../../../nios2-elf/lib\libc.a(lib_a-fwalk.o)
 .debug_aranges
                0x00000698       0x20 c:/altera/13.0/nios2eds/bin/gnu/h-i686-mingw32/bin/../lib/gcc/nios2-elf/4.1.2/../../../../nios2-elf/lib\libc.a(lib_a-makebuf.o)
 .debug_aranges
                0x000006b8       0x20 c:/altera/13.0/nios2eds/bin/gnu/h-i686-mingw32/bin/../lib/gcc/nios2-elf/4.1.2/../../../../nios2-elf/lib\libc.a(lib_a-mallocr.o)
 .debug_aranges
                0x000006d8       0x20 c:/altera/13.0/nios2eds/bin/gnu/h-i686-mingw32/bin/../lib/gcc/nios2-elf/4.1.2/../../../../nios2-elf/lib\libc.a(lib_a-memset.o)
 .debug_aranges
                0x000006f8       0x20 c:/altera/13.0/nios2eds/bin/gnu/h-i686-mingw32/bin/../lib/gcc/nios2-elf/4.1.2/../../../../nios2-elf/lib\libc.a(lib_a-sbrkr.o)
 .debug_aranges
                0x00000718       0x20 c:/altera/13.0/nios2eds/bin/gnu/h-i686-mingw32/bin/../lib/gcc/nios2-elf/4.1.2/../../../../nios2-elf/lib\libc.a(lib_a-stdio.o)
 .debug_aranges
                0x00000738       0x20 c:/altera/13.0/nios2eds/bin/gnu/h-i686-mingw32/bin/../lib/gcc/nios2-elf/4.1.2/../../../../nios2-elf/lib\libc.a(lib_a-writer.o)
 .debug_aranges
                0x00000758       0x20 c:/altera/13.0/nios2eds/bin/gnu/h-i686-mingw32/bin/../lib/gcc/nios2-elf/4.1.2/../../../../nios2-elf/lib\libc.a(lib_a-closer.o)
 .debug_aranges
                0x00000778       0x20 c:/altera/13.0/nios2eds/bin/gnu/h-i686-mingw32/bin/../lib/gcc/nios2-elf/4.1.2/../../../../nios2-elf/lib\libc.a(lib_a-fclose.o)
 .debug_aranges
                0x00000798       0x20 c:/altera/13.0/nios2eds/bin/gnu/h-i686-mingw32/bin/../lib/gcc/nios2-elf/4.1.2/../../../../nios2-elf/lib\libc.a(lib_a-fstatr.o)
 .debug_aranges
                0x000007b8       0x20 c:/altera/13.0/nios2eds/bin/gnu/h-i686-mingw32/bin/../lib/gcc/nios2-elf/4.1.2/../../../../nios2-elf/lib\libc.a(lib_a-isattyr.o)
 .debug_aranges
                0x000007d8       0x20 c:/altera/13.0/nios2eds/bin/gnu/h-i686-mingw32/bin/../lib/gcc/nios2-elf/4.1.2/../../../../nios2-elf/lib\libc.a(lib_a-lseekr.o)
 .debug_aranges
                0x000007f8       0x20 c:/altera/13.0/nios2eds/bin/gnu/h-i686-mingw32/bin/../lib/gcc/nios2-elf/4.1.2/../../../../nios2-elf/lib\libc.a(lib_a-readr.o)
 .debug_aranges
                0x00000818       0x20 ../tse_tutorial_bsp/\libhal_bsp.a(alt_exit.o)
 .debug_aranges
                0x00000838       0x20 ../tse_tutorial_bsp/\libhal_bsp.a(alt_fstat.o)
 .debug_aranges
                0x00000858       0x20 ../tse_tutorial_bsp/\libhal_bsp.a(alt_isatty.o)
 .debug_aranges
                0x00000878       0x20 ../tse_tutorial_bsp/\libhal_bsp.a(alt_lseek.o)
 .debug_aranges
                0x00000898       0x20 ../tse_tutorial_bsp/\libhal_bsp.a(alt_malloc_lock.o)
 .debug_aranges
                0x000008b8       0x20 ../tse_tutorial_bsp/\libhal_bsp.a(alt_read.o)
 .debug_aranges
                0x000008d8       0x20 ../tse_tutorial_bsp/\libhal_bsp.a(alt_sbrk.o)
 .debug_aranges
                0x000008f8       0x20 ../tse_tutorial_bsp/\libhal_bsp.a(alt_write.o)

.debug_pubnames
                0x00000000     0x1120
 *(.debug_pubnames)
 .debug_pubnames
                0x00000000       0xcb obj/default/hello_world.o
 .debug_pubnames
                0x000000cb       0x1f ../tse_tutorial_bsp/\libhal_bsp.a(alt_load.o)
 .debug_pubnames
                0x000000ea       0x46 ../tse_tutorial_bsp/\libhal_bsp.a(alt_main.o)
 .debug_pubnames
                0x00000130       0x21 ../tse_tutorial_bsp/\libhal_bsp.a(alt_printf.o)
 .debug_pubnames
                0x00000151       0x22 ../tse_tutorial_bsp/\libhal_bsp.a(alt_putchar.o)
 .debug_pubnames
                0x00000173       0x34 ../tse_tutorial_bsp/\libhal_bsp.a(alt_sys_init.o)
 .debug_pubnames
                0x000001a7       0xa5 ../tse_tutorial_bsp/\libhal_bsp.a(altera_avalon_jtag_uart_fd.o)
 .debug_pubnames
                0x0000024c       0x55 ../tse_tutorial_bsp/\libhal_bsp.a(altera_avalon_jtag_uart_init.o)
 .debug_pubnames
                0x000002a1       0x34 ../tse_tutorial_bsp/\libhal_bsp.a(altera_avalon_jtag_uart_ioctl.o)
 .debug_pubnames
                0x000002d5       0x33 ../tse_tutorial_bsp/\libhal_bsp.a(altera_avalon_jtag_uart_read.o)
 .debug_pubnames
                0x00000308       0x34 ../tse_tutorial_bsp/\libhal_bsp.a(altera_avalon_jtag_uart_write.o)
 .debug_pubnames
                0x0000033c      0x30e ../tse_tutorial_bsp/\libhal_bsp.a(altera_avalon_sgdma.o)
 .debug_pubnames
                0x0000064a       0x26 ../tse_tutorial_bsp/\libhal_bsp.a(alt_alarm_start.o)
 .debug_pubnames
                0x00000670       0x1c ../tse_tutorial_bsp/\libhal_bsp.a(alt_close.o)
 .debug_pubnames
                0x0000068c       0x2b ../tse_tutorial_bsp/\libhal_bsp.a(alt_dcache_flush_all.o)
 .debug_pubnames
                0x000006b7       0x63 ../tse_tutorial_bsp/\libhal_bsp.a(alt_dev.o)
 .debug_pubnames
                0x0000071a       0x2b ../tse_tutorial_bsp/\libhal_bsp.a(alt_dev_llist_insert.o)
 .debug_pubnames
                0x00000745       0x20 ../tse_tutorial_bsp/\libhal_bsp.a(alt_do_ctors.o)
 .debug_pubnames
                0x00000765       0x20 ../tse_tutorial_bsp/\libhal_bsp.a(alt_do_dtors.o)
 .debug_pubnames
                0x00000785       0x20 ../tse_tutorial_bsp/\libhal_bsp.a(alt_errno.o)
 .debug_pubnames
                0x000007a5       0x23 ../tse_tutorial_bsp/\libhal_bsp.a(alt_find_dev.o)
 .debug_pubnames
                0x000007c8       0x2b ../tse_tutorial_bsp/\libhal_bsp.a(alt_icache_flush_all.o)
 .debug_pubnames
                0x000007f3       0x6e ../tse_tutorial_bsp/\libhal_bsp.a(alt_iic.o)
 .debug_pubnames
                0x00000861       0x2b ../tse_tutorial_bsp/\libhal_bsp.a(alt_iic_isr_register.o)
 .debug_pubnames
                0x0000088c       0x26 ../tse_tutorial_bsp/\libhal_bsp.a(alt_io_redirect.o)
 .debug_pubnames
                0x000008b2       0x32 ../tse_tutorial_bsp/\libhal_bsp.a(alt_irq_handler.o)
 .debug_pubnames
                0x000008e4       0x3b ../tse_tutorial_bsp/\libhal_bsp.a(alt_irq_vars.o)
 .debug_pubnames
                0x0000091f       0x1b ../tse_tutorial_bsp/\libhal_bsp.a(alt_open.o)
 .debug_pubnames
                0x0000093a       0x25 ../tse_tutorial_bsp/\libhal_bsp.a(alt_release_fd.o)
 .debug_pubnames
                0x0000095f       0x29 ../tse_tutorial_bsp/\libhal_bsp.a(alt_remap_uncached.o)
 .debug_pubnames
                0x00000988       0x68 ../tse_tutorial_bsp/\libhal_bsp.a(alt_tick.o)
 .debug_pubnames
                0x000009f0       0x31 ../tse_tutorial_bsp/\libhal_bsp.a(altera_nios2_qsys_irq.o)
 .debug_pubnames
                0x00000a21       0x27 ../tse_tutorial_bsp/\libhal_bsp.a(alt_dcache_flush.o)
 .debug_pubnames
                0x00000a48       0x24 ../tse_tutorial_bsp/\libhal_bsp.a(alt_find_file.o)
 .debug_pubnames
                0x00000a6c       0x21 ../tse_tutorial_bsp/\libhal_bsp.a(alt_get_fd.o)
 .debug_pubnames
                0x00000a8d       0x27 ../tse_tutorial_bsp/\libhal_bsp.a(alt_icache_flush.o)
 .debug_pubnames
                0x00000ab4       0x2a c:/altera/13.0/nios2eds/bin/gnu/h-i686-mingw32/bin/../lib/gcc/nios2-elf/4.1.2/../../../../nios2-elf/lib\libc.a(lib_a-atexit.o)
 .debug_pubnames
                0x00000ade       0x1b c:/altera/13.0/nios2eds/bin/gnu/h-i686-mingw32/bin/../lib/gcc/nios2-elf/4.1.2/../../../../nios2-elf/lib\libc.a(lib_a-exit.o)
 .debug_pubnames
                0x00000af9       0x39 c:/altera/13.0/nios2eds/bin/gnu/h-i686-mingw32/bin/../lib/gcc/nios2-elf/4.1.2/../../../../nios2-elf/lib\libc.a(lib_a-impure.o)
 .debug_pubnames
                0x00000b32       0x1c c:/altera/13.0/nios2eds/bin/gnu/h-i686-mingw32/bin/../lib/gcc/nios2-elf/4.1.2/../../../../nios2-elf/lib\libc.a(lib_a-int_errno.o)
 .debug_pubnames
                0x00000b4e       0x1d c:/altera/13.0/nios2eds/bin/gnu/h-i686-mingw32/bin/../lib/gcc/nios2-elf/4.1.2/../../../../nios2-elf/lib\libc.a(lib_a-memcmp.o)
 .debug_pubnames
                0x00000b6b       0x1d c:/altera/13.0/nios2eds/bin/gnu/h-i686-mingw32/bin/../lib/gcc/nios2-elf/4.1.2/../../../../nios2-elf/lib\libc.a(lib_a-memcpy.o)
 .debug_pubnames
                0x00000b88       0x27 c:/altera/13.0/nios2eds/bin/gnu/h-i686-mingw32/bin/../lib/gcc/nios2-elf/4.1.2/../../../../nios2-elf/lib\libc.a(lib_a-putc.o)
 .debug_pubnames
                0x00000baf       0x1d c:/altera/13.0/nios2eds/bin/gnu/h-i686-mingw32/bin/../lib/gcc/nios2-elf/4.1.2/../../../../nios2-elf/lib\libc.a(lib_a-strlen.o)
 .debug_pubnames
                0x00000bcc       0x2c c:/altera/13.0/nios2eds/bin/gnu/h-i686-mingw32/bin/../lib/gcc/nios2-elf/4.1.2/../../../../nios2-elf/lib\libc.a(lib_a-wbuf.o)
 .debug_pubnames
                0x00000bf8       0x22 c:/altera/13.0/nios2eds/bin/gnu/h-i686-mingw32/bin/../lib/gcc/nios2-elf/4.1.2/../../../../nios2-elf/lib\libc.a(lib_a-wsetup.o)
 .debug_pubnames
                0x00000c1a       0x2a c:/altera/13.0/nios2eds/bin/gnu/h-i686-mingw32/bin/../lib/gcc/nios2-elf/4.1.2/../../../../nios2-elf/lib\libc.a(lib_a-__atexit.o)
 .debug_pubnames
                0x00000c44       0x27 c:/altera/13.0/nios2eds/bin/gnu/h-i686-mingw32/bin/../lib/gcc/nios2-elf/4.1.2/../../../../nios2-elf/lib\libc.a(lib_a-__call_atexit.o)
 .debug_pubnames
                0x00000c6b       0x2b c:/altera/13.0/nios2eds/bin/gnu/h-i686-mingw32/bin/../lib/gcc/nios2-elf/4.1.2/../../../../nios2-elf/lib\libc.a(lib_a-fflush.o)
 .debug_pubnames
                0x00000c96       0xdb c:/altera/13.0/nios2eds/bin/gnu/h-i686-mingw32/bin/../lib/gcc/nios2-elf/4.1.2/../../../../nios2-elf/lib\libc.a(lib_a-findfp.o)
 .debug_pubnames
                0x00000d71       0x31 c:/altera/13.0/nios2eds/bin/gnu/h-i686-mingw32/bin/../lib/gcc/nios2-elf/4.1.2/../../../../nios2-elf/lib\libc.a(lib_a-freer.o)
 .debug_pubnames
                0x00000da2       0x2e c:/altera/13.0/nios2eds/bin/gnu/h-i686-mingw32/bin/../lib/gcc/nios2-elf/4.1.2/../../../../nios2-elf/lib\libc.a(lib_a-fwalk.o)
 .debug_pubnames
                0x00000dd0       0x23 c:/altera/13.0/nios2eds/bin/gnu/h-i686-mingw32/bin/../lib/gcc/nios2-elf/4.1.2/../../../../nios2-elf/lib\libc.a(lib_a-makebuf.o)
 .debug_pubnames
                0x00000df3       0xce c:/altera/13.0/nios2eds/bin/gnu/h-i686-mingw32/bin/../lib/gcc/nios2-elf/4.1.2/../../../../nios2-elf/lib\libc.a(lib_a-mallocr.o)
 .debug_pubnames
                0x00000ec1       0x1d c:/altera/13.0/nios2eds/bin/gnu/h-i686-mingw32/bin/../lib/gcc/nios2-elf/4.1.2/../../../../nios2-elf/lib\libc.a(lib_a-memset.o)
 .debug_pubnames
                0x00000ede       0x1e c:/altera/13.0/nios2eds/bin/gnu/h-i686-mingw32/bin/../lib/gcc/nios2-elf/4.1.2/../../../../nios2-elf/lib\libc.a(lib_a-sbrkr.o)
 .debug_pubnames
                0x00000efc       0x44 c:/altera/13.0/nios2eds/bin/gnu/h-i686-mingw32/bin/../lib/gcc/nios2-elf/4.1.2/../../../../nios2-elf/lib\libc.a(lib_a-stdio.o)
 .debug_pubnames
                0x00000f40       0x1f c:/altera/13.0/nios2eds/bin/gnu/h-i686-mingw32/bin/../lib/gcc/nios2-elf/4.1.2/../../../../nios2-elf/lib\libc.a(lib_a-writer.o)
 .debug_pubnames
                0x00000f5f       0x1f c:/altera/13.0/nios2eds/bin/gnu/h-i686-mingw32/bin/../lib/gcc/nios2-elf/4.1.2/../../../../nios2-elf/lib\libc.a(lib_a-closer.o)
 .debug_pubnames
                0x00000f7e       0x2b c:/altera/13.0/nios2eds/bin/gnu/h-i686-mingw32/bin/../lib/gcc/nios2-elf/4.1.2/../../../../nios2-elf/lib\libc.a(lib_a-fclose.o)
 .debug_pubnames
                0x00000fa9       0x1f c:/altera/13.0/nios2eds/bin/gnu/h-i686-mingw32/bin/../lib/gcc/nios2-elf/4.1.2/../../../../nios2-elf/lib\libc.a(lib_a-fstatr.o)
 .debug_pubnames
                0x00000fc8       0x20 c:/altera/13.0/nios2eds/bin/gnu/h-i686-mingw32/bin/../lib/gcc/nios2-elf/4.1.2/../../../../nios2-elf/lib\libc.a(lib_a-isattyr.o)
 .debug_pubnames
                0x00000fe8       0x1f c:/altera/13.0/nios2eds/bin/gnu/h-i686-mingw32/bin/../lib/gcc/nios2-elf/4.1.2/../../../../nios2-elf/lib\libc.a(lib_a-lseekr.o)
 .debug_pubnames
                0x00001007       0x1e c:/altera/13.0/nios2eds/bin/gnu/h-i686-mingw32/bin/../lib/gcc/nios2-elf/4.1.2/../../../../nios2-elf/lib\libc.a(lib_a-readr.o)
 .debug_pubnames
                0x00001025       0x1c ../tse_tutorial_bsp/\libhal_bsp.a(alt_exit.o)
 .debug_pubnames
                0x00001041       0x1c ../tse_tutorial_bsp/\libhal_bsp.a(alt_fstat.o)
 .debug_pubnames
                0x0000105d       0x1d ../tse_tutorial_bsp/\libhal_bsp.a(alt_isatty.o)
 .debug_pubnames
                0x0000107a       0x1c ../tse_tutorial_bsp/\libhal_bsp.a(alt_lseek.o)
 .debug_pubnames
                0x00001096       0x38 ../tse_tutorial_bsp/\libhal_bsp.a(alt_malloc_lock.o)
 .debug_pubnames
                0x000010ce       0x1b ../tse_tutorial_bsp/\libhal_bsp.a(alt_read.o)
 .debug_pubnames
                0x000010e9       0x1b ../tse_tutorial_bsp/\libhal_bsp.a(alt_sbrk.o)
 .debug_pubnames
                0x00001104       0x1c ../tse_tutorial_bsp/\libhal_bsp.a(alt_write.o)

.debug_info     0x00000000    0x1a6d5
 *(.debug_info .gnu.linkonce.wi.*)
 .debug_info    0x00000000       0x5b ../tse_tutorial_bsp//obj/HAL/src/crt0.o
 .debug_info    0x0000005b      0x5c7 obj/default/hello_world.o
 .debug_info    0x00000622      0x26d ../tse_tutorial_bsp/\libhal_bsp.a(alt_load.o)
 .debug_info    0x0000088f      0x205 ../tse_tutorial_bsp/\libhal_bsp.a(alt_main.o)
 .debug_info    0x00000a94      0x188 ../tse_tutorial_bsp/\libhal_bsp.a(alt_printf.o)
 .debug_info    0x00000c1c      0xbdc ../tse_tutorial_bsp/\libhal_bsp.a(alt_putchar.o)
 .debug_info    0x000017f8      0x960 ../tse_tutorial_bsp/\libhal_bsp.a(alt_sys_init.o)
 .debug_info    0x00002158      0x7b9 ../tse_tutorial_bsp/\libhal_bsp.a(altera_avalon_jtag_uart_fd.o)
 .debug_info    0x00002911      0x5e1 ../tse_tutorial_bsp/\libhal_bsp.a(altera_avalon_jtag_uart_init.o)
 .debug_info    0x00002ef2      0x423 ../tse_tutorial_bsp/\libhal_bsp.a(altera_avalon_jtag_uart_ioctl.o)
 .debug_info    0x00003315      0x526 ../tse_tutorial_bsp/\libhal_bsp.a(altera_avalon_jtag_uart_read.o)
 .debug_info    0x0000383b      0x51e ../tse_tutorial_bsp/\libhal_bsp.a(altera_avalon_jtag_uart_write.o)
 .debug_info    0x00003d59      0xeff ../tse_tutorial_bsp/\libhal_bsp.a(altera_avalon_sgdma.o)
 .debug_info    0x00004c58      0x422 ../tse_tutorial_bsp/\libhal_bsp.a(alt_alarm_start.o)
 .debug_info    0x0000507a      0x447 ../tse_tutorial_bsp/\libhal_bsp.a(alt_close.o)
 .debug_info    0x000054c1      0x13c ../tse_tutorial_bsp/\libhal_bsp.a(alt_dcache_flush_all.o)
 .debug_info    0x000055fd      0x65f ../tse_tutorial_bsp/\libhal_bsp.a(alt_dev.o)
 .debug_info    0x00005c5c      0x297 ../tse_tutorial_bsp/\libhal_bsp.a(alt_dev_llist_insert.o)
 .debug_info    0x00005ef3       0xef ../tse_tutorial_bsp/\libhal_bsp.a(alt_do_ctors.o)
 .debug_info    0x00005fe2       0xee ../tse_tutorial_bsp/\libhal_bsp.a(alt_do_dtors.o)
 .debug_info    0x000060d0      0x144 ../tse_tutorial_bsp/\libhal_bsp.a(alt_errno.o)
 .debug_info    0x00006214      0x3f8 ../tse_tutorial_bsp/\libhal_bsp.a(alt_find_dev.o)
 .debug_info    0x0000660c      0x13c ../tse_tutorial_bsp/\libhal_bsp.a(alt_icache_flush_all.o)
 .debug_info    0x00006748      0x473 ../tse_tutorial_bsp/\libhal_bsp.a(alt_iic.o)
 .debug_info    0x00006bbb      0x2f4 ../tse_tutorial_bsp/\libhal_bsp.a(alt_iic_isr_register.o)
 .debug_info    0x00006eaf      0x675 ../tse_tutorial_bsp/\libhal_bsp.a(alt_io_redirect.o)
 .debug_info    0x00007524       0x64 ../tse_tutorial_bsp/\libhal_bsp.a(alt_irq_entry.o)
 .debug_info    0x00007588      0x255 ../tse_tutorial_bsp/\libhal_bsp.a(alt_irq_handler.o)
 .debug_info    0x000077dd      0x147 ../tse_tutorial_bsp/\libhal_bsp.a(alt_irq_vars.o)
 .debug_info    0x00007924      0x505 ../tse_tutorial_bsp/\libhal_bsp.a(alt_open.o)
 .debug_info    0x00007e29      0x3d2 ../tse_tutorial_bsp/\libhal_bsp.a(alt_release_fd.o)
 .debug_info    0x000081fb      0x175 ../tse_tutorial_bsp/\libhal_bsp.a(alt_remap_uncached.o)
 .debug_info    0x00008370      0x3de ../tse_tutorial_bsp/\libhal_bsp.a(alt_tick.o)
 .debug_info    0x0000874e      0x143 ../tse_tutorial_bsp/\libhal_bsp.a(altera_nios2_qsys_irq.o)
 .debug_info    0x00008891      0x164 ../tse_tutorial_bsp/\libhal_bsp.a(alt_dcache_flush.o)
 .debug_info    0x000089f5       0x6a ../tse_tutorial_bsp/\libhal_bsp.a(alt_exception_entry.o)
 .debug_info    0x00008a5f      0x3ff ../tse_tutorial_bsp/\libhal_bsp.a(alt_find_file.o)
 .debug_info    0x00008e5e      0x440 ../tse_tutorial_bsp/\libhal_bsp.a(alt_get_fd.o)
 .debug_info    0x0000929e      0x184 ../tse_tutorial_bsp/\libhal_bsp.a(alt_icache_flush.o)
 .debug_info    0x00009422      0x181 c:/altera/13.0/nios2eds/bin/gnu/h-i686-mingw32/bin/../lib/gcc/nios2-elf/4.1.2/../../../../nios2-elf/lib\libc.a(lib_a-atexit.o)
 .debug_info    0x000095a3      0x93f c:/altera/13.0/nios2eds/bin/gnu/h-i686-mingw32/bin/../lib/gcc/nios2-elf/4.1.2/../../../../nios2-elf/lib\libc.a(lib_a-exit.o)
 .debug_info    0x00009ee2      0x93d c:/altera/13.0/nios2eds/bin/gnu/h-i686-mingw32/bin/../lib/gcc/nios2-elf/4.1.2/../../../../nios2-elf/lib\libc.a(lib_a-impure.o)
 .debug_info    0x0000a81f       0x8c c:/altera/13.0/nios2eds/bin/gnu/h-i686-mingw32/bin/../lib/gcc/nios2-elf/4.1.2/../../../../nios2-elf/lib\libc.a(lib_a-int_errno.o)
 .debug_info    0x0000a8ab      0x115 c:/altera/13.0/nios2eds/bin/gnu/h-i686-mingw32/bin/../lib/gcc/nios2-elf/4.1.2/../../../../nios2-elf/lib\libc.a(lib_a-memcmp.o)
 .debug_info    0x0000a9c0      0x106 c:/altera/13.0/nios2eds/bin/gnu/h-i686-mingw32/bin/../lib/gcc/nios2-elf/4.1.2/../../../../nios2-elf/lib\libc.a(lib_a-memcpy.o)
 .debug_info    0x0000aac6      0x9c1 c:/altera/13.0/nios2eds/bin/gnu/h-i686-mingw32/bin/../lib/gcc/nios2-elf/4.1.2/../../../../nios2-elf/lib\libc.a(lib_a-putc.o)
 .debug_info    0x0000b487       0xdb c:/altera/13.0/nios2eds/bin/gnu/h-i686-mingw32/bin/../lib/gcc/nios2-elf/4.1.2/../../../../nios2-elf/lib\libc.a(lib_a-strlen.o)
 .debug_info    0x0000b562      0x9ae c:/altera/13.0/nios2eds/bin/gnu/h-i686-mingw32/bin/../lib/gcc/nios2-elf/4.1.2/../../../../nios2-elf/lib\libc.a(lib_a-wbuf.o)
 .debug_info    0x0000bf10      0x95d c:/altera/13.0/nios2eds/bin/gnu/h-i686-mingw32/bin/../lib/gcc/nios2-elf/4.1.2/../../../../nios2-elf/lib\libc.a(lib_a-wsetup.o)
 .debug_info    0x0000c86d      0x99c c:/altera/13.0/nios2eds/bin/gnu/h-i686-mingw32/bin/../lib/gcc/nios2-elf/4.1.2/../../../../nios2-elf/lib\libc.a(lib_a-__atexit.o)
 .debug_info    0x0000d209      0x9e2 c:/altera/13.0/nios2eds/bin/gnu/h-i686-mingw32/bin/../lib/gcc/nios2-elf/4.1.2/../../../../nios2-elf/lib\libc.a(lib_a-__call_atexit.o)
 .debug_info    0x0000dbeb      0x9fe c:/altera/13.0/nios2eds/bin/gnu/h-i686-mingw32/bin/../lib/gcc/nios2-elf/4.1.2/../../../../nios2-elf/lib\libc.a(lib_a-fflush.o)
 .debug_info    0x0000e5e9      0xb72 c:/altera/13.0/nios2eds/bin/gnu/h-i686-mingw32/bin/../lib/gcc/nios2-elf/4.1.2/../../../../nios2-elf/lib\libc.a(lib_a-findfp.o)
 .debug_info    0x0000f15b      0xbc9 c:/altera/13.0/nios2eds/bin/gnu/h-i686-mingw32/bin/../lib/gcc/nios2-elf/4.1.2/../../../../nios2-elf/lib\libc.a(lib_a-freer.o)
 .debug_info    0x0000fd24      0xaed c:/altera/13.0/nios2eds/bin/gnu/h-i686-mingw32/bin/../lib/gcc/nios2-elf/4.1.2/../../../../nios2-elf/lib\libc.a(lib_a-fwalk.o)
 .debug_info    0x00010811      0xb1a c:/altera/13.0/nios2eds/bin/gnu/h-i686-mingw32/bin/../lib/gcc/nios2-elf/4.1.2/../../../../nios2-elf/lib\libc.a(lib_a-makebuf.o)
 .debug_info    0x0001132b      0xcd0 c:/altera/13.0/nios2eds/bin/gnu/h-i686-mingw32/bin/../lib/gcc/nios2-elf/4.1.2/../../../../nios2-elf/lib\libc.a(lib_a-mallocr.o)
 .debug_info    0x00011ffb      0x113 c:/altera/13.0/nios2eds/bin/gnu/h-i686-mingw32/bin/../lib/gcc/nios2-elf/4.1.2/../../../../nios2-elf/lib\libc.a(lib_a-memset.o)
 .debug_info    0x0001210e      0x962 c:/altera/13.0/nios2eds/bin/gnu/h-i686-mingw32/bin/../lib/gcc/nios2-elf/4.1.2/../../../../nios2-elf/lib\libc.a(lib_a-sbrkr.o)
 .debug_info    0x00012a70      0xaac c:/altera/13.0/nios2eds/bin/gnu/h-i686-mingw32/bin/../lib/gcc/nios2-elf/4.1.2/../../../../nios2-elf/lib\libc.a(lib_a-stdio.o)
 .debug_info    0x0001351c      0x993 c:/altera/13.0/nios2eds/bin/gnu/h-i686-mingw32/bin/../lib/gcc/nios2-elf/4.1.2/../../../../nios2-elf/lib\libc.a(lib_a-writer.o)
 .debug_info    0x00013eaf      0x958 c:/altera/13.0/nios2eds/bin/gnu/h-i686-mingw32/bin/../lib/gcc/nios2-elf/4.1.2/../../../../nios2-elf/lib\libc.a(lib_a-closer.o)
 .debug_info    0x00014807      0x994 c:/altera/13.0/nios2eds/bin/gnu/h-i686-mingw32/bin/../lib/gcc/nios2-elf/4.1.2/../../../../nios2-elf/lib\libc.a(lib_a-fclose.o)
 .debug_info    0x0001519b      0xafc c:/altera/13.0/nios2eds/bin/gnu/h-i686-mingw32/bin/../lib/gcc/nios2-elf/4.1.2/../../../../nios2-elf/lib\libc.a(lib_a-fstatr.o)
 .debug_info    0x00015c97      0x958 c:/altera/13.0/nios2eds/bin/gnu/h-i686-mingw32/bin/../lib/gcc/nios2-elf/4.1.2/../../../../nios2-elf/lib\libc.a(lib_a-isattyr.o)
 .debug_info    0x000165ef      0x981 c:/altera/13.0/nios2eds/bin/gnu/h-i686-mingw32/bin/../lib/gcc/nios2-elf/4.1.2/../../../../nios2-elf/lib\libc.a(lib_a-lseekr.o)
 .debug_info    0x00016f70      0x98c c:/altera/13.0/nios2eds/bin/gnu/h-i686-mingw32/bin/../lib/gcc/nios2-elf/4.1.2/../../../../nios2-elf/lib\libc.a(lib_a-readr.o)
 .debug_info    0x000178fc      0x16d ../tse_tutorial_bsp/\libhal_bsp.a(alt_exit.o)
 .debug_info    0x00017a69      0x640 ../tse_tutorial_bsp/\libhal_bsp.a(alt_fstat.o)
 .debug_info    0x000180a9      0x646 ../tse_tutorial_bsp/\libhal_bsp.a(alt_isatty.o)
 .debug_info    0x000186ef      0x47a ../tse_tutorial_bsp/\libhal_bsp.a(alt_lseek.o)
 .debug_info    0x00018b69      0xbf8 ../tse_tutorial_bsp/\libhal_bsp.a(alt_malloc_lock.o)
 .debug_info    0x00019761      0x66a ../tse_tutorial_bsp/\libhal_bsp.a(alt_read.o)
 .debug_info    0x00019dcb      0x297 ../tse_tutorial_bsp/\libhal_bsp.a(alt_sbrk.o)
 .debug_info    0x0001a062      0x673 ../tse_tutorial_bsp/\libhal_bsp.a(alt_write.o)

.debug_abbrev   0x00000000     0x50b6
 *(.debug_abbrev)
 .debug_abbrev  0x00000000       0x12 ../tse_tutorial_bsp//obj/HAL/src/crt0.o
 .debug_abbrev  0x00000012      0x12e obj/default/hello_world.o
 .debug_abbrev  0x00000140       0x88 ../tse_tutorial_bsp/\libhal_bsp.a(alt_load.o)
 .debug_abbrev  0x000001c8       0xb7 ../tse_tutorial_bsp/\libhal_bsp.a(alt_main.o)
 .debug_abbrev  0x0000027f       0x91 ../tse_tutorial_bsp/\libhal_bsp.a(alt_printf.o)
 .debug_abbrev  0x00000310      0x17f ../tse_tutorial_bsp/\libhal_bsp.a(alt_putchar.o)
 .debug_abbrev  0x0000048f      0x183 ../tse_tutorial_bsp/\libhal_bsp.a(alt_sys_init.o)
 .debug_abbrev  0x00000612       0xf7 ../tse_tutorial_bsp/\libhal_bsp.a(altera_avalon_jtag_uart_fd.o)
 .debug_abbrev  0x00000709      0x17c ../tse_tutorial_bsp/\libhal_bsp.a(altera_avalon_jtag_uart_init.o)
 .debug_abbrev  0x00000885       0xf0 ../tse_tutorial_bsp/\libhal_bsp.a(altera_avalon_jtag_uart_ioctl.o)
 .debug_abbrev  0x00000975      0x191 ../tse_tutorial_bsp/\libhal_bsp.a(altera_avalon_jtag_uart_read.o)
 .debug_abbrev  0x00000b06      0x18d ../tse_tutorial_bsp/\libhal_bsp.a(altera_avalon_jtag_uart_write.o)
 .debug_abbrev  0x00000c93      0x23a ../tse_tutorial_bsp/\libhal_bsp.a(altera_avalon_sgdma.o)
 .debug_abbrev  0x00000ecd      0x172 ../tse_tutorial_bsp/\libhal_bsp.a(alt_alarm_start.o)
 .debug_abbrev  0x0000103f       0xfb ../tse_tutorial_bsp/\libhal_bsp.a(alt_close.o)
 .debug_abbrev  0x0000113a       0x3f ../tse_tutorial_bsp/\libhal_bsp.a(alt_dcache_flush_all.o)
 .debug_abbrev  0x00001179       0xc7 ../tse_tutorial_bsp/\libhal_bsp.a(alt_dev.o)
 .debug_abbrev  0x00001240       0xf6 ../tse_tutorial_bsp/\libhal_bsp.a(alt_dev_llist_insert.o)
 .debug_abbrev  0x00001336       0x76 ../tse_tutorial_bsp/\libhal_bsp.a(alt_do_ctors.o)
 .debug_abbrev  0x000013ac       0x76 ../tse_tutorial_bsp/\libhal_bsp.a(alt_do_dtors.o)
 .debug_abbrev  0x00001422       0x5e ../tse_tutorial_bsp/\libhal_bsp.a(alt_errno.o)
 .debug_abbrev  0x00001480       0xcf ../tse_tutorial_bsp/\libhal_bsp.a(alt_find_dev.o)
 .debug_abbrev  0x0000154f       0x3f ../tse_tutorial_bsp/\libhal_bsp.a(alt_icache_flush_all.o)
 .debug_abbrev  0x0000158e      0x134 ../tse_tutorial_bsp/\libhal_bsp.a(alt_iic.o)
 .debug_abbrev  0x000016c2      0x14e ../tse_tutorial_bsp/\libhal_bsp.a(alt_iic_isr_register.o)
 .debug_abbrev  0x00001810       0xf0 ../tse_tutorial_bsp/\libhal_bsp.a(alt_io_redirect.o)
 .debug_abbrev  0x00001900       0x12 ../tse_tutorial_bsp/\libhal_bsp.a(alt_irq_entry.o)
 .debug_abbrev  0x00001912      0x10c ../tse_tutorial_bsp/\libhal_bsp.a(alt_irq_handler.o)
 .debug_abbrev  0x00001a1e       0x44 ../tse_tutorial_bsp/\libhal_bsp.a(alt_irq_vars.o)
 .debug_abbrev  0x00001a62      0x112 ../tse_tutorial_bsp/\libhal_bsp.a(alt_open.o)
 .debug_abbrev  0x00001b74       0xc1 ../tse_tutorial_bsp/\libhal_bsp.a(alt_release_fd.o)
 .debug_abbrev  0x00001c35       0x74 ../tse_tutorial_bsp/\libhal_bsp.a(alt_remap_uncached.o)
 .debug_abbrev  0x00001ca9      0x150 ../tse_tutorial_bsp/\libhal_bsp.a(alt_tick.o)
 .debug_abbrev  0x00001df9       0x3f ../tse_tutorial_bsp/\libhal_bsp.a(altera_nios2_qsys_irq.o)
 .debug_abbrev  0x00001e38       0x62 ../tse_tutorial_bsp/\libhal_bsp.a(alt_dcache_flush.o)
 .debug_abbrev  0x00001e9a       0x12 ../tse_tutorial_bsp/\libhal_bsp.a(alt_exception_entry.o)
 .debug_abbrev  0x00001eac       0xcf ../tse_tutorial_bsp/\libhal_bsp.a(alt_find_file.o)
 .debug_abbrev  0x00001f7b       0xfb ../tse_tutorial_bsp/\libhal_bsp.a(alt_get_fd.o)
 .debug_abbrev  0x00002076       0x7a ../tse_tutorial_bsp/\libhal_bsp.a(alt_icache_flush.o)
 .debug_abbrev  0x000020f0       0xb7 c:/altera/13.0/nios2eds/bin/gnu/h-i686-mingw32/bin/../lib/gcc/nios2-elf/4.1.2/../../../../nios2-elf/lib\libc.a(lib_a-atexit.o)
 .debug_abbrev  0x000021a7      0x16e c:/altera/13.0/nios2eds/bin/gnu/h-i686-mingw32/bin/../lib/gcc/nios2-elf/4.1.2/../../../../nios2-elf/lib\libc.a(lib_a-exit.o)
 .debug_abbrev  0x00002315      0x157 c:/altera/13.0/nios2eds/bin/gnu/h-i686-mingw32/bin/../lib/gcc/nios2-elf/4.1.2/../../../../nios2-elf/lib\libc.a(lib_a-impure.o)
 .debug_abbrev  0x0000246c       0x3b c:/altera/13.0/nios2eds/bin/gnu/h-i686-mingw32/bin/../lib/gcc/nios2-elf/4.1.2/../../../../nios2-elf/lib\libc.a(lib_a-int_errno.o)
 .debug_abbrev  0x000024a7       0x7c c:/altera/13.0/nios2eds/bin/gnu/h-i686-mingw32/bin/../lib/gcc/nios2-elf/4.1.2/../../../../nios2-elf/lib\libc.a(lib_a-memcmp.o)
 .debug_abbrev  0x00002523       0xb5 c:/altera/13.0/nios2eds/bin/gnu/h-i686-mingw32/bin/../lib/gcc/nios2-elf/4.1.2/../../../../nios2-elf/lib\libc.a(lib_a-memcpy.o)
 .debug_abbrev  0x000025d8      0x17f c:/altera/13.0/nios2eds/bin/gnu/h-i686-mingw32/bin/../lib/gcc/nios2-elf/4.1.2/../../../../nios2-elf/lib\libc.a(lib_a-putc.o)
 .debug_abbrev  0x00002757       0x8b c:/altera/13.0/nios2eds/bin/gnu/h-i686-mingw32/bin/../lib/gcc/nios2-elf/4.1.2/../../../../nios2-elf/lib\libc.a(lib_a-strlen.o)
 .debug_abbrev  0x000027e2      0x198 c:/altera/13.0/nios2eds/bin/gnu/h-i686-mingw32/bin/../lib/gcc/nios2-elf/4.1.2/../../../../nios2-elf/lib\libc.a(lib_a-wbuf.o)
 .debug_abbrev  0x0000297a      0x170 c:/altera/13.0/nios2eds/bin/gnu/h-i686-mingw32/bin/../lib/gcc/nios2-elf/4.1.2/../../../../nios2-elf/lib\libc.a(lib_a-wsetup.o)
 .debug_abbrev  0x00002aea      0x1ae c:/altera/13.0/nios2eds/bin/gnu/h-i686-mingw32/bin/../lib/gcc/nios2-elf/4.1.2/../../../../nios2-elf/lib\libc.a(lib_a-__atexit.o)
 .debug_abbrev  0x00002c98      0x1de c:/altera/13.0/nios2eds/bin/gnu/h-i686-mingw32/bin/../lib/gcc/nios2-elf/4.1.2/../../../../nios2-elf/lib\libc.a(lib_a-__call_atexit.o)
 .debug_abbrev  0x00002e76      0x1c6 c:/altera/13.0/nios2eds/bin/gnu/h-i686-mingw32/bin/../lib/gcc/nios2-elf/4.1.2/../../../../nios2-elf/lib\libc.a(lib_a-fflush.o)
 .debug_abbrev  0x0000303c      0x24c c:/altera/13.0/nios2eds/bin/gnu/h-i686-mingw32/bin/../lib/gcc/nios2-elf/4.1.2/../../../../nios2-elf/lib\libc.a(lib_a-findfp.o)
 .debug_abbrev  0x00003288      0x1d9 c:/altera/13.0/nios2eds/bin/gnu/h-i686-mingw32/bin/../lib/gcc/nios2-elf/4.1.2/../../../../nios2-elf/lib\libc.a(lib_a-freer.o)
 .debug_abbrev  0x00003461      0x1e3 c:/altera/13.0/nios2eds/bin/gnu/h-i686-mingw32/bin/../lib/gcc/nios2-elf/4.1.2/../../../../nios2-elf/lib\libc.a(lib_a-fwalk.o)
 .debug_abbrev  0x00003644      0x197 c:/altera/13.0/nios2eds/bin/gnu/h-i686-mingw32/bin/../lib/gcc/nios2-elf/4.1.2/../../../../nios2-elf/lib\libc.a(lib_a-makebuf.o)
 .debug_abbrev  0x000037db      0x216 c:/altera/13.0/nios2eds/bin/gnu/h-i686-mingw32/bin/../lib/gcc/nios2-elf/4.1.2/../../../../nios2-elf/lib\libc.a(lib_a-mallocr.o)
 .debug_abbrev  0x000039f1       0xb8 c:/altera/13.0/nios2eds/bin/gnu/h-i686-mingw32/bin/../lib/gcc/nios2-elf/4.1.2/../../../../nios2-elf/lib\libc.a(lib_a-memset.o)
 .debug_abbrev  0x00003aa9      0x18c c:/altera/13.0/nios2eds/bin/gnu/h-i686-mingw32/bin/../lib/gcc/nios2-elf/4.1.2/../../../../nios2-elf/lib\libc.a(lib_a-sbrkr.o)
 .debug_abbrev  0x00003c35      0x1c9 c:/altera/13.0/nios2eds/bin/gnu/h-i686-mingw32/bin/../lib/gcc/nios2-elf/4.1.2/../../../../nios2-elf/lib\libc.a(lib_a-stdio.o)
 .debug_abbrev  0x00003dfe      0x184 c:/altera/13.0/nios2eds/bin/gnu/h-i686-mingw32/bin/../lib/gcc/nios2-elf/4.1.2/../../../../nios2-elf/lib\libc.a(lib_a-writer.o)
 .debug_abbrev  0x00003f82      0x17f c:/altera/13.0/nios2eds/bin/gnu/h-i686-mingw32/bin/../lib/gcc/nios2-elf/4.1.2/../../../../nios2-elf/lib\libc.a(lib_a-closer.o)
 .debug_abbrev  0x00004101      0x1a7 c:/altera/13.0/nios2eds/bin/gnu/h-i686-mingw32/bin/../lib/gcc/nios2-elf/4.1.2/../../../../nios2-elf/lib\libc.a(lib_a-fclose.o)
 .debug_abbrev  0x000042a8      0x18e c:/altera/13.0/nios2eds/bin/gnu/h-i686-mingw32/bin/../lib/gcc/nios2-elf/4.1.2/../../../../nios2-elf/lib\libc.a(lib_a-fstatr.o)
 .debug_abbrev  0x00004436      0x17f c:/altera/13.0/nios2eds/bin/gnu/h-i686-mingw32/bin/../lib/gcc/nios2-elf/4.1.2/../../../../nios2-elf/lib\libc.a(lib_a-isattyr.o)
 .debug_abbrev  0x000045b5      0x18e c:/altera/13.0/nios2eds/bin/gnu/h-i686-mingw32/bin/../lib/gcc/nios2-elf/4.1.2/../../../../nios2-elf/lib\libc.a(lib_a-lseekr.o)
 .debug_abbrev  0x00004743      0x17f c:/altera/13.0/nios2eds/bin/gnu/h-i686-mingw32/bin/../lib/gcc/nios2-elf/4.1.2/../../../../nios2-elf/lib\libc.a(lib_a-readr.o)
 .debug_abbrev  0x000048c2       0x72 ../tse_tutorial_bsp/\libhal_bsp.a(alt_exit.o)
 .debug_abbrev  0x00004934       0xfb ../tse_tutorial_bsp/\libhal_bsp.a(alt_fstat.o)
 .debug_abbrev  0x00004a2f       0xfb ../tse_tutorial_bsp/\libhal_bsp.a(alt_isatty.o)
 .debug_abbrev  0x00004b2a       0xfb ../tse_tutorial_bsp/\libhal_bsp.a(alt_lseek.o)
 .debug_abbrev  0x00004c25      0x181 ../tse_tutorial_bsp/\libhal_bsp.a(alt_malloc_lock.o)
 .debug_abbrev  0x00004da6       0xfb ../tse_tutorial_bsp/\libhal_bsp.a(alt_read.o)
 .debug_abbrev  0x00004ea1      0x115 ../tse_tutorial_bsp/\libhal_bsp.a(alt_sbrk.o)
 .debug_abbrev  0x00004fb6      0x100 ../tse_tutorial_bsp/\libhal_bsp.a(alt_write.o)

.debug_line     0x00000000     0xc4ac
 *(.debug_line)
 .debug_line    0x00000000       0x6c ../tse_tutorial_bsp//obj/HAL/src/crt0.o
 .debug_line    0x0000006c      0x3eb obj/default/hello_world.o
 .debug_line    0x00000457      0x211 ../tse_tutorial_bsp/\libhal_bsp.a(alt_load.o)
 .debug_line    0x00000668      0x2c4 ../tse_tutorial_bsp/\libhal_bsp.a(alt_main.o)
 .debug_line    0x0000092c      0x1d7 ../tse_tutorial_bsp/\libhal_bsp.a(alt_printf.o)
 .debug_line    0x00000b03      0x1c4 ../tse_tutorial_bsp/\libhal_bsp.a(alt_putchar.o)
 .debug_line    0x00000cc7      0x2ed ../tse_tutorial_bsp/\libhal_bsp.a(alt_sys_init.o)
 .debug_line    0x00000fb4      0x214 ../tse_tutorial_bsp/\libhal_bsp.a(altera_avalon_jtag_uart_fd.o)
 .debug_line    0x000011c8      0x4a5 ../tse_tutorial_bsp/\libhal_bsp.a(altera_avalon_jtag_uart_init.o)
 .debug_line    0x0000166d      0x311 ../tse_tutorial_bsp/\libhal_bsp.a(altera_avalon_jtag_uart_ioctl.o)
 .debug_line    0x0000197e      0x3f1 ../tse_tutorial_bsp/\libhal_bsp.a(altera_avalon_jtag_uart_read.o)